Component: ARM Compiler 5.06 update 6 (build 750) Tool: armlink [4d35ed]

==============================================================================

Section Cross References

    startup_stm32f103xb.o(RESET) refers to startup_stm32f103xb.o(STACK) for __initial_sp
    startup_stm32f103xb.o(RESET) refers to startup_stm32f103xb.o(.text) for Reset_Handler
    startup_stm32f103xb.o(RESET) refers to stm32f1xx_it.o(i.NMI_Handler) for NMI_Handler
    startup_stm32f103xb.o(RESET) refers to stm32f1xx_it.o(i.HardFault_Handler) for HardFault_Handler
    startup_stm32f103xb.o(RESET) refers to stm32f1xx_it.o(i.MemManage_Handler) for MemManage_Handler
    startup_stm32f103xb.o(RESET) refers to stm32f1xx_it.o(i.BusFault_Handler) for BusFault_Handler
    startup_stm32f103xb.o(RESET) refers to stm32f1xx_it.o(i.UsageFault_Handler) for UsageFault_Handler
    startup_stm32f103xb.o(RESET) refers to stm32f1xx_it.o(i.SVC_Handler) for SVC_Handler
    startup_stm32f103xb.o(RESET) refers to stm32f1xx_it.o(i.DebugMon_Handler) for DebugMon_Handler
    startup_stm32f103xb.o(RESET) refers to stm32f1xx_it.o(i.PendSV_Handler) for PendSV_Handler
    startup_stm32f103xb.o(RESET) refers to stm32f1xx_it.o(i.SysTick_Handler) for SysTick_Handler
    startup_stm32f103xb.o(RESET) refers to stm32f1xx_it.o(i.EXTI0_IRQHandler) for EXTI0_IRQHandler
    startup_stm32f103xb.o(RESET) refers to stm32f1xx_it.o(i.SPI2_IRQHandler) for SPI2_IRQHandler
    startup_stm32f103xb.o(RESET) refers to stm32f1xx_it.o(i.USART1_IRQHandler) for USART1_IRQHandler
    startup_stm32f103xb.o(.text) refers to system_stm32f1xx.o(i.SystemInit) for SystemInit
    startup_stm32f103xb.o(.text) refers to entry.o(.ARM.Collect$$$$00000000) for __main
    vl53l0x_api.o(i.VL53L0X_CheckAndLoadInterruptSettings) refers to vl53l0x_api.o(i.VL53L0X_GetInterruptThresholds) for VL53L0X_GetInterruptThresholds
    vl53l0x_api.o(i.VL53L0X_CheckAndLoadInterruptSettings) refers to vl53l0x_api_core.o(i.VL53L0X_load_tuning_settings) for VL53L0X_load_tuning_settings
    vl53l0x_api.o(i.VL53L0X_CheckAndLoadInterruptSettings) refers to vl53l0x_platform.o(i.VL53L0X_WrByte) for VL53L0X_WrByte
    vl53l0x_api.o(i.VL53L0X_CheckAndLoadInterruptSettings) refers to vl53l0x_api.o(.data) for .data
    vl53l0x_api.o(i.VL53L0X_ClearInterruptMask) refers to vl53l0x_platform.o(i.VL53L0X_WrByte) for VL53L0X_WrByte
    vl53l0x_api.o(i.VL53L0X_ClearInterruptMask) refers to vl53l0x_platform.o(i.VL53L0X_RdByte) for VL53L0X_RdByte
    vl53l0x_api.o(i.VL53L0X_DataInit) refers to vl53l0x_platform.o(i.VL53L0X_WrByte) for VL53L0X_WrByte
    vl53l0x_api.o(i.VL53L0X_DataInit) refers to vl53l0x_api.o(i.VL53L0X_GetDeviceParameters) for VL53L0X_GetDeviceParameters
    vl53l0x_api.o(i.VL53L0X_DataInit) refers to memcpya.o(.text) for __aeabi_memcpy4
    vl53l0x_api.o(i.VL53L0X_DataInit) refers to vl53l0x_platform.o(i.VL53L0X_RdByte) for VL53L0X_RdByte
    vl53l0x_api.o(i.VL53L0X_DataInit) refers to vl53l0x_api.o(i.VL53L0X_SetLimitCheckEnable) for VL53L0X_SetLimitCheckEnable
    vl53l0x_api.o(i.VL53L0X_DataInit) refers to vl53l0x_api.o(i.VL53L0X_SetLimitCheckValue) for VL53L0X_SetLimitCheckValue
    vl53l0x_api.o(i.VL53L0X_GetDeviceErrorStatus) refers to vl53l0x_platform.o(i.VL53L0X_RdByte) for VL53L0X_RdByte
    vl53l0x_api.o(i.VL53L0X_GetDeviceErrorString) refers to vl53l0x_api_strings.o(i.VL53L0X_get_device_error_string) for VL53L0X_get_device_error_string
    vl53l0x_api.o(i.VL53L0X_GetDeviceInfo) refers to vl53l0x_api_strings.o(i.VL53L0X_get_device_info) for VL53L0X_get_device_info
    vl53l0x_api.o(i.VL53L0X_GetDeviceParameters) refers to vl53l0x_api.o(i.VL53L0X_GetInterMeasurementPeriodMilliSeconds) for VL53L0X_GetInterMeasurementPeriodMilliSeconds
    vl53l0x_api.o(i.VL53L0X_GetDeviceParameters) refers to vl53l0x_api.o(i.VL53L0X_GetXTalkCompensationRateMegaCps) for VL53L0X_GetXTalkCompensationRateMegaCps
    vl53l0x_api.o(i.VL53L0X_GetDeviceParameters) refers to vl53l0x_api.o(i.VL53L0X_GetOffsetCalibrationDataMicroMeter) for VL53L0X_GetOffsetCalibrationDataMicroMeter
    vl53l0x_api.o(i.VL53L0X_GetDeviceParameters) refers to vl53l0x_api.o(i.VL53L0X_GetLimitCheckValue) for VL53L0X_GetLimitCheckValue
    vl53l0x_api.o(i.VL53L0X_GetDeviceParameters) refers to vl53l0x_api.o(i.VL53L0X_GetLimitCheckEnable) for VL53L0X_GetLimitCheckEnable
    vl53l0x_api.o(i.VL53L0X_GetDeviceParameters) refers to vl53l0x_api.o(i.VL53L0X_GetWrapAroundCheckEnable) for VL53L0X_GetWrapAroundCheckEnable
    vl53l0x_api.o(i.VL53L0X_GetDeviceParameters) refers to vl53l0x_api.o(i.VL53L0X_GetMeasurementTimingBudgetMicroSeconds) for VL53L0X_GetMeasurementTimingBudgetMicroSeconds
    vl53l0x_api.o(i.VL53L0X_GetFractionEnable) refers to vl53l0x_platform.o(i.VL53L0X_RdByte) for VL53L0X_RdByte
    vl53l0x_api.o(i.VL53L0X_GetGpioConfig) refers to vl53l0x_platform.o(i.VL53L0X_RdByte) for VL53L0X_RdByte
    vl53l0x_api.o(i.VL53L0X_GetInterMeasurementPeriodMilliSeconds) refers to vl53l0x_platform.o(i.VL53L0X_RdWord) for VL53L0X_RdWord
[...]
    i.DebugMon_Handler                       0x08000204   Section        0  stm32f1xx_it.o(i.DebugMon_Handler)
    i.EXTI0_IRQHandler                       0x08000206   Section        0  stm32f1xx_it.o(i.EXTI0_IRQHandler)
    i.HAL_DMA_Abort_IT                       0x0800020c   Section        0  stm32f1xx_hal_dma.o(i.HAL_DMA_Abort_IT)
    i.HAL_Delay                              0x080002a4   Section        0  stm32f1xx_hal.o(i.HAL_Delay)
    i.HAL_GPIO_EXTI_Callback                 0x080002c8   Section        0  stm32f1xx_hal_gpio.o(i.HAL_GPIO_EXTI_Callback)
    i.HAL_GPIO_EXTI_IRQHandler               0x080002cc   Section        0  stm32f1xx_hal_gpio.o(i.HAL_GPIO_EXTI_IRQHandler)
    i.HAL_GPIO_Init                          0x080002e4   Section        0  stm32f1xx_hal_gpio.o(i.HAL_GPIO_Init)
    i.HAL_GPIO_ReadPin                       0x080004a0   Section        0  stm32f1xx_hal_gpio.o(i.HAL_GPIO_ReadPin)
    i.HAL_GPIO_WritePin                      0x080004aa   Section        0  stm32f1xx_hal_gpio.o(i.HAL_GPIO_WritePin)
    i.HAL_GetTick                            0x080004b4   Section        0  stm32f1xx_hal.o(i.HAL_GetTick)
    i.HAL_I2C_Init                           0x080004c0   Section        0  stm32f1xx_hal_i2c.o(i.HAL_I2C_Init)
    i.HAL_I2C_Master_Receive                 0x08000600   Section        0  stm32f1xx_hal_i2c.o(i.HAL_I2C_Master_Receive)
    i.HAL_I2C_Master_Transmit                0x08000810   Section        0  stm32f1xx_hal_i2c.o(i.HAL_I2C_Master_Transmit)
    i.HAL_I2C_MspInit                        0x08000948   Section        0  stm32f1xx_hal_msp.o(i.HAL_I2C_MspInit)
    i.HAL_IncTick                            0x080009a4   Section        0  stm32f1xx_hal.o(i.HAL_IncTick)
    i.HAL_Init                               0x080009b4   Section        0  stm32f1xx_hal.o(i.HAL_Init)
    i.HAL_InitTick                           0x080009d8   Section        0  stm32f1xx_hal.o(i.HAL_InitTick)
    i.HAL_MspInit                            0x08000a18   Section        0  stm32f1xx_hal_msp.o(i.HAL_MspInit)
    i.HAL_NVIC_DisableIRQ                    0x08000a54   Section        0  stm32f1xx_hal_cortex.o(i.HAL_NVIC_DisableIRQ)
    i.HAL_NVIC_EnableIRQ                     0x08000a6a   Section        0  stm32f1xx_hal_cortex.o(i.HAL_NVIC_EnableIRQ)
    i.HAL_NVIC_SetPriority                   0x08000a80   Section        0  stm32f1xx_hal_cortex.o(i.HAL_NVIC_SetPriority)
    i.HAL_NVIC_SetPriorityGrouping           0x08000ac0   Section        0  stm32f1xx_hal_cortex.o(i.HAL_NVIC_SetPriorityGrouping)
    i.HAL_PWR_EnableWakeUpPin                0x08000ae4   Section        0  stm32f1xx_hal_pwr.o(i.HAL_PWR_EnableWakeUpPin)
    i.HAL_PWR_EnterSTANDBYMode               0x08000b00   Section        0  stm32f1xx_hal_pwr.o(i.HAL_PWR_EnterSTANDBYMode)
    i.HAL_RCC_ClockConfig                    0x08000b20   Section        0  stm32f1xx_hal_rcc.o(i.HAL_RCC_ClockConfig)
    i.HAL_RCC_GetPCLK1Freq                   0x08000c8c   Section        0  stm32f1xx_hal_rcc.o(i.HAL_RCC_GetPCLK1Freq)
    i.HAL_RCC_GetPCLK2Freq                   0x08000cac   Section        0  stm32f1xx_hal_rcc.o(i.HAL_RCC_GetPCLK2Freq)
    i.HAL_RCC_GetSysClockFreq                0x08000ccc   Section        0  stm32f1xx_hal_rcc.o(i.HAL_RCC_GetSysClockFreq)
    i.HAL_RCC_OscConfig                      0x08000d40   Section        0  stm32f1xx_hal_rcc.o(i.HAL_RCC_OscConfig)
    i.HAL_SPI_ErrorCallback                  0x08001044   Section        0  stm32f1xx_hal_spi.o(i.HAL_SPI_ErrorCallback)
    i.HAL_SPI_IRQHandler                     0x08001048   Section        0  stm32f1xx_hal_spi.o(i.HAL_SPI_IRQHandler)
    i.HAL_SPI_Init                           0x0800110c   Section        0  stm32f1xx_hal_spi_ex.o(i.HAL_SPI_Init)
    i.HAL_SPI_MspInit                        0x08001190   Section        0  stm32f1xx_hal_msp.o(i.HAL_SPI_MspInit)
    i.HAL_SPI_TransmitReceive                0x08001214   Section        0  stm32f1xx_hal_spi.o(i.HAL_SPI_TransmitReceive)
    i.HAL_SYSTICK_Config                     0x080013ec   Section        0  stm32f1xx_hal_cortex.o(i.HAL_SYSTICK_Config)
    i.HAL_TIMEx_MasterConfigSynchronization  0x08001414   Section        0  stm32f1xx_hal_tim_ex.o(i.HAL_TIMEx_MasterConfigSynchronization)
    i.HAL_TIM_Base_Init                      0x08001464   Section        0  stm32f1xx_hal_tim.o(i.HAL_TIM_Base_Init)
    i.HAL_TIM_Base_MspInit                   0x0800149c   Section        0  stm32f1xx_hal_msp.o(i.HAL_TIM_Base_MspInit)
    i.HAL_TIM_ConfigClockSource              0x080014c4   Section        0  stm32f1xx_hal_tim.o(i.HAL_TIM_ConfigClockSource)
    i.HAL_TIM_PWM_Start                      0x080015b8   Section        0  stm32f1xx_hal_tim.o(i.HAL_TIM_PWM_Start)
    i.HAL_UART_ErrorCallback                 0x080015e8   Section        0  stm32f1xx_hal_uart.o(i.HAL_UART_ErrorCallback)
    i.HAL_UART_IRQHandler                    0x080015ec   Section        0  stm32f1xx_hal_uart.o(i.HAL_UART_IRQHandler)
    i.HAL_UART_Init                          0x080016fc   Section        0  stm32f1xx_hal_uart.o(i.HAL_UART_Init)
    i.HAL_UART_MspInit                       0x08001760   Section        0  stm32f1xx_hal_msp.o(i.HAL_UART_MspInit)
    i.HAL_UART_RxCpltCallback                0x080017e0   Section        0  stm32f1xx_hal_uart.o(i.HAL_UART_RxCpltCallback)
    i.HAL_UART_Transmit                      0x080017e2   Section        0  stm32f1xx_hal_uart.o(i.HAL_UART_Transmit)
    i.HAL_UART_TxCpltCallback                0x0800189c   Section        0  stm32f1xx_hal_uart.o(i.HAL_UART_TxCpltCallback)
    i.HardFault_Handler                      0x0800189e   Section        0  stm32f1xx_it.o(i.HardFault_Handler)
    i.I2C_IsAcknowledgeFailed                0x080018a0   Section        0  stm32f1xx_hal_i2c.o(i.I2C_IsAcknowledgeFailed)
    I2C_IsAcknowledgeFailed                  0x080018a1   Thumb Code    40  stm32f1xx_hal_i2c.o(i.I2C_IsAcknowledgeFailed)
    i.I2C_MasterRequestRead                  0x080018c8   Section        0  stm32f1xx_hal_i2c.o(i.I2C_MasterRequestRead)
    I2C_MasterRequestRead                    0x080018c9   Thumb Code   222  stm32f1xx_hal_i2c.o(i.I2C_MasterRequestRead)
    i.I2C_MasterRequestWrite                 0x080019a8   Section        0  stm32f1xx_hal_i2c.o(i.I2C_MasterRequestWrite)
    I2C_MasterRequestWrite                   0x080019a9   Thumb Code   142  stm32f1xx_hal_i2c.o(i.I2C_MasterRequestWrite)
    i.I2C_WaitOnBTFFlagUntilTimeout          0x08001a3c   Section        0  stm32f1xx_hal_i2c.o(i.I2C_WaitOnBTFFlagUntilTimeout)
    I2C_WaitOnBTFFlagUntilTimeout            0x08001a3d   Thumb Code    78  stm32f1xx_hal_i2c.o(i.I2C_WaitOnBTFFlagUntilTimeout)
    i.I2C_WaitOnFlagUntilTimeout             0x08001a8a   Section        0  stm32f1xx_hal_i2c.o(i.I2C_WaitOnFlagUntilTimeout)
    I2C_WaitOnFlagUntilTimeout               0x08001a8b   Thumb Code    96  stm32f1xx_hal_i2c.o(i.I2C_WaitOnFlagUntilTimeout)
    i.I2C_WaitOnMasterAddressFlagUntilTimeout 0x08001aec   Section        0  stm32f1xx_hal_i2c.o(i.I2C_WaitOnMasterAddressFlagUntilTimeout)
    I2C_WaitOnMasterAddressFlagUntilTimeout  0x08001aed   Thumb Code   136  stm32f1xx_hal_i2c.o(i.I2C_WaitOnMasterAddressFlagUntilTimeout)
    i.I2C_WaitOnRXNEFlagUntilTimeout         0x08001b74   Section        0  stm32f1xx_hal_i2c.o(i.I2C_WaitOnRXNEFlagUntilTimeout)
    I2C_WaitOnRXNEFlagUntilTimeout           0x08001b75   Thumb Code    98  stm32f1xx_hal_i2c.o(i.I2C_WaitOnRXNEFlagUntilTimeout)
    i.I2C_WaitOnTXEFlagUntilTimeout          0x08001bd6   Section        0  stm32f1xx_hal_i2c.o(i.I2C_WaitOnTXEFlagUntilTimeout)
    I2C_WaitOnTXEFlagUntilTimeout            0x08001bd7   Thumb Code    78  stm32f1xx_hal_i2c.o(i.I2C_WaitOnTXEFlagUntilTimeout)
    i.MX_GPIO_Init                           0x08001c24   Section        0  main.o(i.MX_GPIO_Init)
    MX_GPIO_Init                             0x08001c25   Thumb Code   192  main.o(i.MX_GPIO_Init)
    i.MX_SPI2_Init                           0x08001cf4   Section        0  main.o(i.MX_SPI2_Init)
    MX_SPI2_Init                             0x08001cf5   Thumb Code    44  main.o(i.MX_SPI2_Init)
    i.MX_TIM3_Init                           0x08001d28   Section        0  main.o(i.MX_TIM3_Init)
    MX_TIM3_Init                             0x08001d29   Thumb Code    68  main.o(i.MX_TIM3_Init)
    i.MemManage_Handler                      0x08001d74   Section        0  stm32f1xx_it.o(i.MemManage_Handler)
    i.NMI_Handler                            0x08001d76   Section        0  stm32f1xx_it.o(i.NMI_Handler)
    i.NVIC_SetPriority                       0x08001d78   Section        0  stm32f1xx_hal_cortex.o(i.NVIC_SetPriority)
    NVIC_SetPriority                         0x08001d79   Thumb Code    32  stm32f1xx_hal_cortex.o(i.NVIC_SetPriority)
    i.PendSV_Handler                         0x08001d98   Section        0  stm32f1xx_it.o(i.PendSV_Handler)
    i.SPI2_IRQHandler                        0x08001d9c   Section        0  stm32f1xx_it.o(i.SPI2_IRQHandler)
    i.SPI_CheckFlag_BSY                      0x08001da8   Section        0  stm32f1xx_hal_spi.o(i.SPI_CheckFlag_BSY)
    SPI_CheckFlag_BSY                        0x08001da9   Thumb Code    32  stm32f1xx_hal_spi.o(i.SPI_CheckFlag_BSY)
    i.SPI_DMAAbortOnError                    0x08001dc8   Section        0  stm32f1xx_hal_spi.o(i.SPI_DMAAbortOnError)
    SPI_DMAAbortOnError                      0x08001dc9   Thumb Code    16  stm32f1xx_hal_spi.o(i.SPI_DMAAbortOnError)
    i.SPI_WaitFlagStateUntilTimeout          0x08001dd8   Section        0  stm32f1xx_hal_spi.o(i.SPI_WaitFlagStateUntilTimeout)
    SPI_WaitFlagStateUntilTimeout            0x08001dd9   Thumb Code   150  stm32f1xx_hal_spi.o(i.SPI_WaitFlagStateUntilTimeout)
    i.SVC_Handler                            0x08001e6e   Section        0  stm32f1xx_it.o(i.SVC_Handler)
    i.SysTick_Handler                        0x08001e70   Section        0  stm32f1xx_it.o(i.SysTick_Handler)
    i.SystemClock_Config                     0x08001fe8   Section        0  main.o(i.SystemClock_Config)
    i.SystemInit                             0x08002030   Section        0  system_stm32f1xx.o(i.SystemInit)
    i.TIM_Base_SetConfig                     0x08002078   Section        0  stm32f1xx_hal_tim.o(i.TIM_Base_SetConfig)
    i.TIM_CCxChannelCmd                      0x080020e4   Section        0  stm32f1xx_hal_tim.o(i.TIM_CCxChannelCmd)
    i.TIM_ETR_SetConfig                      0x080020fa   Section        0  stm32f1xx_hal_tim.o(i.TIM_ETR_SetConfig)
    TIM_ETR_SetConfig                        0x080020fb   Thumb Code    20  stm32f1xx_hal_tim.o(i.TIM_ETR_SetConfig)
    i.TIM_ITRx_SetConfig                     0x0800210e   Section        0  stm32f1xx_hal_tim.o(i.TIM_ITRx_SetConfig)
    TIM_ITRx_SetConfig                       0x0800210f   Thumb Code    16  stm32f1xx_hal_tim.o(i.TIM_ITRx_SetConfig)
    i.TIM_TI1_ConfigInputStage               0x0800211e   Section        0  stm32f1xx_hal_tim.o(i.TIM_TI1_ConfigInputStage)
    TIM_TI1_ConfigInputStage                 0x0800211f   Thumb Code    34  stm32f1xx_hal_tim.o(i.TIM_TI1_ConfigInputStage)
    i.TIM_TI2_ConfigInputStage               0x08002140   Section        0  stm32f1xx_hal_tim.o(i.TIM_TI2_ConfigInputStage)
    TIM_TI2_ConfigInputStage                 0x08002141   Thumb Code    36  stm32f1xx_hal_tim.o(i.TIM_TI2_ConfigInputStage)
    i.TransmitComand                         0x08002164   Section        0  main.o(i.TransmitComand)
    i.UART_DMAAbortOnError                   0x08002210   Section        0  stm32f1xx_hal_uart.o(i.UART_DMAAbortOnError)
    UART_DMAAbortOnError                     0x08002211   Thumb Code    16  stm32f1xx_hal_uart.o(i.UART_DMAAbortOnError)
    i.UART_EndRxTransfer                     0x08002220   Section        0  stm32f1xx_hal_uart.o(i.UART_EndRxTransfer)
    UART_EndRxTransfer                       0x08002221   Thumb Code    28  stm32f1xx_hal_uart.o(i.UART_EndRxTransfer)
    i.UART_Receive_IT                        0x0800223c   Section        0  stm32f1xx_hal_uart.o(i.UART_Receive_IT)
    UART_Receive_IT                          0x0800223d   Thumb Code   150  stm32f1xx_hal_uart.o(i.UART_Receive_IT)
    i.UART_SetConfig                         0x080022d4   Section        0  stm32f1xx_hal_uart.o(i.UART_SetConfig)
    UART_SetConfig                           0x080022d5   Thumb Code   364  stm32f1xx_hal_uart.o(i.UART_SetConfig)
    i.UART_Transmit_IT                       0x08002444   Section        0  stm32f1xx_hal_uart.o(i.UART_Transmit_IT)
    UART_Transmit_IT                         0x08002445   Thumb Code    98  stm32f1xx_hal_uart.o(i.UART_Transmit_IT)
    i.UART_WaitOnFlagUntilTimeout            0x080024a6   Section        0  stm32f1xx_hal_uart.o(i.UART_WaitOnFlagUntilTimeout)
    UART_WaitOnFlagUntilTimeout              0x080024a7   Thumb Code   100  stm32f1xx_hal_uart.o(i.UART_WaitOnFlagUntilTimeout)
    i.USART1_IRQHandler                      0x0800250c   Section        0  stm32f1xx_it.o(i.USART1_IRQHandler)
    i.UsageFault_Handler                     0x08002518   Section        0  stm32f1xx_it.o(i.UsageFault_Handler)
    i.VL53L0X_CheckAndLoadInterruptSettings  0x0800251c   Section        0  vl53l0x_api.o(i.VL53L0X_CheckAndLoadInterruptSettings)
    i.VL53L0X_ClearInterruptMask             0x08002598   Section        0  vl53l0x_api.o(i.VL53L0X_ClearInterruptMask)
    i.VL53L0X_DataInit                       0x080025e4   Section        0  vl53l0x_api.o(i.VL53L0X_DataInit)
    i.VL53L0X_GetDeviceParameters            0x08002770   Section        0  vl53l0x_api.o(i.VL53L0X_GetDeviceParameters)
    i.VL53L0X_GetFractionEnable              0x080027f0   Section        0  vl53l0x_api.o(i.VL53L0X_GetFractionEnable)
    i.VL53L0X_GetInterMeasurementPeriodMilliSeconds 0x0800280a   Section        0  vl53l0x_api.o(i.VL53L0X_GetInterMeasurementPeriodMilliSeconds)
    i.VL53L0X_GetInterruptMaskStatus         0x08002840   Section        0  vl53l0x_api.o(i.VL53L0X_GetInterruptMaskStatus)
    i.VL53L0X_GetInterruptThresholds         0x08002862   Section        0  vl53l0x_api.o(i.VL53L0X_GetInterruptThresholds)
    i.VL53L0X_GetLimitCheckEnable            0x08002896   Section        0  vl53l0x_api.o(i.VL53L0X_GetLimitCheckEnable)
    i.VL53L0X_GetLimitCheckValue             0x080028b0   Section        0  vl53l0x_api.o(i.VL53L0X_GetLimitCheckValue)
    i.VL53L0X_GetMeasurementDataReady        0x0800292a   Section        0  vl53l0x_api.o(i.VL53L0X_GetMeasurementDataReady)
    i.VL53L0X_GetMeasurementTimingBudgetMicroSeconds 0x08002964   Section        0  vl53l0x_api.o(i.VL53L0X_GetMeasurementTimingBudgetMicroSeconds)
    i.VL53L0X_GetOffsetCalibrationDataMicroMeter 0x08002968   Section        0  vl53l0x_api.o(i.VL53L0X_GetOffsetCalibrationDataMicroMeter)
    i.VL53L0X_GetRangingMeasurementData      0x0800296c   Section        0  vl53l0x_api.o(i.VL53L0X_GetRangingMeasurementData)
    i.VL53L0X_GetSequenceStepEnables         0x08002a98   Section        0  vl53l0x_api.o(i.VL53L0X_GetSequenceStepEnables)
    i.VL53L0X_GetVcselPulsePeriod            0x08002b0a   Section        0  vl53l0x_api.o(i.VL53L0X_GetVcselPulsePeriod)
    i.VL53L0X_GetWrapAroundCheckEnable       0x08002b0e   Section        0  vl53l0x_api.o(i.VL53L0X_GetWrapAroundCheckEnable)
    i.VL53L0X_GetXTalkCompensationEnable     0x08002b3a   Section        0  vl53l0x_api.o(i.VL53L0X_GetXTalkCompensationEnable)
    i.VL53L0X_GetXTalkCompensationRateMegaCps 0x08002b44   Section        0  vl53l0x_api.o(i.VL53L0X_GetXTalkCompensationRateMegaCps)
    i.VL53L0X_PerformRefCalibration          0x08002b70   Section        0  vl53l0x_api.o(i.VL53L0X_PerformRefCalibration)
    i.VL53L0X_PerformRefSpadManagement       0x08002b76   Section        0  vl53l0x_api.o(i.VL53L0X_PerformRefSpadManagement)
    i.VL53L0X_PerformSingleMeasurement       0x08002b7a   Section        0  vl53l0x_api.o(i.VL53L0X_PerformSingleMeasurement)
    i.VL53L0X_PerformSingleRangingMeasurement 0x08002b9c   Section        0  vl53l0x_api.o(i.VL53L0X_PerformSingleRangingMeasurement)
    i.VL53L0X_PollingDelay                   0x08002bd0   Section        0  vl53l0x_platform.o(i.VL53L0X_PollingDelay)
    i.VL53L0X_RdByte                         0x08002bde   Section        0  vl53l0x_platform.o(i.VL53L0X_RdByte)
    i.VL53L0X_RdDWord                        0x08002c08   Section        0  vl53l0x_platform.o(i.VL53L0X_RdDWord)
    i.VL53L0X_RdWord                         0x08002c50   Section        0  vl53l0x_platform.o(i.VL53L0X_RdWord)
    i.VL53L0X_ReadMulti                      0x08002c8c   Section        0  vl53l0x_platform.o(i.VL53L0X_ReadMulti)
    i.VL53L0X_SetDeviceAddress               0x08002cbc   Section        0  vl53l0x_api.o(i.VL53L0X_SetDeviceAddress)
    i.VL53L0X_SetDeviceMode                  0x08002cc4   Section        0  vl53l0x_api.o(i.VL53L0X_SetDeviceMode)
    i.VL53L0X_SetGpioConfig                  0x08002ce8   Section        0  vl53l0x_api.o(i.VL53L0X_SetGpioConfig)
    i.VL53L0X_SetLimitCheckEnable            0x08002e20   Section        0  vl53l0x_api.o(i.VL53L0X_SetLimitCheckEnable)
    i.VL53L0X_SetLimitCheckValue             0x08002ea2   Section        0  vl53l0x_api.o(i.VL53L0X_SetLimitCheckValue)
    i.VL53L0X_SetMeasurementTimingBudgetMicroSeconds 0x08002ef2   Section        0  vl53l0x_api.o(i.VL53L0X_SetMeasurementTimingBudgetMicroSeconds)
    i.VL53L0X_SetRefCalibration              0x08002ef6   Section        0  vl53l0x_api.o(i.VL53L0X_SetRefCalibration)
    i.VL53L0X_SetReferenceSpads              0x08002efa   Section        0  vl53l0x_api.o(i.VL53L0X_SetReferenceSpads)
    i.VL53L0X_SetSequenceStepEnable          0x08002efe   Section        0  vl53l0x_api.o(i.VL53L0X_SetSequenceStepEnable)
    i.VL53L0X_StartMeasurement               0x08002fac   Section        0  vl53l0x_api.o(i.VL53L0X_StartMeasurement)
    i.VL53L0X_StaticInit                     0x08003080   Section        0  vl53l0x_api.o(i.VL53L0X_StaticInit)
    i.VL53L0X_UpdateByte                     0x080031f4   Section        0  vl53l0x_platform.o(i.VL53L0X_UpdateByte)
    i.VL53L0X_WrByte                         0x08003220   Section        0  vl53l0x_platform.o(i.VL53L0X_WrByte)
    i.VL53L0X_WrWord                         0x08003244   Section        0  vl53l0x_platform.o(i.VL53L0X_WrWord)
    i.VL53L0X_WriteMulti                     0x0800326c   Section        0  vl53l0x_platform.o(i.VL53L0X_WriteMulti)
    i.VL53L0X_calc_dmax                      0x080032a4   Section        0  vl53l0x_api_core.o(i.VL53L0X_calc_dmax)
    i.VL53L0X_calc_macro_period_ps           0x0800337c   Section        0  vl53l0x_api_core.o(i.VL53L0X_calc_macro_period_ps)
    i.VL53L0X_calc_sigma_estimate            0x0800338c   Section        0  vl53l0x_api_core.o(i.VL53L0X_calc_sigma_estimate)
    i.VL53L0X_calc_timeout_mclks             0x080035b4   Section        0  vl53l0x_api_core.o(i.VL53L0X_calc_timeout_mclks)
    i.VL53L0X_calc_timeout_us                0x080035d6   Section        0  vl53l0x_api_core.o(i.VL53L0X_calc_timeout_us)
    i.VL53L0X_decode_timeout                 0x080035f8   Section        0  vl53l0x_api_core.o(i.VL53L0X_decode_timeout)
    i.VL53L0X_decode_vcsel_period            0x08003604   Section        0  vl53l0x_api_core.o(i.VL53L0X_decode_vcsel_period)
    i.VL53L0X_device_read_strobe             0x0800360c   Section        0  vl53l0x_api_core.o(i.VL53L0X_device_read_strobe)
    i.VL53L0X_encode_timeout                 0x08003656   Section        0  vl53l0x_api_core.o(i.VL53L0X_encode_timeout)
    i.VL53L0X_get_info_from_device           0x08003674   Section        0  vl53l0x_api_core.o(i.VL53L0X_get_info_from_device)
    i.VL53L0X_get_measurement_timing_budget_micro_seconds 0x08003b9c   Section        0  vl53l0x_api_core.o(i.VL53L0X_get_measurement_timing_budget_micro_seconds)
    i.VL53L0X_get_offset_calibration_data_micro_meter 0x08003c60   Section        0  vl53l0x_api_calibration.o(i.VL53L0X_get_offset_calibration_data_micro_meter)
    i.VL53L0X_get_pal_range_status           0x08003c94   Section        0  vl53l0x_api_core.o(i.VL53L0X_get_pal_range_status)
    i.VL53L0X_get_total_signal_rate          0x08003e7a   Section        0  vl53l0x_api_core.o(i.VL53L0X_get_total_signal_rate)
    i.VL53L0X_get_total_xtalk_rate           0x08003e96   Section        0  vl53l0x_api_core.o(i.VL53L0X_get_total_xtalk_rate)
    i.VL53L0X_get_vcsel_pulse_period         0x08003ec4   Section        0  vl53l0x_api_core.o(i.VL53L0X_get_vcsel_pulse_period)
    i.VL53L0X_isqrt                          0x08003ef4   Section        0  vl53l0x_api_core.o(i.VL53L0X_isqrt)
    i.VL53L0X_load_tuning_settings           0x08003f20   Section        0  vl53l0x_api_core.o(i.VL53L0X_load_tuning_settings)
    i.VL53L0X_measurement_poll_for_completion 0x08003fc4   Section        0  vl53l0x_api_core.o(i.VL53L0X_measurement_poll_for_completion)
    i.VL53L0X_perform_phase_calibration      0x08003ffa   Section        0  vl53l0x_api_calibration.o(i.VL53L0X_perform_phase_calibration)
    i.VL53L0X_perform_ref_calibration        0x0800406e   Section        0  vl53l0x_api_calibration.o(i.VL53L0X_perform_ref_calibration)
    i.VL53L0X_perform_ref_spad_management    0x080040ae   Section        0  vl53l0x_api_calibration.o(i.VL53L0X_perform_ref_spad_management)
    i.VL53L0X_perform_single_ref_calibration 0x080042cc   Section        0  vl53l0x_api_calibration.o(i.VL53L0X_perform_single_ref_calibration)
    i.VL53L0X_perform_vhv_calibration        0x08004304   Section        0  vl53l0x_api_calibration.o(i.VL53L0X_perform_vhv_calibration)
    i.VL53L0X_ref_calibration_io             0x08004378   Section        0  vl53l0x_api_calibration.o(i.VL53L0X_ref_calibration_io)
    i.VL53L0X_set_measurement_timing_budget_micro_seconds 0x0800442a   Section        0  vl53l0x_api_core.o(i.VL53L0X_set_measurement_timing_budget_micro_seconds)
    i.VL53L0X_set_ref_calibration            0x080044ec   Section        0  vl53l0x_api_calibration.o(i.VL53L0X_set_ref_calibration)
    i.VL53L0X_set_reference_spads            0x0800450c   Section        0  vl53l0x_api_calibration.o(i.VL53L0X_set_reference_spads)
    i._I2CRead                               0x080045b2   Section        0  vl53l0x_platform.o(i._I2CRead)
    i._I2CWrite                              0x080045d2   Section        0  vl53l0x_platform.o(i._I2CWrite)
    i.__0printf$bare                         0x080045f0   Section        0  printfb.o(i.__0printf$bare)
    i.__scatterload_copy                     0x08004600   Section       14  handlers.o(i.__scatterload_copy)
    i.__scatterload_null                     0x0800460e   Section        2  handlers.o(i.__scatterload_null)
    i.__scatterload_zeroinit                 0x08004610   Section       14  handlers.o(i.__scatterload_zeroinit)
    i._printf_core                           0x0800461e   Section        0  printfb.o(i._printf_core)
    _printf_core                             0x0800461f   Thumb Code    34  printfb.o(i._printf_core)
    i.enable_ref_spads                       0x08004640   Section        0  vl53l0x_api_calibration.o(i.enable_ref_spads)
    i.enable_spad_bit                        0x080046d4   Section        0  vl53l0x_api_calibration.o(i.enable_spad_bit)
    i.fputc                                  0x08004700   Section        0  main.o(i.fputc)
    i.get_next_good_spad                     0x08004718   Section        0  vl53l0x_api_calibration.o(i.get_next_good_spad)
    i.get_ref_spad_map                       0x08004774   Section        0  vl53l0x_api_calibration.o(i.get_ref_spad_map)
    i.get_sequence_step_timeout              0x0800477e   Section        0  vl53l0x_api_core.o(i.get_sequence_step_timeout)
    i.initSensor                             0x08004870   Section        0  main.o(i.initSensor)
    initSensor                               0x08004871   Thumb Code   174  main.o(i.initSensor)
    i.is_aperture                            0x08004924   Section        0  vl53l0x_api_calibration.o(i.is_aperture)
    i.main                                   0x0800493c   Section        0  main.o(i.main)
    i.nRF24_Check                            0x08004bf0   Section        0  nrf24.o(i.nRF24_Check)
    i.nRF24_ClearIRQFlags                    0x08004c30   Section        0  nrf24.o(i.nRF24_ClearIRQFlags)
    i.nRF24_DisableAA                        0x08004c46   Section        0  nrf24.o(i.nRF24_DisableAA)
    i.nRF24_FlushRX                          0x08004c6a   Section        0  nrf24.o(i.nRF24_FlushRX)
    i.nRF24_FlushTX                          0x08004c72   Section        0  nrf24.o(i.nRF24_FlushTX)
    i.nRF24_GetStatus                        0x08004c7a   Section        0  nrf24.o(i.nRF24_GetStatus)
    i.nRF24_Init                             0x08004c80   Section        0  nrf24.o(i.nRF24_Init)
    i.nRF24_LL_RW                            0x08004d20   Section        0  nrf24_hal.o(i.nRF24_LL_RW)
    i.nRF24_ReadMBReg                        0x08004d40   Section        0  nrf24.o(i.nRF24_ReadMBReg)
    nRF24_ReadMBReg                          0x08004d41   Thumb Code    66  nrf24.o(i.nRF24_ReadMBReg)
    i.nRF24_ReadReg                          0x08004d88   Section        0  nrf24.o(i.nRF24_ReadReg)
    nRF24_ReadReg                            0x08004d89   Thumb Code    50  nrf24.o(i.nRF24_ReadReg)
    i.nRF24_SetAddr                          0x08004dc0   Section        0  nrf24.o(i.nRF24_SetAddr)
    i.nRF24_SetAddrWidth                     0x08004e38   Section        0  nrf24.o(i.nRF24_SetAddrWidth)
    i.nRF24_SetCRCScheme                     0x08004e42   Section        0  nrf24.o(i.nRF24_SetCRCScheme)
    i.nRF24_SetDataRate                      0x08004e60   Section        0  nrf24.o(i.nRF24_SetDataRate)
    i.nRF24_SetOperationalMode               0x08004e7a   Section        0  nrf24.o(i.nRF24_SetOperationalMode)
    i.nRF24_SetPowerMode                     0x08004e98   Section        0  nrf24.o(i.nRF24_SetPowerMode)
    i.nRF24_SetRFChannel                     0x08004eba   Section        0  nrf24.o(i.nRF24_SetRFChannel)
    i.nRF24_SetRXPipe                        0x08004ec4   Section        0  nrf24.o(i.nRF24_SetRXPipe)
    i.nRF24_SetTXPower                       0x08004f14   Section        0  nrf24.o(i.nRF24_SetTXPower)
    i.nRF24_TransmitPacket                   0x08004f30   Section        0  main.o(i.nRF24_TransmitPacket)
    i.nRF24_WriteMBReg                       0x08004fa4   Section        0  nrf24.o(i.nRF24_WriteMBReg)
    nRF24_WriteMBReg                         0x08004fa5   Thumb Code    60  nrf24.o(i.nRF24_WriteMBReg)
    i.nRF24_WritePayload                     0x08004fe4   Section        0  nrf24.o(i.nRF24_WritePayload)
    i.nRF24_WriteReg                         0x08004ff0   Section        0  nrf24.o(i.nRF24_WriteReg)
    nRF24_WriteReg                           0x08004ff1   Thumb Code    84  nrf24.o(i.nRF24_WriteReg)
    i.perform_ref_signal_measurement         0x08005048   Section        0  vl53l0x_api_calibration.o(i.perform_ref_signal_measurement)
    i.sequence_step_enabled                  0x080050ac   Section        0  vl53l0x_api.o(i.sequence_step_enabled)
    i.set_ref_spad_map                       0x080050e4   Section        0  vl53l0x_api_calibration.o(i.set_ref_spad_map)
    i.set_sequence_step_timeout              0x080050ee   Section        0  vl53l0x_api_core.o(i.set_sequence_step_timeout)
    .constdata                               0x080051f0   Section       30  main.o(.constdata)
    nRF24_ADDR0                              0x080051f0   Data           5  main.o(.constdata)
    nRF24_ADDR1                              0x080051f5   Data           5  main.o(.constdata)
    nRF24_ADDR2                              0x080051fa   Data           5  main.o(.constdata)
    nRF24_ADDR3                              0x080051ff   Data           5  main.o(.constdata)
    nRF24_ADDR4                              0x08005204   Data           5  main.o(.constdata)
    nRF24_ADDR5                              0x08005209   Data           5  main.o(.constdata)
    .constdata                               0x0800520e   Section       16  system_stm32f1xx.o(.constdata)
    .constdata                               0x0800521e   Section        8  system_stm32f1xx.o(.constdata)
    .constdata                               0x08005226   Section       13  nrf24.o(.constdata)
    nRF24_RX_PW_PIPE                         0x08005226   Data           6  nrf24.o(.constdata)
    nRF24_ADDR_REGS                          0x0800522c   Data           7  nrf24.o(.constdata)
    .data                                    0x20000000   Section      681  vl53l0x_api.o(.data)
    .data                                    0x200002ac   Section       16  vl53l0x_api_calibration.o(.data)
    .data                                    0x200002bc   Section       28  main.o(.data)
    data_ready                               0x200002c0   Data           1  main.o(.data)
    Status                                   0x200002c1   Data           1  main.o(.data)
    isApertureSpads                          0x200002c2   Data           1  main.o(.data)
    VhvSettings                              0x200002c3   Data           1  main.o(.data)
    PhaseCal                                 0x200002c4   Data           1  main.o(.data)
    refSpadCount                             0x200002d0   Data           4  main.o(.data)
    .data                                    0x200002d8   Section        1  main.o(.data)
    .data                                    0x200002d9   Section        1  main.o(.data)
    .data                                    0x200002da   Section        2  stm32f1xx_it.o(.data)
    .data                                    0x200002dc   Section       12  stm32f1xx_hal.o(.data)
    .data                                    0x200002e8   Section        4  system_stm32f1xx.o(.data)
    .data                                    0x200002ec   Section        4  stdout.o(.data)
    .bss                                     0x200002f0   Section       64  vl53l0x_platform.o(.bss)
    .bss                                     0x20000330   Section      740  main.o(.bss)
    device                                   0x2000033c   Data         400  main.o(.bss)
    result                                   0x200004cc   Data          28  main.o(.bss)
    STACK                                    0x20000618   Section     1024  startup_stm32f103xb.o(STACK)

    Global Symbols

    Symbol Name                              Value     Ov Type        Size  Object(Section)

    BuildAttributes$$THM_ISAv4$P$D$K$B$S$PE$A:L22UL41UL21$X:L11$S22US41US21$IEEE1$IW$USESV6$~STKCKD$USESV7$~SHL$OSPACE$ROPI$EBA8$MICROLIB$REQ8$PRES8$EABIv2 0x00000000   Number         0  anon$$obj.o ABSOLUTE
    __ARM_use_no_argv                        0x00000000   Number         0  main.o ABSOLUTE
    __cpp_initialize__aeabi_                  - Undefined Weak Reference
    __cxa_finalize                            - Undefined Weak Reference
    _clock_init                               - Undefined Weak Reference
    _microlib_exit                            - Undefined Weak Reference
    __Vectors_Size                           0x000000ec   Number         0  startup_stm32f103xb.o ABSOLUTE
    __Vectors                                0x08000000   Data           4  startup_stm32f103xb.o(RESET)
    __Vectors_End                            0x080000ec   Data           0  startup_stm32f103xb.o(RESET)
    __main                                   0x080000ed   Thumb Code     0  entry.o(.ARM.Collect$$$$00000000)
    _main_stk                                0x080000ed   Thumb Code     0  entry2.o(.ARM.Collect$$$$00000001)
    _main_scatterload                        0x080000f1   Thumb Code     0  entry5.o(.ARM.Collect$$$$00000004)
    __main_after_scatterload                 0x080000f5   Thumb Code     0  entry5.o(.ARM.Collect$$$$00000004)
    _main_clock                              0x080000f5   Thumb Code     0  entry7b.o(.ARM.Collect$$$$00000008)
    _main_cpp_init                           0x080000f5   Thumb Code     0  entry8b.o(.ARM.Collect$$$$0000000A)
    _main_init                               0x080000f5   Thumb Code     0  entry9a.o(.ARM.Collect$$$$0000000B)
    __rt_final_cpp                           0x080000fd   Thumb Code     0  entry10a.o(.ARM.Collect$$$$0000000D)
    __rt_final_exit                          0x080000fd   Thumb Code     0  entry11a.o(.ARM.Collect$$$$0000000F)
    Reset_Handler                            0x08000101   Thumb Code     8  startup_stm32f103xb.o(.text)
    ADC1_2_IRQHandler                        0x0800011b   Thumb Code     0  startup_stm32f103xb.o(.text)
    CAN1_RX1_IRQHandler                      0x0800011b   Thumb Code     0  startup_stm32f103xb.o(.text)
    CAN1_SCE_IRQHandler                      0x0800011b   Thumb Code     0  startup_stm32f103xb.o(.text)
    DMA1_Channel1_IRQHandler                 0x0800011b   Thumb Code     0  startup_stm32f103xb.o(.text)
    DMA1_Channel2_IRQHandler                 0x0800011b   Thumb Code     0  startup_stm32f103xb.o(.text)
    DMA1_Channel3_IRQHandler                 0x0800011b   Thumb Code     0  startup_stm32f103xb.o(.text)
    DMA1_Channel4_IRQHandler                 0x0800011b   Thumb Code     0  startup_stm32f103xb.o(.text)
    DMA1_Channel5_IRQHandler                 0x0800011b   Thumb Code     0  startup_stm32f103xb.o(.text)
    DMA1_Channel6_IRQHandler                 0x0800011b   Thumb Code     0  startup_stm32f103xb.o(.text)
    DMA1_Channel7_IRQHandler                 0x0800011b   Thumb Code     0  startup_stm32f103xb.o(.text)
    EXTI15_10_IRQHandler                     0x0800011b   Thumb Code     0  startup_stm32f103xb.o(.text)
    EXTI1_IRQHandler                         0x0800011b   Thumb Code     0  startup_stm32f103xb.o(.text)
    EXTI2_IRQHandler                         0x0800011b   Thumb Code     0  startup_stm32f103xb.o(.text)
    EXTI3_IRQHandler                         0x0800011b   Thumb Code     0  startup_stm32f103xb.o(.text)
    EXTI4_IRQHandler                         0x0800011b   Thumb Code     0  startup_stm32f103xb.o(.text)
    EXTI9_5_IRQHandler                       0x0800011b   Thumb Code     0  startup_stm32f103xb.o(.text)
    FLASH_IRQHandler                         0x0800011b   Thumb Code     0  startup_stm32f103xb.o(.text)
    I2C1_ER_IRQHandler                       0x0800011b   Thumb Code     0  startup_stm32f103xb.o(.text)
    I2C1_EV_IRQHandler                       0x0800011b   Thumb Code     0  startup_stm32f103xb.o(.text)
    I2C2_ER_IRQHandler                       0x0800011b   Thumb Code     0  startup_stm32f103xb.o(.text)
    I2C2_EV_IRQHandler                       0x0800011b   Thumb Code     0  startup_stm32f103xb.o(.text)
    PVD_IRQHandler                           0x0800011b   Thumb Code     0  startup_stm32f103xb.o(.text)
    RCC_IRQHandler                           0x0800011b   Thumb Code     0  startup_stm32f103xb.o(.text)
    RTC_Alarm_IRQHandler                     0x0800011b   Thumb Code     0  startup_stm32f103xb.o(.text)
    RTC_IRQHandler                           0x0800011b   Thumb Code     0  startup_stm32f103xb.o(.text)
    SPI1_IRQHandler                          0x0800011b   Thumb Code     0  startup_stm32f103xb.o(.text)
    TAMPER_IRQHandler                        0x0800011b   Thumb Code     0  startup_stm32f103xb.o(.text)
    TIM1_BRK_IRQHandler                      0x0800011b   Thumb Code     0  startup_stm32f103xb.o(.text)
    TIM1_CC_IRQHandler                       0x0800011b   Thumb Code     0  startup_stm32f103xb.o(.text)
    TIM1_TRG_COM_IRQHandler                  0x0800011b   Thumb Code     0  startup_stm32f103xb.o(.text)
    TIM1_UP_IRQHandler                       0x0800011b   Thumb Code     0  startup_stm32f103xb.o(.text)
    TIM2_IRQHandler                          0x0800011b   Thumb Code     0  startup_stm32f103xb.o(.text)
    TIM3_IRQHandler                          0x0800011b   Thumb Code     0  startup_stm32f103xb.o(.text)
    TIM4_IRQHandler                          0x0800011b   Thumb Code     0  startup_stm32f103xb.o(.text)
    USART2_IRQHandler                        0x0800011b   Thumb Code     0  startup_stm32f103xb.o(.text)
    USART3_IRQHandler                        0x0800011b   Thumb Code     0  startup_stm32f103xb.o(.text)
    USBWakeUp_IRQHandler                     0x0800011b   Thumb Code     0  startup_stm32f103xb.o(.text)
    USB_HP_CAN1_TX_IRQHandler                0x0800011b   Thumb Code     0  startup_stm32f103xb.o(.text)
    USB_LP_CAN1_RX0_IRQHandler               0x0800011b   Thumb Code     0  startup_stm32f103xb.o(.text)
    WWDG_IRQHandler                          0x0800011b   Thumb Code     0  startup_stm32f103xb.o(.text)
    __aeabi_memcpy                           0x08000125   Thumb Code    36  memcpya.o(.text)
    __aeabi_memcpy4                          0x08000125   Thumb Code     0  memcpya.o(.text)
    __aeabi_memcpy8                          0x08000125   Thumb Code     0  memcpya.o(.text)
    __aeabi_memset                           0x08000149   Thumb Code    14  memseta.o(.text)
    __aeabi_memset4                          0x08000149   Thumb Code     0  memseta.o(.text)
    __aeabi_memset8                          0x08000149   Thumb Code     0  memseta.o(.text)
    __aeabi_memclr                           0x08000157   Thumb Code     4  memseta.o(.text)
    __aeabi_memclr4                          0x08000157   Thumb Code     0  memseta.o(.text)
    __aeabi_memclr8                          0x08000157   Thumb Code     0  memseta.o(.text)
    _memset$wrapper                          0x0800015b   Thumb Code    18  memseta.o(.text)
    strcpy                                   0x0800016d   Thumb Code    18  strcpy.o(.text)
    __scatterload                            0x08000181   Thumb Code    28  init.o(.text)
    __scatterload_rt2                        0x08000181   Thumb Code     0  init.o(.text)
    __decompress                             0x080001a5   Thumb Code     0  __dclz77c.o(.text)
    __decompress2                            0x080001a5   Thumb Code    94  __dclz77c.o(.text)
    BusFault_Handler                         0x08000203   Thumb Code     2  stm32f1xx_it.o(i.BusFault_Handler)
    DebugMon_Handler                         0x08000205   Thumb Code     2  stm32f1xx_it.o(i.DebugMon_Handler)
    EXTI0_IRQHandler                         0x08000207   Thumb Code     6  stm32f1xx_it.o(i.EXTI0_IRQHandler)
    HAL_DMA_Abort_IT                         0x0800020d   Thumb Code   148  stm32f1xx_hal_dma.o(i.HAL_DMA_Abort_IT)
    HAL_Delay                                0x080002a5   Thumb Code    32  stm32f1xx_hal.o(i.HAL_Delay)
    HAL_GPIO_EXTI_Callback                   0x080002c9   Thumb Code     2  stm32f1xx_hal_gpio.o(i.HAL_GPIO_EXTI_Callback)
    HAL_GPIO_EXTI_IRQHandler                 0x080002cd   Thumb Code    18  stm32f1xx_hal_gpio.o(i.HAL_GPIO_EXTI_IRQHandler)
    HAL_GPIO_Init                            0x080002e5   Thumb Code   408  stm32f1xx_hal_gpio.o(i.HAL_GPIO_Init)
    HAL_GPIO_ReadPin                         0x080004a1   Thumb Code    10  stm32f1xx_hal_gpio.o(i.HAL_GPIO_ReadPin)
    HAL_GPIO_WritePin                        0x080004ab   Thumb Code    10  stm32f1xx_hal_gpio.o(i.HAL_GPIO_WritePin)
    HAL_GetTick                              0x080004b5   Thumb Code     6  stm32f1xx_hal.o(i.HAL_GetTick)
    HAL_I2C_Init                             0x080004c1   Thumb Code   302  stm32f1xx_hal_i2c.o(i.HAL_I2C_Init)
    HAL_I2C_Master_Receive                   0x08000601   Thumb Code   516  stm32f1xx_hal_i2c.o(i.HAL_I2C_Master_Receive)
    HAL_I2C_Master_Transmit                  0x08000811   Thumb Code   304  stm32f1xx_hal_i2c.o(i.HAL_I2C_Master_Transmit)
    HAL_I2C_MspInit                          0x08000949   Thumb Code    80  stm32f1xx_hal_msp.o(i.HAL_I2C_MspInit)
    HAL_IncTick                              0x080009a5   Thumb Code    12  stm32f1xx_hal.o(i.HAL_IncTick)
    HAL_Init                                 0x080009b5   Thumb Code    32  stm32f1xx_hal.o(i.HAL_Init)
    HAL_InitTick                             0x080009d9   Thumb Code    54  stm32f1xx_hal.o(i.HAL_InitTick)
    HAL_MspInit                              0x08000a19   Thumb Code    52  stm32f1xx_hal_msp.o(i.HAL_MspInit)
    HAL_NVIC_DisableIRQ                      0x08000a55   Thumb Code    22  stm32f1xx_hal_cortex.o(i.HAL_NVIC_DisableIRQ)
    HAL_NVIC_EnableIRQ                       0x08000a6b   Thumb Code    22  stm32f1xx_hal_cortex.o(i.HAL_NVIC_EnableIRQ)
    HAL_NVIC_SetPriority                     0x08000a81   Thumb Code    60  stm32f1xx_hal_cortex.o(i.HAL_NVIC_SetPriority)
    HAL_NVIC_SetPriorityGrouping             0x08000ac1   Thumb Code    26  stm32f1xx_hal_cortex.o(i.HAL_NVIC_SetPriorityGrouping)
    HAL_PWR_EnableWakeUpPin                  0x08000ae5   Thumb Code    22  stm32f1xx_hal_pwr.o(i.HAL_PWR_EnableWakeUpPin)
    HAL_PWR_EnterSTANDBYMode                 0x08000b01   Thumb Code    24  stm32f1xx_hal_pwr.o(i.HAL_PWR_EnterSTANDBYMode)
    HAL_RCC_ClockConfig                      0x08000b21   Thumb Code   346  stm32f1xx_hal_rcc.o(i.HAL_RCC_ClockConfig)
    HAL_RCC_GetPCLK1Freq                     0x08000c8d   Thumb Code    20  stm32f1xx_hal_rcc.o(i.HAL_RCC_GetPCLK1Freq)
    HAL_RCC_GetPCLK2Freq                     0x08000cad   Thumb Code    20  stm32f1xx_hal_rcc.o(i.HAL_RCC_GetPCLK2Freq)
    HAL_RCC_GetSysClockFreq                  0x08000ccd   Thumb Code    80  stm32f1xx_hal_rcc.o(i.HAL_RCC_GetSysClockFreq)
    HAL_RCC_OscConfig                        0x08000d41   Thumb Code   750  stm32f1xx_hal_rcc.o(i.HAL_RCC_OscConfig)
    HAL_SPI_ErrorCallback                    0x08001045   Thumb Code     2  stm32f1xx_hal_spi.o(i.HAL_SPI_ErrorCallback)
    HAL_SPI_IRQHandler                       0x08001049   Thumb Code   190  stm32f1xx_hal_spi.o(i.HAL_SPI_IRQHandler)
    HAL_SPI_Init                             0x0800110d   Thumb Code   130  stm32f1xx_hal_spi_ex.o(i.HAL_SPI_Init)
    HAL_SPI_MspInit                          0x08001191   Thumb Code   118  stm32f1xx_hal_msp.o(i.HAL_SPI_MspInit)
    HAL_SPI_TransmitReceive                  0x08001215   Thumb Code   472  stm32f1xx_hal_spi.o(i.HAL_SPI_TransmitReceive)
    HAL_SYSTICK_Config                       0x080013ed   Thumb Code    40  stm32f1xx_hal_cortex.o(i.HAL_SYSTICK_Config)
    HAL_TIMEx_MasterConfigSynchronization    0x08001415   Thumb Code    80  stm32f1xx_hal_tim_ex.o(i.HAL_TIMEx_MasterConfigSynchronization)
    HAL_TIM_Base_Init                        0x08001465   Thumb Code    54  stm32f1xx_hal_tim.o(i.HAL_TIM_Base_Init)
    HAL_TIM_Base_MspInit                     0x0800149d   Thumb Code    30  stm32f1xx_hal_msp.o(i.HAL_TIM_Base_MspInit)
    HAL_TIM_ConfigClockSource                0x080014c5   Thumb Code   242  stm32f1xx_hal_tim.o(i.HAL_TIM_ConfigClockSource)
    HAL_TIM_PWM_Start                        0x080015b9   Thumb Code    42  stm32f1xx_hal_tim.o(i.HAL_TIM_PWM_Start)
    HAL_UART_ErrorCallback                   0x080015e9   Thumb Code     2  stm32f1xx_hal_uart.o(i.HAL_UART_ErrorCallback)
    HAL_UART_IRQHandler                      0x080015ed   Thumb Code   266  stm32f1xx_hal_uart.o(i.HAL_UART_IRQHandler)
    HAL_UART_Init                            0x080016fd   Thumb Code    98  stm32f1xx_hal_uart.o(i.HAL_UART_Init)
    HAL_UART_MspInit                         0x08001761   Thumb Code   116  stm32f1xx_hal_msp.o(i.HAL_UART_MspInit)
    HAL_UART_RxCpltCallback                  0x080017e1   Thumb Code     2  stm32f1xx_hal_uart.o(i.HAL_UART_RxCpltCallback)
    HAL_UART_Transmit                        0x080017e3   Thumb Code   186  stm32f1xx_hal_uart.o(i.HAL_UART_Transmit)
    HAL_UART_TxCpltCallback                  0x0800189d   Thumb Code     2  stm32f1xx_hal_uart.o(i.HAL_UART_TxCpltCallback)
    HardFault_Handler                        0x0800189f   Thumb Code     2  stm32f1xx_it.o(i.HardFault_Handler)
    MemManage_Handler                        0x08001d75   Thumb Code     2  stm32f1xx_it.o(i.MemManage_Handler)
    NMI_Handler                              0x08001d77   Thumb Code     2  stm32f1xx_it.o(i.NMI_Handler)
    PendSV_Handler                           0x08001d99   Thumb Code     2  stm32f1xx_it.o(i.PendSV_Handler)
    SPI2_IRQHandler                          0x08001d9d   Thumb Code     6  stm32f1xx_it.o(i.SPI2_IRQHandler)
    SVC_Handler                              0x08001e6f   Thumb Code     2  stm32f1xx_it.o(i.SVC_Handler)
    SysTick_Handler                          0x08001e71   Thumb Code   314  stm32f1xx_it.o(i.SysTick_Handler)
    SystemClock_Config                       0x08001fe9   Thumb Code    72  main.o(i.SystemClock_Config)
    SystemInit                               0x08002031   Thumb Code    56  system_stm32f1xx.o(i.SystemInit)
    TIM_Base_SetConfig                       0x08002079   Thumb Code    94  stm32f1xx_hal_tim.o(i.TIM_Base_SetConfig)
    TIM_CCxChannelCmd                        0x080020e5   Thumb Code    22  stm32f1xx_hal_tim.o(i.TIM_CCxChannelCmd)
    TransmitComand                           0x08002165   Thumb Code   148  main.o(i.TransmitComand)
    USART1_IRQHandler                        0x0800250d   Thumb Code     6  stm32f1xx_it.o(i.USART1_IRQHandler)
    UsageFault_Handler                       0x08002519   Thumb Code     2  stm32f1xx_it.o(i.UsageFault_Handler)
    VL53L0X_CheckAndLoadInterruptSettings    0x0800251d   Thumb Code   118  vl53l0x_api.o(i.VL53L0X_CheckAndLoadInterruptSettings)
    VL53L0X_ClearInterruptMask               0x08002599   Thumb Code    76  vl53l0x_api.o(i.VL53L0X_ClearInterruptMask)
    VL53L0X_DataInit                         0x080025e5   Thumb Code   386  vl53l0x_api.o(i.VL53L0X_DataInit)
    VL53L0X_GetDeviceParameters              0x08002771   Thumb Code   128  vl53l0x_api.o(i.VL53L0X_GetDeviceParameters)
    VL53L0X_GetFractionEnable                0x080027f1   Thumb Code    26  vl53l0x_api.o(i.VL53L0X_GetFractionEnable)
    VL53L0X_GetInterMeasurementPeriodMilliSeconds 0x0800280b   Thumb Code    54  vl53l0x_api.o(i.VL53L0X_GetInterMeasurementPeriodMilliSeconds)
    VL53L0X_GetInterruptMaskStatus           0x08002841   Thumb Code    34  vl53l0x_api.o(i.VL53L0X_GetInterruptMaskStatus)
    VL53L0X_GetInterruptThresholds           0x08002863   Thumb Code    52  vl53l0x_api.o(i.VL53L0X_GetInterruptThresholds)
    VL53L0X_GetLimitCheckEnable              0x08002897   Thumb Code    24  vl53l0x_api.o(i.VL53L0X_GetLimitCheckEnable)
    VL53L0X_GetLimitCheckValue               0x080028b1   Thumb Code   122  vl53l0x_api.o(i.VL53L0X_GetLimitCheckValue)
    VL53L0X_GetMeasurementDataReady          0x0800292b   Thumb Code    58  vl53l0x_api.o(i.VL53L0X_GetMeasurementDataReady)
    VL53L0X_GetMeasurementTimingBudgetMicroSeconds 0x08002965   Thumb Code     4  vl53l0x_api.o(i.VL53L0X_GetMeasurementTimingBudgetMicroSeconds)
    VL53L0X_GetOffsetCalibrationDataMicroMeter 0x08002969   Thumb Code     4  vl53l0x_api.o(i.VL53L0X_GetOffsetCalibrationDataMicroMeter)
    VL53L0X_GetRangingMeasurementData        0x0800296d   Thumb Code   300  vl53l0x_api.o(i.VL53L0X_GetRangingMeasurementData)
    VL53L0X_GetSequenceStepEnables           0x08002a99   Thumb Code   114  vl53l0x_api.o(i.VL53L0X_GetSequenceStepEnables)
    VL53L0X_GetVcselPulsePeriod              0x08002b0b   Thumb Code     4  vl53l0x_api.o(i.VL53L0X_GetVcselPulsePeriod)
    VL53L0X_GetWrapAroundCheckEnable         0x08002b0f   Thumb Code    44  vl53l0x_api.o(i.VL53L0X_GetWrapAroundCheckEnable)
    VL53L0X_GetXTalkCompensationEnable       0x08002b3b   Thumb Code    10  vl53l0x_api.o(i.VL53L0X_GetXTalkCompensationEnable)
    VL53L0X_GetXTalkCompensationRateMegaCps  0x08002b45   Thumb Code    44  vl53l0x_api.o(i.VL53L0X_GetXTalkCompensationRateMegaCps)
    VL53L0X_PerformRefCalibration            0x08002b71   Thumb Code     6  vl53l0x_api.o(i.VL53L0X_PerformRefCalibration)
    VL53L0X_PerformRefSpadManagement         0x08002b77   Thumb Code     4  vl53l0x_api.o(i.VL53L0X_PerformRefSpadManagement)
    VL53L0X_PerformSingleMeasurement         0x08002b7b   Thumb Code    34  vl53l0x_api.o(i.VL53L0X_PerformSingleMeasurement)
    VL53L0X_PerformSingleRangingMeasurement  0x08002b9d   Thumb Code    52  vl53l0x_api.o(i.VL53L0X_PerformSingleRangingMeasurement)
    VL53L0X_PollingDelay                     0x08002bd1   Thumb Code    14  vl53l0x_platform.o(i.VL53L0X_PollingDelay)
    VL53L0X_RdByte                           0x08002bdf   Thumb Code    40  vl53l0x_platform.o(i.VL53L0X_RdByte)
    VL53L0X_RdDWord                          0x08002c09   Thumb Code    66  vl53l0x_platform.o(i.VL53L0X_RdDWord)
    VL53L0X_RdWord                           0x08002c51   Thumb Code    54  vl53l0x_platform.o(i.VL53L0X_RdWord)
    VL53L0X_ReadMulti                        0x08002c8d   Thumb Code    48  vl53l0x_platform.o(i.VL53L0X_ReadMulti)
    VL53L0X_SetDeviceAddress                 0x08002cbd   Thumb Code     8  vl53l0x_api.o(i.VL53L0X_SetDeviceAddress)
    VL53L0X_SetDeviceMode                    0x08002cc5   Thumb Code    36  vl53l0x_api.o(i.VL53L0X_SetDeviceMode)
    VL53L0X_SetGpioConfig                    0x08002ce9   Thumb Code   312  vl53l0x_api.o(i.VL53L0X_SetGpioConfig)
    VL53L0X_SetLimitCheckEnable              0x08002e21   Thumb Code   130  vl53l0x_api.o(i.VL53L0X_SetLimitCheckEnable)
    VL53L0X_SetLimitCheckValue               0x08002ea3   Thumb Code    80  vl53l0x_api.o(i.VL53L0X_SetLimitCheckValue)
    VL53L0X_SetMeasurementTimingBudgetMicroSeconds 0x08002ef3   Thumb Code     4  vl53l0x_api.o(i.VL53L0X_SetMeasurementTimingBudgetMicroSeconds)
    VL53L0X_SetRefCalibration                0x08002ef7   Thumb Code     4  vl53l0x_api.o(i.VL53L0X_SetRefCalibration)
    VL53L0X_SetReferenceSpads                0x08002efb   Thumb Code     4  vl53l0x_api.o(i.VL53L0X_SetReferenceSpads)
    VL53L0X_SetSequenceStepEnable            0x08002eff   Thumb Code   174  vl53l0x_api.o(i.VL53L0X_SetSequenceStepEnable)
    VL53L0X_StartMeasurement                 0x08002fad   Thumb Code   212  vl53l0x_api.o(i.VL53L0X_StartMeasurement)
    VL53L0X_StaticInit                       0x08003081   Thumb Code   366  vl53l0x_api.o(i.VL53L0X_StaticInit)
    VL53L0X_UpdateByte                       0x080031f5   Thumb Code    42  vl53l0x_platform.o(i.VL53L0X_UpdateByte)
    VL53L0X_WrByte                           0x08003221   Thumb Code    32  vl53l0x_platform.o(i.VL53L0X_WrByte)
    VL53L0X_WrWord                           0x08003245   Thumb Code    36  vl53l0x_platform.o(i.VL53L0X_WrWord)
    VL53L0X_WriteMulti                       0x0800326d   Thumb Code    52  vl53l0x_platform.o(i.VL53L0X_WriteMulti)
    VL53L0X_calc_dmax                        0x080032a5   Thumb Code   212  vl53l0x_api_core.o(i.VL53L0X_calc_dmax)
    VL53L0X_calc_macro_period_ps             0x0800337d   Thumb Code    16  vl53l0x_api_core.o(i.VL53L0X_calc_macro_period_ps)
    VL53L0X_calc_sigma_estimate              0x0800338d   Thumb Code   538  vl53l0x_api_core.o(i.VL53L0X_calc_sigma_estimate)
    VL53L0X_calc_timeout_mclks               0x080035b5   Thumb Code    34  vl53l0x_api_core.o(i.VL53L0X_calc_timeout_mclks)
    VL53L0X_calc_timeout_us                  0x080035d7   Thumb Code    34  vl53l0x_api_core.o(i.VL53L0X_calc_timeout_us)
    VL53L0X_decode_timeout                   0x080035f9   Thumb Code    12  vl53l0x_api_core.o(i.VL53L0X_decode_timeout)
    VL53L0X_decode_vcsel_period              0x08003605   Thumb Code     8  vl53l0x_api_core.o(i.VL53L0X_decode_vcsel_period)
    VL53L0X_device_read_strobe               0x0800360d   Thumb Code    74  vl53l0x_api_core.o(i.VL53L0X_device_read_strobe)
    VL53L0X_encode_timeout                   0x08003657   Thumb Code    30  vl53l0x_api_core.o(i.VL53L0X_encode_timeout)
    VL53L0X_get_info_from_device             0x08003675   Thumb Code  1320  vl53l0x_api_core.o(i.VL53L0X_get_info_from_device)
    VL53L0X_get_measurement_timing_budget_micro_seconds 0x08003b9d   Thumb Code   196  vl53l0x_api_core.o(i.VL53L0X_get_measurement_timing_budget_micro_seconds)
    VL53L0X_get_offset_calibration_data_micro_meter 0x08003c61   Thumb Code    50  vl53l0x_api_calibration.o(i.VL53L0X_get_offset_calibration_data_micro_meter)
    VL53L0X_get_pal_range_status             0x08003c95   Thumb Code   486  vl53l0x_api_core.o(i.VL53L0X_get_pal_range_status)
    VL53L0X_get_total_signal_rate            0x08003e7b   Thumb Code    28  vl53l0x_api_core.o(i.VL53L0X_get_total_signal_rate)
    VL53L0X_get_total_xtalk_rate             0x08003e97   Thumb Code    46  vl53l0x_api_core.o(i.VL53L0X_get_total_xtalk_rate)
    VL53L0X_get_vcsel_pulse_period           0x08003ec5   Thumb Code    48  vl53l0x_api_core.o(i.VL53L0X_get_vcsel_pulse_period)
    VL53L0X_isqrt                            0x08003ef5   Thumb Code    42  vl53l0x_api_core.o(i.VL53L0X_isqrt)
    VL53L0X_load_tuning_settings             0x08003f21   Thumb Code   164  vl53l0x_api_core.o(i.VL53L0X_load_tuning_settings)
    VL53L0X_measurement_poll_for_completion  0x08003fc5   Thumb Code    54  vl53l0x_api_core.o(i.VL53L0X_measurement_poll_for_completion)
    VL53L0X_perform_phase_calibration        0x08003ffb   Thumb Code   116  vl53l0x_api_calibration.o(i.VL53L0X_perform_phase_calibration)
    VL53L0X_perform_ref_calibration          0x0800406f   Thumb Code    64  vl53l0x_api_calibration.o(i.VL53L0X_perform_ref_calibration)
    VL53L0X_perform_ref_spad_management      0x080040af   Thumb Code   542  vl53l0x_api_calibration.o(i.VL53L0X_perform_ref_spad_management)
    VL53L0X_perform_single_ref_calibration   0x080042cd   Thumb Code    56  vl53l0x_api_calibration.o(i.VL53L0X_perform_single_ref_calibration)
    VL53L0X_perform_vhv_calibration          0x08004305   Thumb Code   116  vl53l0x_api_calibration.o(i.VL53L0X_perform_vhv_calibration)
    VL53L0X_ref_calibration_io               0x08004379   Thumb Code   178  vl53l0x_api_calibration.o(i.VL53L0X_ref_calibration_io)
    VL53L0X_set_measurement_timing_budget_micro_seconds 0x0800442b   Thumb Code   194  vl53l0x_api_core.o(i.VL53L0X_set_measurement_timing_budget_micro_seconds)
    VL53L0X_set_ref_calibration              0x080044ed   Thumb Code    32  vl53l0x_api_calibration.o(i.VL53L0X_set_ref_calibration)
    VL53L0X_set_reference_spads              0x0800450d   Thumb Code   166  vl53l0x_api_calibration.o(i.VL53L0X_set_reference_spads)
    _I2CRead                                 0x080045b3   Thumb Code    32  vl53l0x_platform.o(i._I2CRead)
    _I2CWrite                                0x080045d3   Thumb Code    28  vl53l0x_platform.o(i._I2CWrite)
    __0printf$bare                           0x080045f1   Thumb Code     8  printfb.o(i.__0printf$bare)
    __1printf$bare                           0x080045f1   Thumb Code     0  printfb.o(i.__0printf$bare)
    __2printf                                0x080045f1   Thumb Code     0  printfb.o(i.__0printf$bare)
    __scatterload_copy                       0x08004601   Thumb Code    14  handlers.o(i.__scatterload_copy)
    __scatterload_null                       0x0800460f   Thumb Code     2  handlers.o(i.__scatterload_null)
    __scatterload_zeroinit                   0x08004611   Thumb Code    14  handlers.o(i.__scatterload_zeroinit)
    enable_ref_spads                         0x08004641   Thumb Code   148  vl53l0x_api_calibration.o(i.enable_ref_spads)
    enable_spad_bit                          0x080046d5   Thumb Code    42  vl53l0x_api_calibration.o(i.enable_spad_bit)
    fputc                                    0x08004701   Thumb Code    20  main.o(i.fputc)
    get_next_good_spad                       0x08004719   Thumb Code    92  vl53l0x_api_calibration.o(i.get_next_good_spad)
    get_ref_spad_map                         0x08004775   Thumb Code    10  vl53l0x_api_calibration.o(i.get_ref_spad_map)
    get_sequence_step_timeout                0x0800477f   Thumb Code   242  vl53l0x_api_core.o(i.get_sequence_step_timeout)
    is_aperture                              0x08004925   Thumb Code    20  vl53l0x_api_calibration.o(i.is_aperture)
    main                                     0x0800493d   Thumb Code   564  main.o(i.main)
    nRF24_Check                              0x08004bf1   Thumb Code    54  nrf24.o(i.nRF24_Check)
    nRF24_ClearIRQFlags                      0x08004c31   Thumb Code    22  nrf24.o(i.nRF24_ClearIRQFlags)
    nRF24_DisableAA                          0x08004c47   Thumb Code    36  nrf24.o(i.nRF24_DisableAA)
    nRF24_FlushRX                            0x08004c6b   Thumb Code     8  nrf24.o(i.nRF24_FlushRX)
    nRF24_FlushTX                            0x08004c73   Thumb Code     8  nrf24.o(i.nRF24_FlushTX)
    nRF24_GetStatus                          0x08004c7b   Thumb Code     6  nrf24.o(i.nRF24_GetStatus)
    nRF24_Init                               0x08004c81   Thumb Code   156  nrf24.o(i.nRF24_Init)
    nRF24_LL_RW                              0x08004d21   Thumb Code    26  nrf24_hal.o(i.nRF24_LL_RW)
    nRF24_SetAddr                            0x08004dc1   Thumb Code   112  nrf24.o(i.nRF24_SetAddr)
    nRF24_SetAddrWidth                       0x08004e39   Thumb Code    10  nrf24.o(i.nRF24_SetAddrWidth)
    nRF24_SetCRCScheme                       0x08004e43   Thumb Code    30  nrf24.o(i.nRF24_SetCRCScheme)
    nRF24_SetDataRate                        0x08004e61   Thumb Code    26  nrf24.o(i.nRF24_SetDataRate)
    nRF24_SetOperationalMode                 0x08004e7b   Thumb Code    30  nrf24.o(i.nRF24_SetOperationalMode)
    nRF24_SetPowerMode                       0x08004e99   Thumb Code    34  nrf24.o(i.nRF24_SetPowerMode)
    nRF24_SetRFChannel                       0x08004ebb   Thumb Code     8  nrf24.o(i.nRF24_SetRFChannel)
    nRF24_SetRXPipe                          0x08004ec5   Thumb Code    74  nrf24.o(i.nRF24_SetRXPipe)
    nRF24_SetTXPower                         0x08004f15   Thumb Code    26  nrf24.o(i.nRF24_SetTXPower)
    nRF24_TransmitPacket                     0x08004f31   Thumb Code   106  main.o(i.nRF24_TransmitPacket)
    nRF24_WritePayload                       0x08004fe5   Thumb Code    10  nrf24.o(i.nRF24_WritePayload)
    perform_ref_signal_measurement           0x08005049   Thumb Code   100  vl53l0x_api_calibration.o(i.perform_ref_signal_measurement)
    sequence_step_enabled                    0x080050ad   Thumb Code    56  vl53l0x_api.o(i.sequence_step_enabled)
    set_ref_spad_map                         0x080050e5   Thumb Code    10  vl53l0x_api_calibration.o(i.set_ref_spad_map)
    set_sequence_step_timeout                0x080050ef   Thumb Code   258  vl53l0x_api_core.o(i.set_sequence_step_timeout)
    AHBPrescTable                            0x0800520e   Data          16  system_stm32f1xx.o(.constdata)
    APBPrescTable                            0x0800521e   Data           8  system_stm32f1xx.o(.constdata)
    Region$$Table$$Base                      0x08005234   Number         0  anon$$obj.o(Region$$Table)
    Region$$Table$$Limit                     0x08005254   Number         0  anon$$obj.o(Region$$Table)
    DefaultTuningSettings                    0x20000000   Data         243  vl53l0x_api.o(.data)
    InterruptThresholdSettings               0x200000f3   Data         438  vl53l0x_api.o(.data)
    refArrayQuadrants                        0x200002ac   Data          16  vl53l0x_api_calibration.o(.data)
    offFlag                                  0x200002bc   Data           1  main.o(.data)
    payload_length                           0x200002bd   Data           1  main.o(.data)
    test                                     0x200002be   Data           1  main.o(.data)
    i                                        0x200002bf   Data           1  main.o(.data)
    tx_res                                   0x200002c5   Data           1  main.o(.data)
    curTime                                  0x200002c8   Data           4  main.o(.data)
    temp_dist                                0x200002cc   Data           4  main.o(.data)
    SerialModule                             0x200002d4   Data           4  main.o(.data)
    offFlag_2                                0x200002d8   Data           1  main.o(.data)
    monitoreFlag                             0x200002d9   Data           1  main.o(.data)
    counterOff                               0x200002da   Data           2  stm32f1xx_it.o(.data)
    uwTickFreq                               0x200002dc   Data           1  stm32f1xx_hal.o(.data)
    uwTickPrio                               0x200002e0   Data           4  stm32f1xx_hal.o(.data)
    uwTick                                   0x200002e4   Data           4  stm32f1xx_hal.o(.data)
    SystemCoreClock                          0x200002e8   Data           4  system_stm32f1xx.o(.data)
    __stdout                                 0x200002ec   Data           4  stdout.o(.data)
    _I2CBuffer                               0x200002f0   Data          64  vl53l0x_platform.o(.bss)
    temp_buf                                 0x20000330   Data          10  main.o(.bss)
    hi2c1                                    0x200004e8   Data          84  main.o(.bss)
    hspi2                                    0x2000053c   Data          88  main.o(.bss)
    htim3                                    0x20000594   Data          64  main.o(.bss)
    huart1                                   0x200005d4   Data          64  main.o(.bss)
    __initial_sp                             0x20000a18   Data           0  startup_stm32f103xb.o(STACK)



==============================================================================

Memory Map of the image

  Image Entry point : 0x080000ed

  Load Region LR_IROM1 (Base: 0x08000000, Size: 0x00005544, Max: 0x00010000, ABSOLUTE, COMPRESSED[0x000054ec])

    Execution Region ER_IROM1 (Exec base: 0x08000000, Load base: 0x08000000, Size: 0x00005254, Max: 0x00010000, ABSOLUTE)

    Exec Addr    Load Addr    Size         Type   Attr      Idx    E Section Name        Object

    0x08000000   0x08000000   0x000000ec   Data   RO            3    RESET               startup_stm32f103xb.o
    0x080000ec   0x080000ec   0x00000000   Code   RO         4651  * .ARM.Collect$$$$00000000  mc_w.l(entry.o)
    0x080000ec   0x080000ec   0x00000004   Code   RO         4924    .ARM.Collect$$$$00000001  mc_w.l(entry2.o)
    0x080000f0   0x080000f0   0x00000004   Code   RO         4927    .ARM.Collect$$$$00000004  mc_w.l(entry5.o)
    0x080000f4   0x080000f4   0x00000000   Code   RO         4929    .ARM.Collect$$$$00000008  mc_w.l(entry7b.o)
    0x080000f4   0x080000f4   0x00000000   Code   RO         4931    .ARM.Collect$$$$0000000A  mc_w.l(entry8b.o)
    0x080000f4   0x080000f4   0x00000008   Code   RO         4932    .ARM.Collect$$$$0000000B  mc_w.l(entry9a.o)
    0x080000fc   0x080000fc   0x00000000   Code   RO         4934    .ARM.Collect$$$$0000000D  mc_w.l(entry10a.o)
    0x080000fc   0x080000fc   0x00000000   Code   RO         4936    .ARM.Collect$$$$0000000F  mc_w.l(entry11a.o)
    0x080000fc   0x080000fc   0x00000004   Code   RO         4925    .ARM.Collect$$$$00002712  mc_w.l(entry2.o)
    0x08000100   0x08000100   0x00000024   Code   RO            4    .text               startup_stm32f103xb.o
    0x08000124   0x08000124   0x00000024   Code   RO         4656    .text               mc_w.l(memcpya.o)
    0x08000148   0x08000148   0x00000024   Code   RO         4658    .text               mc_w.l(memseta.o)
    0x0800016c   0x0800016c   0x00000012   Code   RO         4660    .text               mc_w.l(strcpy.o)
    0x0800017e   0x0800017e   0x00000002   PAD
    0x08000180   0x08000180   0x00000024   Code   RO         4954    .text               mc_w.l(init.o)
    0x080001a4   0x080001a4   0x0000005e   Code   RO         4970    .text               mc_w.l(__dclz77c.o)
    0x08000202   0x08000202   0x00000002   Code   RO         1348    i.BusFault_Handler  stm32f1xx_it.o
    0x08000204   0x08000204   0x00000002   Code   RO         1349    i.DebugMon_Handler  stm32f1xx_it.o
    0x08000206   0x08000206   0x00000006   Code   RO         1350    i.EXTI0_IRQHandler  stm32f1xx_it.o
    0x0800020c   0x0800020c   0x00000098   Code   RO         3856    i.HAL_DMA_Abort_IT  stm32f1xx_hal_dma.o
    0x080002a4   0x080002a4   0x00000024   Code   RO         3495    i.HAL_Delay         stm32f1xx_hal.o
    0x080002c8   0x080002c8   0x00000002   Code   RO         3789    i.HAL_GPIO_EXTI_Callback  stm32f1xx_hal_gpio.o
    0x080002ca   0x080002ca   0x00000002   PAD
    0x080002cc   0x080002cc   0x00000018   Code   RO         3790    i.HAL_GPIO_EXTI_IRQHandler  stm32f1xx_hal_gpio.o
    0x080002e4   0x080002e4   0x000001bc   Code   RO         3791    i.HAL_GPIO_Init     stm32f1xx_hal_gpio.o
    0x080004a0   0x080004a0   0x0000000a   Code   RO         3793    i.HAL_GPIO_ReadPin  stm32f1xx_hal_gpio.o
    0x080004aa   0x080004aa   0x0000000a   Code   RO         3795    i.HAL_GPIO_WritePin  stm32f1xx_hal_gpio.o
    0x080004b4   0x080004b4   0x0000000c   Code   RO         3499    i.HAL_GetTick       stm32f1xx_hal.o
    0x080004c0   0x080004c0   0x00000140   Code   RO         1564    i.HAL_I2C_Init      stm32f1xx_hal_i2c.o
    0x08000600   0x08000600   0x00000210   Code   RO         1570    i.HAL_I2C_Master_Receive  stm32f1xx_hal_i2c.o
    0x08000810   0x08000810   0x00000138   Code   RO         1575    i.HAL_I2C_Master_Transmit  stm32f1xx_hal_i2c.o
    0x08000948   0x08000948   0x0000005c   Code   RO         1446    i.HAL_I2C_MspInit   stm32f1xx_hal_msp.o
    0x080009a4   0x080009a4   0x00000010   Code   RO         3503    i.HAL_IncTick       stm32f1xx_hal.o
    0x080009b4   0x080009b4   0x00000024   Code   RO         3504    i.HAL_Init          stm32f1xx_hal.o
    0x080009d8   0x080009d8   0x00000040   Code   RO         3505    i.HAL_InitTick      stm32f1xx_hal.o
    0x08000a18   0x08000a18   0x0000003c   Code   RO         1447    i.HAL_MspInit       stm32f1xx_hal_msp.o
    0x08000a54   0x08000a54   0x00000016   Code   RO         3950    i.HAL_NVIC_DisableIRQ  stm32f1xx_hal_cortex.o
    0x08000a6a   0x08000a6a   0x00000016   Code   RO         3951    i.HAL_NVIC_EnableIRQ  stm32f1xx_hal_cortex.o
    0x08000a80   0x08000a80   0x00000040   Code   RO         3957    i.HAL_NVIC_SetPriority  stm32f1xx_hal_cortex.o
    0x08000ac0   0x08000ac0   0x00000024   Code   RO         3958    i.HAL_NVIC_SetPriorityGrouping  stm32f1xx_hal_cortex.o
    0x08000ae4   0x08000ae4   0x0000001c   Code   RO         4077    i.HAL_PWR_EnableWakeUpPin  stm32f1xx_hal_pwr.o
    0x08000b00   0x08000b00   0x00000020   Code   RO         4079    i.HAL_PWR_EnterSTANDBYMode  stm32f1xx_hal_pwr.o
    0x08000b20   0x08000b20   0x0000016c   Code   RO         3651    i.HAL_RCC_ClockConfig  stm32f1xx_hal_rcc.o
    0x08000c8c   0x08000c8c   0x00000020   Code   RO         3658    i.HAL_RCC_GetPCLK1Freq  stm32f1xx_hal_rcc.o
    0x08000cac   0x08000cac   0x00000020   Code   RO         3659    i.HAL_RCC_GetPCLK2Freq  stm32f1xx_hal_rcc.o
    0x08000ccc   0x08000ccc   0x00000074   Code   RO         3660    i.HAL_RCC_GetSysClockFreq  stm32f1xx_hal_rcc.o
    0x08000d40   0x08000d40   0x00000304   Code   RO         3663    i.HAL_RCC_OscConfig  stm32f1xx_hal_rcc.o
    0x08001044   0x08001044   0x00000002   Code   RO         1958    i.HAL_SPI_ErrorCallback  stm32f1xx_hal_spi.o
    0x08001046   0x08001046   0x00000002   PAD
    0x08001048   0x08001048   0x000000c4   Code   RO         1961    i.HAL_SPI_IRQHandler  stm32f1xx_hal_spi.o
    0x0800110c   0x0800110c   0x00000082   Code   RO         2274    i.HAL_SPI_Init      stm32f1xx_hal_spi_ex.o
    0x0800118e   0x0800118e   0x00000002   PAD
    0x08001190   0x08001190   0x00000084   Code   RO         1449    i.HAL_SPI_MspInit   stm32f1xx_hal_msp.o
    0x08001214   0x08001214   0x000001d8   Code   RO         1971    i.HAL_SPI_TransmitReceive  stm32f1xx_hal_spi.o
    0x080013ec   0x080013ec   0x00000028   Code   RO         3962    i.HAL_SYSTICK_Config  stm32f1xx_hal_cortex.o
    0x08001414   0x08001414   0x00000050   Code   RO         2946    i.HAL_TIMEx_MasterConfigSynchronization  stm32f1xx_hal_tim_ex.o
    0x08001464   0x08001464   0x00000036   Code   RO         2300    i.HAL_TIM_Base_Init  stm32f1xx_hal_tim.o
    0x0800149a   0x0800149a   0x00000002   PAD
    0x0800149c   0x0800149c   0x00000028   Code   RO         1451    i.HAL_TIM_Base_MspInit  stm32f1xx_hal_msp.o
    0x080014c4   0x080014c4   0x000000f2   Code   RO         2309    i.HAL_TIM_ConfigClockSource  stm32f1xx_hal_tim.o
    0x080015b6   0x080015b6   0x00000002   PAD
    0x080015b8   0x080015b8   0x00000030   Code   RO         2373    i.HAL_TIM_PWM_Start  stm32f1xx_hal_tim.o
    0x080015e8   0x080015e8   0x00000002   Code   RO         3183    i.HAL_UART_ErrorCallback  stm32f1xx_hal_uart.o
    0x080015ea   0x080015ea   0x00000002   PAD
    0x080015ec   0x080015ec   0x00000110   Code   RO         3186    i.HAL_UART_IRQHandler  stm32f1xx_hal_uart.o
    0x080016fc   0x080016fc   0x00000062   Code   RO         3187    i.HAL_UART_Init     stm32f1xx_hal_uart.o
    0x0800175e   0x0800175e   0x00000002   PAD
    0x08001760   0x08001760   0x00000080   Code   RO         1453    i.HAL_UART_MspInit  stm32f1xx_hal_msp.o
    0x080017e0   0x080017e0   0x00000002   Code   RO         3193    i.HAL_UART_RxCpltCallback  stm32f1xx_hal_uart.o
    0x080017e2   0x080017e2   0x000000ba   Code   RO         3195    i.HAL_UART_Transmit  stm32f1xx_hal_uart.o
    0x0800189c   0x0800189c   0x00000002   Code   RO         3198    i.HAL_UART_TxCpltCallback  stm32f1xx_hal_uart.o
    0x0800189e   0x0800189e   0x00000002   Code   RO         1351    i.HardFault_Handler  stm32f1xx_it.o
    0x080018a0   0x080018a0   0x00000028   Code   RO         1602    i.I2C_IsAcknowledgeFailed  stm32f1xx_hal_i2c.o
    0x080018c8   0x080018c8   0x000000de   Code   RO         1605    i.I2C_MasterRequestRead  stm32f1xx_hal_i2c.o
    0x080019a6   0x080019a6   0x00000002   PAD
    0x080019a8   0x080019a8   0x00000094   Code   RO         1606    i.I2C_MasterRequestWrite  stm32f1xx_hal_i2c.o
    0x08001a3c   0x08001a3c   0x0000004e   Code   RO         1615    i.I2C_WaitOnBTFFlagUntilTimeout  stm32f1xx_hal_i2c.o
    0x08001a8a   0x08001a8a   0x00000060   Code   RO         1616    i.I2C_WaitOnFlagUntilTimeout  stm32f1xx_hal_i2c.o
    0x08001aea   0x08001aea   0x00000002   PAD
    0x08001aec   0x08001aec   0x00000088   Code   RO         1617    i.I2C_WaitOnMasterAddressFlagUntilTimeout  stm32f1xx_hal_i2c.o
    0x08001b74   0x08001b74   0x00000062   Code   RO         1618    i.I2C_WaitOnRXNEFlagUntilTimeout  stm32f1xx_hal_i2c.o
    0x08001bd6   0x08001bd6   0x0000004e   Code   RO         1619    i.I2C_WaitOnTXEFlagUntilTimeout  stm32f1xx_hal_i2c.o
    0x08001c24   0x08001c24   0x000000d0   Code   RO         1240    i.MX_GPIO_Init      main.o
    0x08001cf4   0x08001cf4   0x00000034   Code   RO         1241    i.MX_SPI2_Init      main.o
    0x08001d28   0x08001d28   0x0000004c   Code   RO         1242    i.MX_TIM3_Init      main.o
    0x08001d74   0x08001d74   0x00000002   Code   RO         1352    i.MemManage_Handler  stm32f1xx_it.o
    0x08001d76   0x08001d76   0x00000002   Code   RO         1353    i.NMI_Handler       stm32f1xx_it.o
    0x08001d78   0x08001d78   0x00000020   Code   RO         3964    i.NVIC_SetPriority  stm32f1xx_hal_cortex.o
    0x08001d98   0x08001d98   0x00000002   Code   RO         1354    i.PendSV_Handler    stm32f1xx_it.o
    0x08001d9a   0x08001d9a   0x00000002   PAD
    0x08001d9c   0x08001d9c   0x0000000c   Code   RO         1355    i.SPI2_IRQHandler   stm32f1xx_it.o
    0x08001da8   0x08001da8   0x00000020   Code   RO         1986    i.SPI_CheckFlag_BSY  stm32f1xx_hal_spi.o
    0x08001dc8   0x08001dc8   0x00000010   Code   RO         1990    i.SPI_DMAAbortOnError  stm32f1xx_hal_spi.o
    0x08001dd8   0x08001dd8   0x00000096   Code   RO         2005    i.SPI_WaitFlagStateUntilTimeout  stm32f1xx_hal_spi.o
    0x08001e6e   0x08001e6e   0x00000002   Code   RO         1356    i.SVC_Handler       stm32f1xx_it.o
    0x08001e70   0x08001e70   0x00000178   Code   RO         1357    i.SysTick_Handler   stm32f1xx_it.o
    0x08001fe8   0x08001fe8   0x00000048   Code   RO         1243    i.SystemClock_Config  main.o
    0x08002030   0x08002030   0x00000048   Code   RO         4380    i.SystemInit        system_stm32f1xx.o
    0x08002078   0x08002078   0x0000006c   Code   RO         2384    i.TIM_Base_SetConfig  stm32f1xx_hal_tim.o
    0x080020e4   0x080020e4   0x00000016   Code   RO         2385    i.TIM_CCxChannelCmd  stm32f1xx_hal_tim.o
    0x080020fa   0x080020fa   0x00000014   Code   RO         2391    i.TIM_ETR_SetConfig  stm32f1xx_hal_tim.o
    0x0800210e   0x0800210e   0x00000010   Code   RO         2392    i.TIM_ITRx_SetConfig  stm32f1xx_hal_tim.o
    0x0800211e   0x0800211e   0x00000022   Code   RO         2398    i.TIM_TI1_ConfigInputStage  stm32f1xx_hal_tim.o
    0x08002140   0x08002140   0x00000024   Code   RO         2400    i.TIM_TI2_ConfigInputStage  stm32f1xx_hal_tim.o
    0x08002164   0x08002164   0x000000ac   Code   RO         1244    i.TransmitComand    main.o
    0x08002210   0x08002210   0x00000010   Code   RO         3200    i.UART_DMAAbortOnError  stm32f1xx_hal_uart.o
    0x08002220   0x08002220   0x0000001c   Code   RO         3210    i.UART_EndRxTransfer  stm32f1xx_hal_uart.o
    0x0800223c   0x0800223c   0x00000096   Code   RO         3212    i.UART_Receive_IT   stm32f1xx_hal_uart.o
    0x080022d2   0x080022d2   0x00000002   PAD
    0x080022d4   0x080022d4   0x00000170   Code   RO         3213    i.UART_SetConfig    stm32f1xx_hal_uart.o
    0x08002444   0x08002444   0x00000062   Code   RO         3214    i.UART_Transmit_IT  stm32f1xx_hal_uart.o
    0x080024a6   0x080024a6   0x00000064   Code   RO         3215    i.UART_WaitOnFlagUntilTimeout  stm32f1xx_hal_uart.o
    0x0800250a   0x0800250a   0x00000002   PAD
    0x0800250c   0x0800250c   0x0000000c   Code   RO         1358    i.USART1_IRQHandler  stm32f1xx_it.o
    0x08002518   0x08002518   0x00000002   Code   RO         1359    i.UsageFault_Handler  stm32f1xx_it.o
    0x0800251a   0x0800251a   0x00000002   PAD
    0x0800251c   0x0800251c   0x0000007c   Code   RO           13    i.VL53L0X_CheckAndLoadInterruptSettings  vl53l0x_api.o
    0x08002598   0x08002598   0x0000004c   Code   RO           14    i.VL53L0X_ClearInterruptMask  vl53l0x_api.o
    0x080025e4   0x080025e4   0x0000018c   Code   RO           15    i.VL53L0X_DataInit  vl53l0x_api.o
    0x08002770   0x08002770   0x00000080   Code   RO           21    i.VL53L0X_GetDeviceParameters  vl53l0x_api.o
    0x080027f0   0x080027f0   0x0000001a   Code   RO           23    i.VL53L0X_GetFractionEnable  vl53l0x_api.o
    0x0800280a   0x0800280a   0x00000036   Code   RO           27    i.VL53L0X_GetInterMeasurementPeriodMilliSeconds  vl53l0x_api.o
    0x08002840   0x08002840   0x00000022   Code   RO           28    i.VL53L0X_GetInterruptMaskStatus  vl53l0x_api.o
    0x08002862   0x08002862   0x00000034   Code   RO           29    i.VL53L0X_GetInterruptThresholds  vl53l0x_api.o
    0x08002896   0x08002896   0x00000018   Code   RO           31    i.VL53L0X_GetLimitCheckEnable  vl53l0x_api.o
    0x080028ae   0x080028ae   0x00000002   PAD
    0x080028b0   0x080028b0   0x0000007a   Code   RO           34    i.VL53L0X_GetLimitCheckValue  vl53l0x_api.o
    0x0800292a   0x0800292a   0x0000003a   Code   RO           37    i.VL53L0X_GetMeasurementDataReady  vl53l0x_api.o
    0x08002964   0x08002964   0x00000004   Code   RO           39    i.VL53L0X_GetMeasurementTimingBudgetMicroSeconds  vl53l0x_api.o
    0x08002968   0x08002968   0x00000004   Code   RO           43    i.VL53L0X_GetOffsetCalibrationDataMicroMeter  vl53l0x_api.o
    0x0800296c   0x0800296c   0x0000012c   Code   RO           51    i.VL53L0X_GetRangingMeasurementData  vl53l0x_api.o
    0x08002a98   0x08002a98   0x00000072   Code   RO           55    i.VL53L0X_GetSequenceStepEnables  vl53l0x_api.o
    0x08002b0a   0x08002b0a   0x00000004   Code   RO           64    i.VL53L0X_GetVcselPulsePeriod  vl53l0x_api.o
    0x08002b0e   0x08002b0e   0x0000002c   Code   RO           66    i.VL53L0X_GetWrapAroundCheckEnable  vl53l0x_api.o
    0x08002b3a   0x08002b3a   0x0000000a   Code   RO           67    i.VL53L0X_GetXTalkCompensationEnable  vl53l0x_api.o
    0x08002b44   0x08002b44   0x0000002c   Code   RO           68    i.VL53L0X_GetXTalkCompensationRateMegaCps  vl53l0x_api.o
    0x08002b70   0x08002b70   0x00000006   Code   RO           70    i.VL53L0X_PerformRefCalibration  vl53l0x_api.o
    0x08002b76   0x08002b76   0x00000004   Code   RO           71    i.VL53L0X_PerformRefSpadManagement  vl53l0x_api.o
    0x08002b7a   0x08002b7a   0x00000022   Code   RO           73    i.VL53L0X_PerformSingleMeasurement  vl53l0x_api.o
    0x08002b9c   0x08002b9c   0x00000034   Code   RO           74    i.VL53L0X_PerformSingleRangingMeasurement  vl53l0x_api.o
    0x08002bd0   0x08002bd0   0x0000000e   Code   RO         1149    i.VL53L0X_PollingDelay  vl53l0x_platform.o
    0x08002bde   0x08002bde   0x00000028   Code   RO         1150    i.VL53L0X_RdByte    vl53l0x_platform.o
    0x08002c06   0x08002c06   0x00000002   PAD
    0x08002c08   0x08002c08   0x00000048   Code   RO         1151    i.VL53L0X_RdDWord   vl53l0x_platform.o
    0x08002c50   0x08002c50   0x0000003c   Code   RO         1152    i.VL53L0X_RdWord    vl53l0x_platform.o
    0x08002c8c   0x08002c8c   0x00000030   Code   RO         1153    i.VL53L0X_ReadMulti  vl53l0x_platform.o
    0x08002cbc   0x08002cbc   0x00000008   Code   RO           78    i.VL53L0X_SetDeviceAddress  vl53l0x_api.o
    0x08002cc4   0x08002cc4   0x00000024   Code   RO           79    i.VL53L0X_SetDeviceMode  vl53l0x_api.o
    0x08002ce8   0x08002ce8   0x00000138   Code   RO           82    i.VL53L0X_SetGpioConfig  vl53l0x_api.o
    0x08002e20   0x08002e20   0x00000082   Code   RO           87    i.VL53L0X_SetLimitCheckEnable  vl53l0x_api.o
    0x08002ea2   0x08002ea2   0x00000050   Code   RO           88    i.VL53L0X_SetLimitCheckValue  vl53l0x_api.o
    0x08002ef2   0x08002ef2   0x00000004   Code   RO           90    i.VL53L0X_SetMeasurementTimingBudgetMicroSeconds  vl53l0x_api.o
    0x08002ef6   0x08002ef6   0x00000004   Code   RO           95    i.VL53L0X_SetRefCalibration  vl53l0x_api.o
    0x08002efa   0x08002efa   0x00000004   Code   RO           96    i.VL53L0X_SetReferenceSpads  vl53l0x_api.o
    0x08002efe   0x08002efe   0x000000ae   Code   RO           97    i.VL53L0X_SetSequenceStepEnable  vl53l0x_api.o
    0x08002fac   0x08002fac   0x000000d4   Code   RO          106    i.VL53L0X_StartMeasurement  vl53l0x_api.o
    0x08003080   0x08003080   0x00000174   Code   RO          107    i.VL53L0X_StaticInit  vl53l0x_api.o
    0x080031f4   0x080031f4   0x0000002a   Code   RO         1154    i.VL53L0X_UpdateByte  vl53l0x_platform.o
    0x0800321e   0x0800321e   0x00000002   PAD
    0x08003220   0x08003220   0x00000024   Code   RO         1155    i.VL53L0X_WrByte    vl53l0x_platform.o
    0x08003244   0x08003244   0x00000028   Code   RO         1157    i.VL53L0X_WrWord    vl53l0x_platform.o
    0x0800326c   0x0800326c   0x00000038   Code   RO         1158    i.VL53L0X_WriteMulti  vl53l0x_platform.o
    0x080032a4   0x080032a4   0x000000d8   Code   RO          906    i.VL53L0X_calc_dmax  vl53l0x_api_core.o
    0x0800337c   0x0800337c   0x00000010   Code   RO          907    i.VL53L0X_calc_macro_period_ps  vl53l0x_api_core.o
    0x0800338c   0x0800338c   0x00000228   Code   RO          908    i.VL53L0X_calc_sigma_estimate  vl53l0x_api_core.o
    0x080035b4   0x080035b4   0x00000022   Code   RO          909    i.VL53L0X_calc_timeout_mclks  vl53l0x_api_core.o
    0x080035d6   0x080035d6   0x00000022   Code   RO          910    i.VL53L0X_calc_timeout_us  vl53l0x_api_core.o
    0x080035f8   0x080035f8   0x0000000c   Code   RO          911    i.VL53L0X_decode_timeout  vl53l0x_api_core.o
    0x08003604   0x08003604   0x00000008   Code   RO          912    i.VL53L0X_decode_vcsel_period  vl53l0x_api_core.o
    0x0800360c   0x0800360c   0x0000004a   Code   RO          913    i.VL53L0X_device_read_strobe  vl53l0x_api_core.o
    0x08003656   0x08003656   0x0000001e   Code   RO          914    i.VL53L0X_encode_timeout  vl53l0x_api_core.o
    0x08003674   0x08003674   0x00000528   Code   RO          916    i.VL53L0X_get_info_from_device  vl53l0x_api_core.o
    0x08003b9c   0x08003b9c   0x000000c4   Code   RO          917    i.VL53L0X_get_measurement_timing_budget_micro_seconds  vl53l0x_api_core.o
    0x08003c60   0x08003c60   0x00000032   Code   RO          751    i.VL53L0X_get_offset_calibration_data_micro_meter  vl53l0x_api_calibration.o
    0x08003c92   0x08003c92   0x00000002   PAD
    0x08003c94   0x08003c94   0x000001e6   Code   RO          918    i.VL53L0X_get_pal_range_status  vl53l0x_api_core.o
    0x08003e7a   0x08003e7a   0x0000001c   Code   RO          919    i.VL53L0X_get_total_signal_rate  vl53l0x_api_core.o
    0x08003e96   0x08003e96   0x0000002e   Code   RO          920    i.VL53L0X_get_total_xtalk_rate  vl53l0x_api_core.o
    0x08003ec4   0x08003ec4   0x00000030   Code   RO          921    i.VL53L0X_get_vcsel_pulse_period  vl53l0x_api_core.o
    0x08003ef4   0x08003ef4   0x0000002a   Code   RO          922    i.VL53L0X_isqrt     vl53l0x_api_core.o
    0x08003f1e   0x08003f1e   0x00000002   PAD
    0x08003f20   0x08003f20   0x000000a4   Code   RO          923    i.VL53L0X_load_tuning_settings  vl53l0x_api_core.o
    0x08003fc4   0x08003fc4   0x00000036   Code   RO          924    i.VL53L0X_measurement_poll_for_completion  vl53l0x_api_core.o
    0x08003ffa   0x08003ffa   0x00000074   Code   RO          755    i.VL53L0X_perform_phase_calibration  vl53l0x_api_calibration.o
    0x0800406e   0x0800406e   0x00000040   Code   RO          756    i.VL53L0X_perform_ref_calibration  vl53l0x_api_calibration.o
    0x080040ae   0x080040ae   0x0000021e   Code   RO          757    i.VL53L0X_perform_ref_spad_management  vl53l0x_api_calibration.o
    0x080042cc   0x080042cc   0x00000038   Code   RO          758    i.VL53L0X_perform_single_ref_calibration  vl53l0x_api_calibration.o
    0x08004304   0x08004304   0x00000074   Code   RO          759    i.VL53L0X_perform_vhv_calibration  vl53l0x_api_calibration.o
    0x08004378   0x08004378   0x000000b2   Code   RO          761    i.VL53L0X_ref_calibration_io  vl53l0x_api_calibration.o
    0x0800442a   0x0800442a   0x000000c2   Code   RO          927    i.VL53L0X_set_measurement_timing_budget_micro_seconds  vl53l0x_api_core.o
    0x080044ec   0x080044ec   0x00000020   Code   RO          763    i.VL53L0X_set_ref_calibration  vl53l0x_api_calibration.o
    0x0800450c   0x0800450c   0x000000a6   Code   RO          764    i.VL53L0X_set_reference_spads  vl53l0x_api_calibration.o
    0x080045b2   0x080045b2   0x00000020   Code   RO         1159    i._I2CRead          vl53l0x_platform.o
    0x080045d2   0x080045d2   0x0000001c   Code   RO         1160    i._I2CWrite         vl53l0x_platform.o
    0x080045ee   0x080045ee   0x00000002   PAD
    0x080045f0   0x080045f0   0x00000010   Code   RO         4665    i.__0printf$bare    mc_w.l(printfb.o)
    0x08004600   0x08004600   0x0000000e   Code   RO         4964    i.__scatterload_copy  mc_w.l(handlers.o)
    0x0800460e   0x0800460e   0x00000002   Code   RO         4965    i.__scatterload_null  mc_w.l(handlers.o)
    0x08004610   0x08004610   0x0000000e   Code   RO         4966    i.__scatterload_zeroinit  mc_w.l(handlers.o)
    0x0800461e   0x0800461e   0x00000022   Code   RO         4672    i._printf_core      mc_w.l(printfb.o)
    0x08004640   0x08004640   0x00000094   Code   RO          766    i.enable_ref_spads  vl53l0x_api_calibration.o
    0x080046d4   0x080046d4   0x0000002a   Code   RO          767    i.enable_spad_bit   vl53l0x_api_calibration.o
    0x080046fe   0x080046fe   0x00000002   PAD
    0x08004700   0x08004700   0x00000018   Code   RO         1246    i.fputc             main.o
    0x08004718   0x08004718   0x0000005c   Code   RO          768    i.get_next_good_spad  vl53l0x_api_calibration.o
    0x08004774   0x08004774   0x0000000a   Code   RO          769    i.get_ref_spad_map  vl53l0x_api_calibration.o
    0x0800477e   0x0800477e   0x000000f2   Code   RO          929    i.get_sequence_step_timeout  vl53l0x_api_core.o
    0x08004870   0x08004870   0x000000b4   Code   RO         1247    i.initSensor        main.o
    0x08004924   0x08004924   0x00000018   Code   RO          770    i.is_aperture       vl53l0x_api_calibration.o
    0x0800493c   0x0800493c   0x000002b4   Code   RO         1248    i.main              main.o
    0x08004bf0   0x08004bf0   0x00000040   Code   RO         4417    i.nRF24_Check       nrf24.o
    0x08004c30   0x08004c30   0x00000016   Code   RO         4418    i.nRF24_ClearIRQFlags  nrf24.o
    0x08004c46   0x08004c46   0x00000024   Code   RO         4420    i.nRF24_DisableAA   nrf24.o
    0x08004c6a   0x08004c6a   0x00000008   Code   RO         4422    i.nRF24_FlushRX     nrf24.o
    0x08004c72   0x08004c72   0x00000008   Code   RO         4423    i.nRF24_FlushTX     nrf24.o
    0x08004c7a   0x08004c7a   0x00000006   Code   RO         4427    i.nRF24_GetStatus   nrf24.o
    0x08004c80   0x08004c80   0x000000a0   Code   RO         4430    i.nRF24_Init        nrf24.o
    0x08004d20   0x08004d20   0x00000020   Code   RO         4625    i.nRF24_LL_RW       nrf24_hal.o
    0x08004d40   0x08004d40   0x00000048   Code   RO         4431    i.nRF24_ReadMBReg   nrf24.o
    0x08004d88   0x08004d88   0x00000038   Code   RO         4433    i.nRF24_ReadReg     nrf24.o
    0x08004dc0   0x08004dc0   0x00000078   Code   RO         4435    i.nRF24_SetAddr     nrf24.o
    0x08004e38   0x08004e38   0x0000000a   Code   RO         4436    i.nRF24_SetAddrWidth  nrf24.o
    0x08004e42   0x08004e42   0x0000001e   Code   RO         4438    i.nRF24_SetCRCScheme  nrf24.o
    0x08004e60   0x08004e60   0x0000001a   Code   RO         4439    i.nRF24_SetDataRate  nrf24.o
    0x08004e7a   0x08004e7a   0x0000001e   Code   RO         4440    i.nRF24_SetOperationalMode  nrf24.o
    0x08004e98   0x08004e98   0x00000022   Code   RO         4441    i.nRF24_SetPowerMode  nrf24.o
    0x08004eba   0x08004eba   0x00000008   Code   RO         4442    i.nRF24_SetRFChannel  nrf24.o
    0x08004ec2   0x08004ec2   0x00000002   PAD
    0x08004ec4   0x08004ec4   0x00000050   Code   RO         4443    i.nRF24_SetRXPipe   nrf24.o
    0x08004f14   0x08004f14   0x0000001a   Code   RO         4444    i.nRF24_SetTXPower  nrf24.o
    0x08004f2e   0x08004f2e   0x00000002   PAD
    0x08004f30   0x08004f30   0x00000074   Code   RO         1249    i.nRF24_TransmitPacket  main.o
    0x08004fa4   0x08004fa4   0x00000040   Code   RO         4445    i.nRF24_WriteMBReg  nrf24.o
    0x08004fe4   0x08004fe4   0x0000000a   Code   RO         4446    i.nRF24_WritePayload  nrf24.o
    0x08004fee   0x08004fee   0x00000002   PAD
    0x08004ff0   0x08004ff0   0x00000058   Code   RO         4447    i.nRF24_WriteReg    nrf24.o
    0x08005048   0x08005048   0x00000064   Code   RO          771    i.perform_ref_signal_measurement  vl53l0x_api_calibration.o
    0x080050ac   0x080050ac   0x00000038   Code   RO          111    i.sequence_step_enabled  vl53l0x_api.o
    0x080050e4   0x080050e4   0x0000000a   Code   RO          772    i.set_ref_spad_map  vl53l0x_api_calibration.o
    0x080050ee   0x080050ee   0x00000102   Code   RO          930    i.set_sequence_step_timeout  vl53l0x_api_core.o
    0x080051f0   0x080051f0   0x0000001e   Data   RO         1252    .constdata          main.o
    0x0800520e   0x0800520e   0x00000010   Data   RO         4381    .constdata          system_stm32f1xx.o
    0x0800521e   0x0800521e   0x00000008   Data   RO         4382    .constdata          system_stm32f1xx.o
    0x08005226   0x08005226   0x0000000d   Data   RO         4448    .constdata          nrf24.o
    0x08005233   0x08005233   0x00000001   PAD
    0x08005234   0x08005234   0x00000020   Data   RO         4962    Region$$Table       anon$$obj.o


    Execution Region RW_IRAM1 (Exec base: 0x20000000, Load base: 0x08005254, Size: 0x00000a18, Max: 0x00005000, ABSOLUTE, COMPRESSED[0x00000298])

    Exec Addr    Load Addr    Size         Type   Attr      Idx    E Section Name        Object

    0x20000000   COMPRESSED   0x000002a9   Data   RW          112    .data               vl53l0x_api.o
    0x200002a9   COMPRESSED   0x00000003   PAD
    0x200002ac   COMPRESSED   0x00000010   Data   RW          773    .data               vl53l0x_api_calibration.o
    0x200002bc   COMPRESSED   0x0000001c   Data   RW         1253    .data               main.o
    0x200002d8   COMPRESSED   0x00000001   Data   RW         1254    .data               main.o
    0x200002d9   COMPRESSED   0x00000001   Data   RW         1255    .data               main.o
    0x200002da   COMPRESSED   0x00000002   Data   RW         1360    .data               stm32f1xx_it.o
    0x200002dc   COMPRESSED   0x0000000c   Data   RW         3511    .data               stm32f1xx_hal.o
    0x200002e8   COMPRESSED   0x00000004   Data   RW         4383    .data               system_stm32f1xx.o
    0x200002ec   COMPRESSED   0x00000004   Data   RW         4938    .data               mc_w.l(stdout.o)
    0x200002f0        -       0x00000040   Zero   RW         1161    .bss                vl53l0x_platform.o
    0x20000330        -       0x000002e4   Zero   RW         1250    .bss                main.o
    0x20000614   COMPRESSED   0x00000004   PAD
    0x20000618        -       0x00000400   Zero   RW            1    STACK               startup_stm32f103xb.o


==============================================================================

Image component sizes


      Code (inc. data)   RO Data    RW Data    ZI Data      Debug   Object Name

      1592        204         30         30        740      12076   main.o
       958         56         13          0          0      14774   nrf24.o
        32          6          0          0          0        502   nrf24_hal.o
        36          8        236          0       1024        788   startup_stm32f103xb.o
       164         28          0         12          0       5777   stm32f1xx_hal.o
       216         14          0          0          0      26289   stm32f1xx_hal_cortex.o
       152          4          0          0          0       1071   stm32f1xx_hal_dma.o
       490         42          0          0          0       4527   stm32f1xx_hal_gpio.o
      2056         44          0          0          0      11974   stm32f1xx_hal_i2c.o
       452         56          0          0          0       3368   stm32f1xx_hal_msp.o
        60         14          0          0          0       1041   stm32f1xx_hal_pwr.o
      1316        100          0          0          0       5160   stm32f1xx_hal_rcc.o
       868          6          0          0          0       5603   stm32f1xx_hal_spi.o
       130          0          0          0          0       1035   stm32f1xx_hal_spi_ex.o
       580         20          0          0          0       6929   stm32f1xx_hal_tim.o
        80          0          0          0          0       1244   stm32f1xx_hal_tim_ex.o
      1322         10          0          0          0       8867   stm32f1xx_hal_uart.o
       422         74          0          2          0       5416   stm32f1xx_it.o
        72         16         24          4          0       1115   system_stm32f1xx.o
      3106         64          0        681          0     487605   vl53l0x_api.o
      1746          4          0         16          0      16159   vl53l0x_api_calibration.o
      4054         18          0          0          0      23976   vl53l0x_api_core.o
       468         24          0          0         64       8073   vl53l0x_platform.o

    ----------------------------------------------------------------------
     20418        812        336        748       1832     653369   Object Totals
         0          0         32          0          0          0   (incl. Generated)
        46          0          1          3          4          0   (incl. Padding)

    ----------------------------------------------------------------------

      Code (inc. data)   RO Data    RW Data    ZI Data      Debug   Library Member Name

        94          0          0          0          0          0   __dclz77c.o
         0          0          0          0          0          0   entry.o
         0          0          0          0          0          0   entry10a.o
         0          0          0          0          0          0   entry11a.o
         8          4          0          0          0          0   entry2.o
         4          0          0          0          0          0   entry5.o
         0          0          0          0          0          0   entry7b.o
         0          0          0          0          0          0   entry8b.o
         8          4          0          0          0          0   entry9a.o
        30          0          0          0          0          0   handlers.o
        36          8          0          0          0         68   init.o
        36          0          0          0          0         68   memcpya.o
        36          0          0          0          0        108   memseta.o
        50          8          0          0          0        152   printfb.o
         0          0          0          4          0          0   stdout.o
        18          0          0          0          0         68   strcpy.o

    ----------------------------------------------------------------------
       322         24          0          4          0        464   Library Totals
         2          0          0          0          0          0   (incl. Padding)

    ----------------------------------------------------------------------

      Code (inc. data)   RO Data    RW Data    ZI Data      Debug   Library Name

       320         24          0          4          0        464   mc_w.l

    ----------------------------------------------------------------------
       322         24          0          4          0        464   Library Totals

    ----------------------------------------------------------------------

==============================================================================


      Code (inc. data)   RO Data    RW Data    ZI Data      Debug   

     20740        836        336        752       1832     643977   Grand Totals
     20740        836        336        664       1832     643977   ELF Image Totals (compressed)
     20740        836        336        664          0          0   ROM Totals

==============================================================================

    Total RO  Size (Code + RO Data)                21076 (  20.58kB)
    Total RW  Size (RW Data + ZI Data)              2584 (   2.52kB)
    Total ROM Size (Code + RO Data + RW Data)      21740 (  21.23kB)

==============================================================================

