<html>
<body>
<pre>
<h1>µVision Build Log</h1>
<h2>Tool Versions:</h2>
IDE-Version: µVision V5.25.2.0
Copyright (C) 2018 ARM Ltd and ARM Germany GmbH. All rights reserved.
License Information: Alexander Balashov, Bazovye Tekhnologii, LIC=EYKPE-507FR-19MGH-UMTFS-PS14X-VPYUP
 
Tool Versions:
Toolchain:       MDK-ARM Essential  Version: 5.25.2.0
Toolchain Path:  C:\Keil_v5\ARM\ARMCC\Bin
C Compiler:      Armcc.exe V5.06 update 6 (build 750)
Assembler:       Armasm.exe V5.06 update 6 (build 750)
Linker/Locator:  ArmLink.exe V5.06 update 6 (build 750)
Library Manager: ArmAr.exe V5.06 update 6 (build 750)
Hex Converter:   FromElf.exe V5.06 update 6 (build 750)
CPU DLL:         SARMCM3.DLL V5.25.2.0
Dialog DLL:      DCM.DLL V1.17.1.0
Target DLL:      STLink\ST-LINKIII-KEIL_SWO.dll V3.0.1.0
Dialog DLL:      TCM.DLL V1.35.1.0
 
<h2>Project:</h2>
D:\github\testtrace\MDK-ARM\testtrace.uvprojx
Project File Date:  05/23/2019

<h2>Output:</h2>
*** Using Compiler 'V5.06 update 6 (build 750)', folder: 'C:\Keil_v5\ARM\ARMCC\Bin'
Build target 'testtrace'
compiling testlib522.c...
compiling rc522.c...
compiling main.c...
..\mylibs\rc522test.h(167): warning:  #47-D: incompatible redefinition of macro "MI_OK"  (declared at line 10 of "..\mylibs\rc522.h")
  #define MI_OK                          (char)0
..\mylibs\rc522test.h(168): warning:  #47-D: incompatible redefinition of macro "MI_NOTAGERR"  (declared at line 11 of "..\mylibs\rc522.h")
  #define MI_NOTAGERR                    (char)(-1)
..\mylibs\rc522test.h(169): warning:  #47-D: incompatible redefinition of macro "MI_ERR"  (declared at line 12 of "..\mylibs\rc522.h")
  #define MI_ERR                         (char)(-2)
..\mylibs\rc522test.h(171): warning:  #1-D: last line of file ends without a newline
  #endif
..\mylibs\MotorLib.h(29): warning:  #1-D: last line of file ends without a newline
  #endif
..\mylibs\RgbLedLib.h(27): warning:  #1-D: last line of file ends without a newline
  #endif
../Src/main.c(244): warning:  #177-D: variable "status"  was declared but never referenced
  char status;
../Src/main.c(245): warning:  #177-D: variable "snr"  was declared but never referenced
      unsigned char snr, buf[16], TagType[2], SelectedSnr[4], DefaultKey[6] = {0xFF, 0xFF, 0xFF, 0xFF, 0xFF, 0xFF};
../Src/main.c(245): warning:  #177-D: variable "buf"  was declared but never referenced
      unsigned char snr, buf[16], TagType[2], SelectedSnr[4], DefaultKey[6] = {0xFF, 0xFF, 0xFF, 0xFF, 0xFF, 0xFF};
../Src/main.c(245): warning:  #177-D: variable "TagType"  was declared but never referenced
      unsigned char snr, buf[16], TagType[2], SelectedSnr[4], DefaultKey[6] = {0xFF, 0xFF, 0xFF, 0xFF, 0xFF, 0xFF};
../Src/main.c(245): warning:  #177-D: variable "SelectedSnr"  was declared but never referenced
      unsigned char snr, buf[16], TagType[2], SelectedSnr[4], DefaultKey[6] = {0xFF, 0xFF, 0xFF, 0xFF, 0xFF, 0xFF};
../Src/main.c: 11 warnings, 0 errors
linking...
Program Size: Code=13196 RO-data=292 RW-data=68 ZI-data=1388  
FromELF: creating hex file...
"testtrace\testtrace.axf" - 0 Error(s), 11 Warning(s).

<h2>Software Packages used:</h2>

Package Vendor: ARM
                http://www.keil.com/pack/ARM.CMSIS.5.3.0.pack
                ARM.CMSIS.5.3.0
                CMSIS (Cortex Microcontroller Software Interface Standard)
   * Component: CORE Version: 5.1.1

Package Vendor: Keil
                http://www.keil.com/pack/Keil.STM32F1xx_DFP.2.3.0.pack
                Keil.STM32F1xx_DFP.2.3.0
                STMicroelectronics STM32F1 Series Device Support, Drivers and Examples

<h2>Collection of Component include folders:</h2>
  .\RTE\_testtrace
  C:\Keil_v5\ARM\PACK\ARM\CMSIS\5.3.0\CMSIS\Include
  C:\Keil_v5\ARM\PACK\Keil\STM32F1xx_DFP\2.3.0\Device\Include

<h2>Collection of Component Files used:</h2>

   * Component: ARM::CMSIS:CORE:5.1.1
Build Time Elapsed:  00:00:04
</pre>
</body>
</html>
