Component: ARM Compiler 5.06 update 6 (build 750) Tool: armlink [4d35ed]

==============================================================================

Section Cross References

    startup_stm32f103xb.o(RESET) refers to startup_stm32f103xb.o(STACK) for __initial_sp
    startup_stm32f103xb.o(RESET) refers to startup_stm32f103xb.o(.text) for Reset_Handler
    startup_stm32f103xb.o(RESET) refers to stm32f1xx_it.o(i.NMI_Handler) for NMI_Handler
    startup_stm32f103xb.o(RESET) refers to stm32f1xx_it.o(i.HardFault_Handler) for HardFault_Handler
    startup_stm32f103xb.o(RESET) refers to stm32f1xx_it.o(i.MemManage_Handler) for MemManage_Handler
    startup_stm32f103xb.o(RESET) refers to stm32f1xx_it.o(i.BusFault_Handler) for BusFault_Handler
    startup_stm32f103xb.o(RESET) refers to stm32f1xx_it.o(i.UsageFault_Handler) for UsageFault_Handler
    startup_stm32f103xb.o(RESET) refers to stm32f1xx_it.o(i.SVC_Handler) for SVC_Handler
    startup_stm32f103xb.o(RESET) refers to stm32f1xx_it.o(i.DebugMon_Handler) for DebugMon_Handler
    startup_stm32f103xb.o(RESET) refers to stm32f1xx_it.o(i.PendSV_Handler) for PendSV_Handler
    startup_stm32f103xb.o(RESET) refers to stm32f1xx_it.o(i.SysTick_Handler) for SysTick_Handler
    startup_stm32f103xb.o(RESET) refers to stm32f1xx_it.o(i.EXTI0_IRQHandler) for EXTI0_IRQHandler
    startup_stm32f103xb.o(RESET) refers to stm32f1xx_it.o(i.TIM4_IRQHandler) for TIM4_IRQHandler
    startup_stm32f103xb.o(RESET) refers to stm32f1xx_it.o(i.SPI2_IRQHandler) for SPI2_IRQHandler
    startup_stm32f103xb.o(RESET) refers to stm32f1xx_it.o(i.USART1_IRQHandler) for USART1_IRQHandler
    startup_stm32f103xb.o(.text) refers to system_stm32f1xx.o(i.SystemInit) for SystemInit
    startup_stm32f103xb.o(.text) refers to entry.o(.ARM.Collect$$$$00000000) for __main
    motorlib.o(i.MoveAndTurn) refers to printf1.o(i.__0printf$1) for __2printf
    motorlib.o(i.MoveAndTurn) refers to stm32f1xx_hal_gpio.o(i.HAL_GPIO_WritePin) for HAL_GPIO_WritePin
    motorlib.o(i.MoveByJoystick) refers to stm32f1xx_hal_gpio.o(i.HAL_GPIO_WritePin) for HAL_GPIO_WritePin
    motorlib.o(i.MoveByJoystick) refers to motorlib.o(i.__MoveForwardJoy) for __MoveForwardJoy
    motorlib.o(i.MoveByJoystick) refers to motorlib.o(i.__MoveBackwardJoy) for __MoveBackwardJoy
    motorlib.o(i._MotorSpeedEnterJoy) refers to printf1.o(i.__0printf$1) for __2printf
    motorlib.o(i._MotorSpeedEnterJoy) refers to stm32f1xx_hal_tim.o(i.HAL_TIM_PWM_Start) for HAL_TIM_PWM_Start
    motorlib.o(i._MotorSpeedEnterJoy) refers to main.o(.bss) for htim4
    motorlib.o(i.__MoveBackwardJoy) refers to stm32f1xx_hal_gpio.o(i.HAL_GPIO_WritePin) for HAL_GPIO_WritePin
    motorlib.o(i.__MoveBackwardJoy) refers to motorlib.o(i._MotorSpeedEnterJoy) for _MotorSpeedEnterJoy
    motorlib.o(i.__MoveForwardJoy) refers to stm32f1xx_hal_gpio.o(i.HAL_GPIO_WritePin) for HAL_GPIO_WritePin
    motorlib.o(i.__MoveForwardJoy) refers to motorlib.o(i._MotorSpeedEnterJoy) for _MotorSpeedEnterJoy
    motorlib.o(i.__Set_Speed) refers to stm32f1xx_hal_gpio.o(i.HAL_GPIO_WritePin) for HAL_GPIO_WritePin
    motorlib.o(i.__Set_Speed) refers to stm32f1xx_hal_tim.o(i.HAL_TIM_PWM_Start) for HAL_TIM_PWM_Start
    motorlib.o(i.__Set_Speed) refers to main.o(.bss) for htim4
    nrf24.o(i.nRF24_Check) refers to nrf24.o(i.nRF24_WriteMBReg) for nRF24_WriteMBReg
    nrf24.o(i.nRF24_Check) refers to nrf24.o(i.nRF24_ReadMBReg) for nRF24_ReadMBReg
    nrf24.o(i.nRF24_ClearIRQFlags) refers to nrf24.o(i.nRF24_ReadReg) for nRF24_ReadReg
    nrf24.o(i.nRF24_ClearIRQFlags) refers to nrf24.o(i.nRF24_WriteReg) for nRF24_WriteReg
    nrf24.o(i.nRF24_ClosePipe) refers to nrf24.o(i.nRF24_ReadReg) for nRF24_ReadReg
    nrf24.o(i.nRF24_ClosePipe) refers to nrf24.o(i.nRF24_WriteReg) for nRF24_WriteReg
    nrf24.o(i.nRF24_DisableAA) refers to nrf24.o(i.nRF24_ReadReg) for nRF24_ReadReg
    nrf24.o(i.nRF24_DisableAA) refers to nrf24.o(i.nRF24_WriteReg) for nRF24_WriteReg
    nrf24.o(i.nRF24_EnableAA) refers to nrf24.o(i.nRF24_ReadReg) for nRF24_ReadReg
    nrf24.o(i.nRF24_EnableAA) refers to nrf24.o(i.nRF24_WriteReg) for nRF24_WriteReg
    nrf24.o(i.nRF24_FlushRX) refers to nrf24.o(i.nRF24_WriteReg) for nRF24_WriteReg
    nrf24.o(i.nRF24_FlushTX) refers to nrf24.o(i.nRF24_WriteReg) for nRF24_WriteReg
    nrf24.o(i.nRF24_GetIRQFlags) refers to nrf24.o(i.nRF24_ReadReg) for nRF24_ReadReg
    nrf24.o(i.nRF24_GetRXSource) refers to nrf24.o(i.nRF24_ReadReg) for nRF24_ReadReg
    nrf24.o(i.nRF24_GetRetransmitCounters) refers to nrf24.o(i.nRF24_ReadReg) for nRF24_ReadReg
    nrf24.o(i.nRF24_GetStatus) refers to nrf24.o(i.nRF24_ReadReg) for nRF24_ReadReg
    nrf24.o(i.nRF24_GetStatus_RXFIFO) refers to nrf24.o(i.nRF24_ReadReg) for nRF24_ReadReg
    nrf24.o(i.nRF24_GetStatus_TXFIFO) refers to nrf24.o(i.nRF24_ReadReg) for nRF24_ReadReg
    nrf24.o(i.nRF24_Init) refers to nrf24.o(i.nRF24_WriteReg) for nRF24_WriteReg
    nrf24.o(i.nRF24_Init) refers to nrf24.o(i.nRF24_FlushRX) for nRF24_FlushRX
[...]
    i.SPI_WaitFlagStateUntilTimeout          0x080022b4   Section        0  stm32f1xx_hal_spi.o(i.SPI_WaitFlagStateUntilTimeout)
    SPI_WaitFlagStateUntilTimeout            0x080022b5   Thumb Code   150  stm32f1xx_hal_spi.o(i.SPI_WaitFlagStateUntilTimeout)
    i.SVC_Handler                            0x0800234a   Section        0  stm32f1xx_it.o(i.SVC_Handler)
    i.SysTick_Handler                        0x0800234c   Section        0  stm32f1xx_it.o(i.SysTick_Handler)
    i.SystemClock_Config                     0x08002374   Section        0  main.o(i.SystemClock_Config)
    i.SystemInit                             0x080023bc   Section        0  system_stm32f1xx.o(i.SystemInit)
    i.TIM4_IRQHandler                        0x08002404   Section        0  stm32f1xx_it.o(i.TIM4_IRQHandler)
    i.TIM_Base_SetConfig                     0x08002410   Section        0  stm32f1xx_hal_tim.o(i.TIM_Base_SetConfig)
    i.TIM_CCxChannelCmd                      0x0800247c   Section        0  stm32f1xx_hal_tim.o(i.TIM_CCxChannelCmd)
    i.TIM_ETR_SetConfig                      0x08002492   Section        0  stm32f1xx_hal_tim.o(i.TIM_ETR_SetConfig)
    TIM_ETR_SetConfig                        0x08002493   Thumb Code    20  stm32f1xx_hal_tim.o(i.TIM_ETR_SetConfig)
    i.TIM_ITRx_SetConfig                     0x080024a6   Section        0  stm32f1xx_hal_tim.o(i.TIM_ITRx_SetConfig)
    TIM_ITRx_SetConfig                       0x080024a7   Thumb Code    16  stm32f1xx_hal_tim.o(i.TIM_ITRx_SetConfig)
    i.TIM_OC1_SetConfig                      0x080024b8   Section        0  stm32f1xx_hal_tim.o(i.TIM_OC1_SetConfig)
    TIM_OC1_SetConfig                        0x080024b9   Thumb Code    74  stm32f1xx_hal_tim.o(i.TIM_OC1_SetConfig)
    i.TIM_OC2_SetConfig                      0x08002508   Section        0  stm32f1xx_hal_tim.o(i.TIM_OC2_SetConfig)
    i.TIM_OC3_SetConfig                      0x08002560   Section        0  stm32f1xx_hal_tim.o(i.TIM_OC3_SetConfig)
    TIM_OC3_SetConfig                        0x08002561   Thumb Code    82  stm32f1xx_hal_tim.o(i.TIM_OC3_SetConfig)
    i.TIM_OC4_SetConfig                      0x080025b8   Section        0  stm32f1xx_hal_tim.o(i.TIM_OC4_SetConfig)
    TIM_OC4_SetConfig                        0x080025b9   Thumb Code    64  stm32f1xx_hal_tim.o(i.TIM_OC4_SetConfig)
    i.TIM_TI1_ConfigInputStage               0x080025fc   Section        0  stm32f1xx_hal_tim.o(i.TIM_TI1_ConfigInputStage)
    TIM_TI1_ConfigInputStage                 0x080025fd   Thumb Code    34  stm32f1xx_hal_tim.o(i.TIM_TI1_ConfigInputStage)
    i.TIM_TI2_ConfigInputStage               0x0800261e   Section        0  stm32f1xx_hal_tim.o(i.TIM_TI2_ConfigInputStage)
    TIM_TI2_ConfigInputStage                 0x0800261f   Thumb Code    36  stm32f1xx_hal_tim.o(i.TIM_TI2_ConfigInputStage)
    i.UART_DMAAbortOnError                   0x08002642   Section        0  stm32f1xx_hal_uart.o(i.UART_DMAAbortOnError)
    UART_DMAAbortOnError                     0x08002643   Thumb Code    16  stm32f1xx_hal_uart.o(i.UART_DMAAbortOnError)
    i.UART_EndRxTransfer                     0x08002652   Section        0  stm32f1xx_hal_uart.o(i.UART_EndRxTransfer)
    UART_EndRxTransfer                       0x08002653   Thumb Code    28  stm32f1xx_hal_uart.o(i.UART_EndRxTransfer)
    i.UART_Receive_IT                        0x0800266e   Section        0  stm32f1xx_hal_uart.o(i.UART_Receive_IT)
    UART_Receive_IT                          0x0800266f   Thumb Code   150  stm32f1xx_hal_uart.o(i.UART_Receive_IT)
    i.UART_SetConfig                         0x08002704   Section        0  stm32f1xx_hal_uart.o(i.UART_SetConfig)
    UART_SetConfig                           0x08002705   Thumb Code   364  stm32f1xx_hal_uart.o(i.UART_SetConfig)
    i.UART_Transmit_IT                       0x08002874   Section        0  stm32f1xx_hal_uart.o(i.UART_Transmit_IT)
    UART_Transmit_IT                         0x08002875   Thumb Code    98  stm32f1xx_hal_uart.o(i.UART_Transmit_IT)
    i.UART_WaitOnFlagUntilTimeout            0x080028d6   Section        0  stm32f1xx_hal_uart.o(i.UART_WaitOnFlagUntilTimeout)
    UART_WaitOnFlagUntilTimeout              0x080028d7   Thumb Code   100  stm32f1xx_hal_uart.o(i.UART_WaitOnFlagUntilTimeout)
    i.USART1_IRQHandler                      0x0800293c   Section        0  stm32f1xx_it.o(i.USART1_IRQHandler)
    i.UsageFault_Handler                     0x08002948   Section        0  stm32f1xx_it.o(i.UsageFault_Handler)
    i.VL53L0X_CheckAndLoadInterruptSettings  0x0800294c   Section        0  vl53l0x_api.o(i.VL53L0X_CheckAndLoadInterruptSettings)
    i.VL53L0X_ClearInterruptMask             0x080029c8   Section        0  vl53l0x_api.o(i.VL53L0X_ClearInterruptMask)
    i.VL53L0X_DataInit                       0x08002a14   Section        0  vl53l0x_api.o(i.VL53L0X_DataInit)
    i.VL53L0X_GetDeviceParameters            0x08002ba0   Section        0  vl53l0x_api.o(i.VL53L0X_GetDeviceParameters)
    i.VL53L0X_GetFractionEnable              0x08002c20   Section        0  vl53l0x_api.o(i.VL53L0X_GetFractionEnable)
    i.VL53L0X_GetInterMeasurementPeriodMilliSeconds 0x08002c3a   Section        0  vl53l0x_api.o(i.VL53L0X_GetInterMeasurementPeriodMilliSeconds)
    i.VL53L0X_GetInterruptMaskStatus         0x08002c70   Section        0  vl53l0x_api.o(i.VL53L0X_GetInterruptMaskStatus)
    i.VL53L0X_GetInterruptThresholds         0x08002c92   Section        0  vl53l0x_api.o(i.VL53L0X_GetInterruptThresholds)
    i.VL53L0X_GetLimitCheckEnable            0x08002cc6   Section        0  vl53l0x_api.o(i.VL53L0X_GetLimitCheckEnable)
    i.VL53L0X_GetLimitCheckValue             0x08002ce0   Section        0  vl53l0x_api.o(i.VL53L0X_GetLimitCheckValue)
    i.VL53L0X_GetMeasurementDataReady        0x08002d5a   Section        0  vl53l0x_api.o(i.VL53L0X_GetMeasurementDataReady)
    i.VL53L0X_GetMeasurementTimingBudgetMicroSeconds 0x08002d94   Section        0  vl53l0x_api.o(i.VL53L0X_GetMeasurementTimingBudgetMicroSeconds)
    i.VL53L0X_GetOffsetCalibrationDataMicroMeter 0x08002d98   Section        0  vl53l0x_api.o(i.VL53L0X_GetOffsetCalibrationDataMicroMeter)
    i.VL53L0X_GetRangingMeasurementData      0x08002d9c   Section        0  vl53l0x_api.o(i.VL53L0X_GetRangingMeasurementData)
    i.VL53L0X_GetSequenceStepEnables         0x08002ec8   Section        0  vl53l0x_api.o(i.VL53L0X_GetSequenceStepEnables)
    i.VL53L0X_GetVcselPulsePeriod            0x08002f3a   Section        0  vl53l0x_api.o(i.VL53L0X_GetVcselPulsePeriod)
    i.VL53L0X_GetWrapAroundCheckEnable       0x08002f3e   Section        0  vl53l0x_api.o(i.VL53L0X_GetWrapAroundCheckEnable)
    i.VL53L0X_GetXTalkCompensationEnable     0x08002f6a   Section        0  vl53l0x_api.o(i.VL53L0X_GetXTalkCompensationEnable)
    i.VL53L0X_GetXTalkCompensationRateMegaCps 0x08002f74   Section        0  vl53l0x_api.o(i.VL53L0X_GetXTalkCompensationRateMegaCps)
    i.VL53L0X_PerformRefCalibration          0x08002fa0   Section        0  vl53l0x_api.o(i.VL53L0X_PerformRefCalibration)
    i.VL53L0X_PerformRefSpadManagement       0x08002fa6   Section        0  vl53l0x_api.o(i.VL53L0X_PerformRefSpadManagement)
    i.VL53L0X_PerformSingleMeasurement       0x08002faa   Section        0  vl53l0x_api.o(i.VL53L0X_PerformSingleMeasurement)
    i.VL53L0X_PerformSingleRangingMeasurement 0x08002fcc   Section        0  vl53l0x_api.o(i.VL53L0X_PerformSingleRangingMeasurement)
    i.VL53L0X_PollingDelay                   0x08003000   Section        0  vl53l0x_platform.o(i.VL53L0X_PollingDelay)
    i.VL53L0X_RdByte                         0x0800300e   Section        0  vl53l0x_platform.o(i.VL53L0X_RdByte)
    i.VL53L0X_RdDWord                        0x08003038   Section        0  vl53l0x_platform.o(i.VL53L0X_RdDWord)
    i.VL53L0X_RdWord                         0x08003080   Section        0  vl53l0x_platform.o(i.VL53L0X_RdWord)
    i.VL53L0X_ReadMulti                      0x080030bc   Section        0  vl53l0x_platform.o(i.VL53L0X_ReadMulti)
    i.VL53L0X_SetDeviceAddress               0x080030ec   Section        0  vl53l0x_api.o(i.VL53L0X_SetDeviceAddress)
    i.VL53L0X_SetDeviceMode                  0x080030f4   Section        0  vl53l0x_api.o(i.VL53L0X_SetDeviceMode)
    i.VL53L0X_SetGpioConfig                  0x08003118   Section        0  vl53l0x_api.o(i.VL53L0X_SetGpioConfig)
    i.VL53L0X_SetLimitCheckEnable            0x08003250   Section        0  vl53l0x_api.o(i.VL53L0X_SetLimitCheckEnable)
    i.VL53L0X_SetLimitCheckValue             0x080032d2   Section        0  vl53l0x_api.o(i.VL53L0X_SetLimitCheckValue)
    i.VL53L0X_SetMeasurementTimingBudgetMicroSeconds 0x08003322   Section        0  vl53l0x_api.o(i.VL53L0X_SetMeasurementTimingBudgetMicroSeconds)
    i.VL53L0X_SetRefCalibration              0x08003326   Section        0  vl53l0x_api.o(i.VL53L0X_SetRefCalibration)
    i.VL53L0X_SetReferenceSpads              0x0800332a   Section        0  vl53l0x_api.o(i.VL53L0X_SetReferenceSpads)
    i.VL53L0X_SetSequenceStepEnable          0x0800332e   Section        0  vl53l0x_api.o(i.VL53L0X_SetSequenceStepEnable)
    i.VL53L0X_StartMeasurement               0x080033dc   Section        0  vl53l0x_api.o(i.VL53L0X_StartMeasurement)
    i.VL53L0X_StaticInit                     0x080034b0   Section        0  vl53l0x_api.o(i.VL53L0X_StaticInit)
    i.VL53L0X_UpdateByte                     0x08003624   Section        0  vl53l0x_platform.o(i.VL53L0X_UpdateByte)
    i.VL53L0X_WrByte                         0x08003650   Section        0  vl53l0x_platform.o(i.VL53L0X_WrByte)
    i.VL53L0X_WrWord                         0x08003674   Section        0  vl53l0x_platform.o(i.VL53L0X_WrWord)
    i.VL53L0X_WriteMulti                     0x0800369c   Section        0  vl53l0x_platform.o(i.VL53L0X_WriteMulti)
    i.VL53L0X_calc_dmax                      0x080036d4   Section        0  vl53l0x_api_core.o(i.VL53L0X_calc_dmax)
    i.VL53L0X_calc_macro_period_ps           0x080037ac   Section        0  vl53l0x_api_core.o(i.VL53L0X_calc_macro_period_ps)
    i.VL53L0X_calc_sigma_estimate            0x080037bc   Section        0  vl53l0x_api_core.o(i.VL53L0X_calc_sigma_estimate)
    i.VL53L0X_calc_timeout_mclks             0x080039e4   Section        0  vl53l0x_api_core.o(i.VL53L0X_calc_timeout_mclks)
    i.VL53L0X_calc_timeout_us                0x08003a06   Section        0  vl53l0x_api_core.o(i.VL53L0X_calc_timeout_us)
    i.VL53L0X_decode_timeout                 0x08003a28   Section        0  vl53l0x_api_core.o(i.VL53L0X_decode_timeout)
    i.VL53L0X_decode_vcsel_period            0x08003a34   Section        0  vl53l0x_api_core.o(i.VL53L0X_decode_vcsel_period)
    i.VL53L0X_device_read_strobe             0x08003a3c   Section        0  vl53l0x_api_core.o(i.VL53L0X_device_read_strobe)
    i.VL53L0X_encode_timeout                 0x08003a86   Section        0  vl53l0x_api_core.o(i.VL53L0X_encode_timeout)
    i.VL53L0X_get_info_from_device           0x08003aa4   Section        0  vl53l0x_api_core.o(i.VL53L0X_get_info_from_device)
    i.VL53L0X_get_measurement_timing_budget_micro_seconds 0x08003fcc   Section        0  vl53l0x_api_core.o(i.VL53L0X_get_measurement_timing_budget_micro_seconds)
    i.VL53L0X_get_offset_calibration_data_micro_meter 0x08004090   Section        0  vl53l0x_api_calibration.o(i.VL53L0X_get_offset_calibration_data_micro_meter)
    i.VL53L0X_get_pal_range_status           0x080040c4   Section        0  vl53l0x_api_core.o(i.VL53L0X_get_pal_range_status)
    i.VL53L0X_get_total_signal_rate          0x080042aa   Section        0  vl53l0x_api_core.o(i.VL53L0X_get_total_signal_rate)
    i.VL53L0X_get_total_xtalk_rate           0x080042c6   Section        0  vl53l0x_api_core.o(i.VL53L0X_get_total_xtalk_rate)
    i.VL53L0X_get_vcsel_pulse_period         0x080042f4   Section        0  vl53l0x_api_core.o(i.VL53L0X_get_vcsel_pulse_period)
    i.VL53L0X_isqrt                          0x08004324   Section        0  vl53l0x_api_core.o(i.VL53L0X_isqrt)
    i.VL53L0X_load_tuning_settings           0x08004350   Section        0  vl53l0x_api_core.o(i.VL53L0X_load_tuning_settings)
    i.VL53L0X_measurement_poll_for_completion 0x080043f4   Section        0  vl53l0x_api_core.o(i.VL53L0X_measurement_poll_for_completion)
    i.VL53L0X_perform_phase_calibration      0x0800442a   Section        0  vl53l0x_api_calibration.o(i.VL53L0X_perform_phase_calibration)
    i.VL53L0X_perform_ref_calibration        0x0800449e   Section        0  vl53l0x_api_calibration.o(i.VL53L0X_perform_ref_calibration)
    i.VL53L0X_perform_ref_spad_management    0x080044de   Section        0  vl53l0x_api_calibration.o(i.VL53L0X_perform_ref_spad_management)
    i.VL53L0X_perform_single_ref_calibration 0x080046fc   Section        0  vl53l0x_api_calibration.o(i.VL53L0X_perform_single_ref_calibration)
    i.VL53L0X_perform_vhv_calibration        0x08004734   Section        0  vl53l0x_api_calibration.o(i.VL53L0X_perform_vhv_calibration)
    i.VL53L0X_ref_calibration_io             0x080047a8   Section        0  vl53l0x_api_calibration.o(i.VL53L0X_ref_calibration_io)
    i.VL53L0X_set_measurement_timing_budget_micro_seconds 0x0800485a   Section        0  vl53l0x_api_core.o(i.VL53L0X_set_measurement_timing_budget_micro_seconds)
    i.VL53L0X_set_ref_calibration            0x0800491c   Section        0  vl53l0x_api_calibration.o(i.VL53L0X_set_ref_calibration)
    i.VL53L0X_set_reference_spads            0x0800493c   Section        0  vl53l0x_api_calibration.o(i.VL53L0X_set_reference_spads)
    i._I2CRead                               0x080049e2   Section        0  vl53l0x_platform.o(i._I2CRead)
    i._I2CWrite                              0x08004a02   Section        0  vl53l0x_platform.o(i._I2CWrite)
    i.__0printf$1                            0x08004a20   Section        0  printf1.o(i.__0printf$1)
    i.__scatterload_copy                     0x08004a40   Section       14  handlers.o(i.__scatterload_copy)
    i.__scatterload_null                     0x08004a4e   Section        2  handlers.o(i.__scatterload_null)
    i.__scatterload_zeroinit                 0x08004a50   Section       14  handlers.o(i.__scatterload_zeroinit)
    i._printf_core                           0x08004a60   Section        0  printf1.o(i._printf_core)
    _printf_core                             0x08004a61   Thumb Code   336  printf1.o(i._printf_core)
    i.enable_ref_spads                       0x08004bb4   Section        0  vl53l0x_api_calibration.o(i.enable_ref_spads)
    i.enable_spad_bit                        0x08004c48   Section        0  vl53l0x_api_calibration.o(i.enable_spad_bit)
    i.fputc                                  0x08004c74   Section        0  main.o(i.fputc)
    i.get_next_good_spad                     0x08004c8c   Section        0  vl53l0x_api_calibration.o(i.get_next_good_spad)
    i.get_ref_spad_map                       0x08004ce8   Section        0  vl53l0x_api_calibration.o(i.get_ref_spad_map)
    i.get_sequence_step_timeout              0x08004cf2   Section        0  vl53l0x_api_core.o(i.get_sequence_step_timeout)
    i.initSensor                             0x08004de4   Section        0  main.o(i.initSensor)
    initSensor                               0x08004de5   Thumb Code   172  main.o(i.initSensor)
    i.is_aperture                            0x08004e94   Section        0  vl53l0x_api_calibration.o(i.is_aperture)
    i.main                                   0x08004eac   Section        0  main.o(i.main)
    i.nRF24_Check                            0x0800511c   Section        0  nrf24.o(i.nRF24_Check)
    i.nRF24_ClearIRQFlags                    0x0800515c   Section        0  nrf24.o(i.nRF24_ClearIRQFlags)
    i.nRF24_DisableAA                        0x08005172   Section        0  nrf24.o(i.nRF24_DisableAA)
    i.nRF24_FlushRX                          0x08005196   Section        0  nrf24.o(i.nRF24_FlushRX)
    i.nRF24_FlushTX                          0x0800519e   Section        0  nrf24.o(i.nRF24_FlushTX)
    i.nRF24_Init                             0x080051a8   Section        0  nrf24.o(i.nRF24_Init)
    i.nRF24_LL_RW                            0x08005248   Section        0  nrf24_hal.o(i.nRF24_LL_RW)
    i.nRF24_ReadMBReg                        0x08005268   Section        0  nrf24.o(i.nRF24_ReadMBReg)
    nRF24_ReadMBReg                          0x08005269   Thumb Code    60  nrf24.o(i.nRF24_ReadMBReg)
    i.nRF24_ReadReg                          0x080052a8   Section        0  nrf24.o(i.nRF24_ReadReg)
    nRF24_ReadReg                            0x080052a9   Thumb Code    46  nrf24.o(i.nRF24_ReadReg)
    i.nRF24_SetAddr                          0x080052dc   Section        0  nrf24.o(i.nRF24_SetAddr)
    i.nRF24_SetAddrWidth                     0x08005350   Section        0  nrf24.o(i.nRF24_SetAddrWidth)
    i.nRF24_SetCRCScheme                     0x0800535a   Section        0  nrf24.o(i.nRF24_SetCRCScheme)
    i.nRF24_SetDataRate                      0x08005378   Section        0  nrf24.o(i.nRF24_SetDataRate)
    i.nRF24_SetOperationalMode               0x08005392   Section        0  nrf24.o(i.nRF24_SetOperationalMode)
    i.nRF24_SetPowerMode                     0x080053b0   Section        0  nrf24.o(i.nRF24_SetPowerMode)
    i.nRF24_SetRFChannel                     0x080053d2   Section        0  nrf24.o(i.nRF24_SetRFChannel)
    i.nRF24_SetRXPipe                        0x080053dc   Section        0  nrf24.o(i.nRF24_SetRXPipe)
    i.nRF24_WriteMBReg                       0x0800542c   Section        0  nrf24.o(i.nRF24_WriteMBReg)
    nRF24_WriteMBReg                         0x0800542d   Thumb Code    56  nrf24.o(i.nRF24_WriteMBReg)
    i.nRF24_WriteReg                         0x08005468   Section        0  nrf24.o(i.nRF24_WriteReg)
    nRF24_WriteReg                           0x08005469   Thumb Code    78  nrf24.o(i.nRF24_WriteReg)
    i.perform_ref_signal_measurement         0x080054bc   Section        0  vl53l0x_api_calibration.o(i.perform_ref_signal_measurement)
    i.sequence_step_enabled                  0x08005520   Section        0  vl53l0x_api.o(i.sequence_step_enabled)
    i.set_ref_spad_map                       0x08005558   Section        0  vl53l0x_api_calibration.o(i.set_ref_spad_map)
    i.set_sequence_step_timeout              0x08005562   Section        0  vl53l0x_api_core.o(i.set_sequence_step_timeout)
    i.ssd1306_DrawPixel                      0x08005664   Section        0  ssd1306.o(i.ssd1306_DrawPixel)
    i.ssd1306_Fill                           0x080056a4   Section        0  ssd1306.o(i.ssd1306_Fill)
    i.ssd1306_Init                           0x080056c4   Section        0  ssd1306.o(i.ssd1306_Init)
    i.ssd1306_SetCursor                      0x08005794   Section        0  ssd1306.o(i.ssd1306_SetCursor)
    i.ssd1306_UpdateScreen                   0x080057a0   Section        0  ssd1306.o(i.ssd1306_UpdateScreen)
    i.ssd1306_WriteChar                      0x080057ec   Section        0  ssd1306.o(i.ssd1306_WriteChar)
    i.ssd1306_WriteCommand                   0x08005888   Section        0  ssd1306.o(i.ssd1306_WriteCommand)
    ssd1306_WriteCommand                     0x08005889   Thumb Code    30  ssd1306.o(i.ssd1306_WriteCommand)
    i.ssd1306_WriteString                    0x080058ac   Section        0  ssd1306.o(i.ssd1306_WriteString)
    .constdata                               0x080058d8   Section       13  nrf24.o(.constdata)
    nRF24_RX_PW_PIPE                         0x080058d8   Data           6  nrf24.o(.constdata)
    nRF24_ADDR_REGS                          0x080058de   Data           7  nrf24.o(.constdata)
    .constdata                               0x080058e5   Section       30  main.o(.constdata)
    nRF24_ADDR0                              0x080058e5   Data           5  main.o(.constdata)
    nRF24_ADDR1                              0x080058ea   Data           5  main.o(.constdata)
    nRF24_ADDR2                              0x080058ef   Data           5  main.o(.constdata)
    nRF24_ADDR3                              0x080058f4   Data           5  main.o(.constdata)
    nRF24_ADDR4                              0x080058f9   Data           5  main.o(.constdata)
    nRF24_ADDR5                              0x080058fe   Data           5  main.o(.constdata)
    .constdata                               0x08005904   Section     3420  fonts.o(.constdata)
    Font11x18                                0x08005904   Data        3420  fonts.o(.constdata)
    .constdata                               0x08006660   Section       16  system_stm32f1xx.o(.constdata)
    .constdata                               0x08006670   Section        8  system_stm32f1xx.o(.constdata)
    .data                                    0x20000000   Section       16  main.o(.data)
    data_ready                               0x20000001   Data           1  main.o(.data)
    Status                                   0x20000002   Data           1  main.o(.data)
    isApertureSpads                          0x20000003   Data           1  main.o(.data)
    VhvSettings                              0x20000004   Data           1  main.o(.data)
    PhaseCal                                 0x20000005   Data           1  main.o(.data)
    refSpadCount                             0x20000008   Data           4  main.o(.data)
    .data                                    0x20000010   Section        1  main.o(.data)
    .data                                    0x20000012   Section        6  ssd1306.o(.data)
    SSD1306                                  0x20000012   Data           6  ssd1306.o(.data)
    .data                                    0x20000018   Section        8  fonts.o(.data)
    .data                                    0x20000020   Section       12  stm32f1xx_hal.o(.data)
    .data                                    0x2000002c   Section        4  system_stm32f1xx.o(.data)
    .data                                    0x20000030   Section       16  vl53l0x_api_calibration.o(.data)
    .data                                    0x20000040   Section      681  vl53l0x_api.o(.data)
    .data                                    0x200002ec   Section        4  stdout.o(.data)
    .bss                                     0x200002f0   Section      760  main.o(.bss)
    device                                   0x20000310   Data         400  main.o(.bss)
    result                                   0x200004a0   Data          28  main.o(.bss)
    .bss                                     0x200005e8   Section     1024  ssd1306.o(.bss)
    SSD1306_Buffer                           0x200005e8   Data        1024  ssd1306.o(.bss)
    .bss                                     0x200009e8   Section       64  vl53l0x_platform.o(.bss)
    STACK                                    0x20000a28   Section     1024  startup_stm32f103xb.o(STACK)

    Global Symbols

    Symbol Name                              Value     Ov Type        Size  Object(Section)

    BuildAttributes$$THM_ISAv4$P$D$K$B$S$PE$A:L22UL41UL21$X:L11$S22US41US21$IEEE1$IW$USESV6$~STKCKD$USESV7$~SHL$OSPACE$ROPI$EBA8$MICROLIB$REQ8$PRES8$EABIv2 0x00000000   Number         0  anon$$obj.o ABSOLUTE
    __ARM_use_no_argv                        0x00000000   Number         0  main.o ABSOLUTE
    _printf_a                                0x00000000   Number         0  stubs.o ABSOLUTE
    _printf_c                                0x00000000   Number         0  stubs.o ABSOLUTE
    _printf_charcount                        0x00000000   Number         0  stubs.o ABSOLUTE
    _printf_d                                0x00000000   Number         0  stubs.o ABSOLUTE
    _printf_e                                0x00000000   Number         0  stubs.o ABSOLUTE
    _printf_f                                0x00000000   Number         0  stubs.o ABSOLUTE
    _printf_flags                            0x00000000   Number         0  stubs.o ABSOLUTE
    _printf_fp_dec                           0x00000000   Number         0  stubs.o ABSOLUTE
    _printf_fp_hex                           0x00000000   Number         0  stubs.o ABSOLUTE
    _printf_g                                0x00000000   Number         0  stubs.o ABSOLUTE
    _printf_i                                0x00000000   Number         0  stubs.o ABSOLUTE
    _printf_int_dec                          0x00000000   Number         0  stubs.o ABSOLUTE
    _printf_l                                0x00000000   Number         0  stubs.o ABSOLUTE
    _printf_lc                               0x00000000   Number         0  stubs.o ABSOLUTE
    _printf_ll                               0x00000000   Number         0  stubs.o ABSOLUTE
    _printf_lld                              0x00000000   Number         0  stubs.o ABSOLUTE
    _printf_lli                              0x00000000   Number         0  stubs.o ABSOLUTE
    _printf_llo                              0x00000000   Number         0  stubs.o ABSOLUTE
    _printf_llu                              0x00000000   Number         0  stubs.o ABSOLUTE
    _printf_llx                              0x00000000   Number         0  stubs.o ABSOLUTE
    _printf_longlong_dec                     0x00000000   Number         0  stubs.o ABSOLUTE
    _printf_longlong_hex                     0x00000000   Number         0  stubs.o ABSOLUTE
    _printf_longlong_oct                     0x00000000   Number         0  stubs.o ABSOLUTE
    _printf_ls                               0x00000000   Number         0  stubs.o ABSOLUTE
    _printf_mbtowc                           0x00000000   Number         0  stubs.o ABSOLUTE
    _printf_n                                0x00000000   Number         0  stubs.o ABSOLUTE
    _printf_o                                0x00000000   Number         0  stubs.o ABSOLUTE
    _printf_p                                0x00000000   Number         0  stubs.o ABSOLUTE
    _printf_percent                          0x00000000   Number         0  stubs.o ABSOLUTE
    _printf_pre_padding                      0x00000000   Number         0  stubs.o ABSOLUTE
    _printf_return_value                     0x00000000   Number         0  stubs.o ABSOLUTE
    _printf_s                                0x00000000   Number         0  stubs.o ABSOLUTE
    _printf_sizespec                         0x00000000   Number         0  stubs.o ABSOLUTE
    _printf_str                              0x00000000   Number         0  stubs.o ABSOLUTE
    _printf_truncate_signed                  0x00000000   Number         0  stubs.o ABSOLUTE
    _printf_truncate_unsigned                0x00000000   Number         0  stubs.o ABSOLUTE
    _printf_u                                0x00000000   Number         0  stubs.o ABSOLUTE
    _printf_wc                               0x00000000   Number         0  stubs.o ABSOLUTE
    _printf_wctomb                           0x00000000   Number         0  stubs.o ABSOLUTE
    _printf_widthprec                        0x00000000   Number         0  stubs.o ABSOLUTE
    _printf_x                                0x00000000   Number         0  stubs.o ABSOLUTE
    __cpp_initialize__aeabi_                  - Undefined Weak Reference
    __cxa_finalize                            - Undefined Weak Reference
    _clock_init                               - Undefined Weak Reference
    _microlib_exit                            - Undefined Weak Reference
    __Vectors_Size                           0x000000ec   Number         0  startup_stm32f103xb.o ABSOLUTE
    __Vectors                                0x08000000   Data           4  startup_stm32f103xb.o(RESET)
    __Vectors_End                            0x080000ec   Data           0  startup_stm32f103xb.o(RESET)
    __main                                   0x080000ed   Thumb Code     0  entry.o(.ARM.Collect$$$$00000000)
    _main_stk                                0x080000ed   Thumb Code     0  entry2.o(.ARM.Collect$$$$00000001)
    _main_scatterload                        0x080000f1   Thumb Code     0  entry5.o(.ARM.Collect$$$$00000004)
    __main_after_scatterload                 0x080000f5   Thumb Code     0  entry5.o(.ARM.Collect$$$$00000004)
    _main_clock                              0x080000f5   Thumb Code     0  entry7b.o(.ARM.Collect$$$$00000008)
    _main_cpp_init                           0x080000f5   Thumb Code     0  entry8b.o(.ARM.Collect$$$$0000000A)
    _main_init                               0x080000f5   Thumb Code     0  entry9a.o(.ARM.Collect$$$$0000000B)
    __rt_final_cpp                           0x080000fd   Thumb Code     0  entry10a.o(.ARM.Collect$$$$0000000D)
    __rt_final_exit                          0x080000fd   Thumb Code     0  entry11a.o(.ARM.Collect$$$$0000000F)
    Reset_Handler                            0x08000101   Thumb Code     8  startup_stm32f103xb.o(.text)
    ADC1_2_IRQHandler                        0x0800011b   Thumb Code     0  startup_stm32f103xb.o(.text)
    CAN1_RX1_IRQHandler                      0x0800011b   Thumb Code     0  startup_stm32f103xb.o(.text)
    CAN1_SCE_IRQHandler                      0x0800011b   Thumb Code     0  startup_stm32f103xb.o(.text)
    DMA1_Channel1_IRQHandler                 0x0800011b   Thumb Code     0  startup_stm32f103xb.o(.text)
    DMA1_Channel2_IRQHandler                 0x0800011b   Thumb Code     0  startup_stm32f103xb.o(.text)
    DMA1_Channel3_IRQHandler                 0x0800011b   Thumb Code     0  startup_stm32f103xb.o(.text)
    DMA1_Channel4_IRQHandler                 0x0800011b   Thumb Code     0  startup_stm32f103xb.o(.text)
    DMA1_Channel5_IRQHandler                 0x0800011b   Thumb Code     0  startup_stm32f103xb.o(.text)
    DMA1_Channel6_IRQHandler                 0x0800011b   Thumb Code     0  startup_stm32f103xb.o(.text)
    DMA1_Channel7_IRQHandler                 0x0800011b   Thumb Code     0  startup_stm32f103xb.o(.text)
    EXTI15_10_IRQHandler                     0x0800011b   Thumb Code     0  startup_stm32f103xb.o(.text)
    EXTI1_IRQHandler                         0x0800011b   Thumb Code     0  startup_stm32f103xb.o(.text)
    EXTI2_IRQHandler                         0x0800011b   Thumb Code     0  startup_stm32f103xb.o(.text)
    EXTI3_IRQHandler                         0x0800011b   Thumb Code     0  startup_stm32f103xb.o(.text)
    EXTI4_IRQHandler                         0x0800011b   Thumb Code     0  startup_stm32f103xb.o(.text)
    EXTI9_5_IRQHandler                       0x0800011b   Thumb Code     0  startup_stm32f103xb.o(.text)
    FLASH_IRQHandler                         0x0800011b   Thumb Code     0  startup_stm32f103xb.o(.text)
    I2C1_ER_IRQHandler                       0x0800011b   Thumb Code     0  startup_stm32f103xb.o(.text)
    I2C1_EV_IRQHandler                       0x0800011b   Thumb Code     0  startup_stm32f103xb.o(.text)
    I2C2_ER_IRQHandler                       0x0800011b   Thumb Code     0  startup_stm32f103xb.o(.text)
    I2C2_EV_IRQHandler                       0x0800011b   Thumb Code     0  startup_stm32f103xb.o(.text)
    PVD_IRQHandler                           0x0800011b   Thumb Code     0  startup_stm32f103xb.o(.text)
    RCC_IRQHandler                           0x0800011b   Thumb Code     0  startup_stm32f103xb.o(.text)
    RTC_Alarm_IRQHandler                     0x0800011b   Thumb Code     0  startup_stm32f103xb.o(.text)
    RTC_IRQHandler                           0x0800011b   Thumb Code     0  startup_stm32f103xb.o(.text)
    SPI1_IRQHandler                          0x0800011b   Thumb Code     0  startup_stm32f103xb.o(.text)
    TAMPER_IRQHandler                        0x0800011b   Thumb Code     0  startup_stm32f103xb.o(.text)
    TIM1_BRK_IRQHandler                      0x0800011b   Thumb Code     0  startup_stm32f103xb.o(.text)
    TIM1_CC_IRQHandler                       0x0800011b   Thumb Code     0  startup_stm32f103xb.o(.text)
    TIM1_TRG_COM_IRQHandler                  0x0800011b   Thumb Code     0  startup_stm32f103xb.o(.text)
    TIM1_UP_IRQHandler                       0x0800011b   Thumb Code     0  startup_stm32f103xb.o(.text)
    TIM2_IRQHandler                          0x0800011b   Thumb Code     0  startup_stm32f103xb.o(.text)
    TIM3_IRQHandler                          0x0800011b   Thumb Code     0  startup_stm32f103xb.o(.text)
    USART2_IRQHandler                        0x0800011b   Thumb Code     0  startup_stm32f103xb.o(.text)
    USART3_IRQHandler                        0x0800011b   Thumb Code     0  startup_stm32f103xb.o(.text)
    USBWakeUp_IRQHandler                     0x0800011b   Thumb Code     0  startup_stm32f103xb.o(.text)
    USB_HP_CAN1_TX_IRQHandler                0x0800011b   Thumb Code     0  startup_stm32f103xb.o(.text)
    USB_LP_CAN1_RX0_IRQHandler               0x0800011b   Thumb Code     0  startup_stm32f103xb.o(.text)
    WWDG_IRQHandler                          0x0800011b   Thumb Code     0  startup_stm32f103xb.o(.text)
    __aeabi_memcpy                           0x08000125   Thumb Code    36  memcpya.o(.text)
    __aeabi_memcpy4                          0x08000125   Thumb Code     0  memcpya.o(.text)
    __aeabi_memcpy8                          0x08000125   Thumb Code     0  memcpya.o(.text)
    __aeabi_memset                           0x08000149   Thumb Code    14  memseta.o(.text)
    __aeabi_memset4                          0x08000149   Thumb Code     0  memseta.o(.text)
    __aeabi_memset8                          0x08000149   Thumb Code     0  memseta.o(.text)
    __aeabi_memclr                           0x08000157   Thumb Code     4  memseta.o(.text)
    __aeabi_memclr4                          0x08000157   Thumb Code     0  memseta.o(.text)
    __aeabi_memclr8                          0x08000157   Thumb Code     0  memseta.o(.text)
    _memset$wrapper                          0x0800015b   Thumb Code    18  memseta.o(.text)
    strcpy                                   0x0800016d   Thumb Code    18  strcpy.o(.text)
    __aeabi_uidiv                            0x0800017f   Thumb Code     0  uidiv.o(.text)
    __aeabi_uidivmod                         0x0800017f   Thumb Code    44  uidiv.o(.text)
    __scatterload                            0x080001ad   Thumb Code    28  init.o(.text)
    __scatterload_rt2                        0x080001ad   Thumb Code     0  init.o(.text)
    __decompress                             0x080001d1   Thumb Code     0  __dclz77c.o(.text)
    __decompress2                            0x080001d1   Thumb Code    94  __dclz77c.o(.text)
    BusFault_Handler                         0x0800022f   Thumb Code     2  stm32f1xx_it.o(i.BusFault_Handler)
    DebugMon_Handler                         0x08000231   Thumb Code     2  stm32f1xx_it.o(i.DebugMon_Handler)
    EXTI0_IRQHandler                         0x08000233   Thumb Code     6  stm32f1xx_it.o(i.EXTI0_IRQHandler)
    HAL_DMA_Abort_IT                         0x08000239   Thumb Code   148  stm32f1xx_hal_dma.o(i.HAL_DMA_Abort_IT)
    HAL_Delay                                0x080002d1   Thumb Code    32  stm32f1xx_hal.o(i.HAL_Delay)
    HAL_GPIO_EXTI_Callback                   0x080002f5   Thumb Code     2  stm32f1xx_hal_gpio.o(i.HAL_GPIO_EXTI_Callback)
    HAL_GPIO_EXTI_IRQHandler                 0x080002f9   Thumb Code    18  stm32f1xx_hal_gpio.o(i.HAL_GPIO_EXTI_IRQHandler)
    HAL_GPIO_Init                            0x08000311   Thumb Code   408  stm32f1xx_hal_gpio.o(i.HAL_GPIO_Init)
    HAL_GPIO_WritePin                        0x080004cd   Thumb Code    10  stm32f1xx_hal_gpio.o(i.HAL_GPIO_WritePin)
    HAL_GetTick                              0x080004d9   Thumb Code     6  stm32f1xx_hal.o(i.HAL_GetTick)
    HAL_I2C_Init                             0x080004e5   Thumb Code   302  stm32f1xx_hal_i2c.o(i.HAL_I2C_Init)
    HAL_I2C_Master_Receive                   0x08000625   Thumb Code   516  stm32f1xx_hal_i2c.o(i.HAL_I2C_Master_Receive)
    HAL_I2C_Master_Transmit                  0x08000835   Thumb Code   304  stm32f1xx_hal_i2c.o(i.HAL_I2C_Master_Transmit)
    HAL_I2C_Mem_Write                        0x0800096d   Thumb Code   306  stm32f1xx_hal_i2c.o(i.HAL_I2C_Mem_Write)
    HAL_I2C_MspInit                          0x08000aa9   Thumb Code    80  stm32f1xx_hal_msp.o(i.HAL_I2C_MspInit)
    HAL_IncTick                              0x08000b05   Thumb Code    12  stm32f1xx_hal.o(i.HAL_IncTick)
    HAL_Init                                 0x08000b15   Thumb Code    32  stm32f1xx_hal.o(i.HAL_Init)
    HAL_InitTick                             0x08000b39   Thumb Code    54  stm32f1xx_hal.o(i.HAL_InitTick)
    HAL_MspInit                              0x08000b79   Thumb Code    52  stm32f1xx_hal_msp.o(i.HAL_MspInit)
    HAL_NVIC_EnableIRQ                       0x08000bb5   Thumb Code    22  stm32f1xx_hal_cortex.o(i.HAL_NVIC_EnableIRQ)
    HAL_NVIC_SetPriority                     0x08000bcd   Thumb Code    60  stm32f1xx_hal_cortex.o(i.HAL_NVIC_SetPriority)
    HAL_NVIC_SetPriorityGrouping             0x08000c0d   Thumb Code    26  stm32f1xx_hal_cortex.o(i.HAL_NVIC_SetPriorityGrouping)
    HAL_RCC_ClockConfig                      0x08000c31   Thumb Code   346  stm32f1xx_hal_rcc.o(i.HAL_RCC_ClockConfig)
    HAL_RCC_GetPCLK1Freq                     0x08000d9d   Thumb Code    20  stm32f1xx_hal_rcc.o(i.HAL_RCC_GetPCLK1Freq)
    HAL_RCC_GetPCLK2Freq                     0x08000dbd   Thumb Code    20  stm32f1xx_hal_rcc.o(i.HAL_RCC_GetPCLK2Freq)
    HAL_RCC_GetSysClockFreq                  0x08000ddd   Thumb Code    74  stm32f1xx_hal_rcc.o(i.HAL_RCC_GetSysClockFreq)
    HAL_RCC_OscConfig                        0x08000e49   Thumb Code   750  stm32f1xx_hal_rcc.o(i.HAL_RCC_OscConfig)
    HAL_SPI_ErrorCallback                    0x0800114d   Thumb Code     2  stm32f1xx_hal_spi.o(i.HAL_SPI_ErrorCallback)
    HAL_SPI_IRQHandler                       0x08001151   Thumb Code   190  stm32f1xx_hal_spi.o(i.HAL_SPI_IRQHandler)
    HAL_SPI_Init                             0x08001215   Thumb Code   130  stm32f1xx_hal_spi_ex.o(i.HAL_SPI_Init)
    HAL_SPI_MspInit                          0x08001299   Thumb Code   118  stm32f1xx_hal_msp.o(i.HAL_SPI_MspInit)
    HAL_SPI_TransmitReceive                  0x0800131d   Thumb Code   472  stm32f1xx_hal_spi.o(i.HAL_SPI_TransmitReceive)
    HAL_SYSTICK_Config                       0x080014f5   Thumb Code    40  stm32f1xx_hal_cortex.o(i.HAL_SYSTICK_Config)
    HAL_TIMEx_BreakCallback                  0x0800151d   Thumb Code     2  stm32f1xx_hal_tim_ex.o(i.HAL_TIMEx_BreakCallback)
    HAL_TIMEx_CommutationCallback            0x0800151f   Thumb Code     2  stm32f1xx_hal_tim_ex.o(i.HAL_TIMEx_CommutationCallback)
    HAL_TIMEx_MasterConfigSynchronization    0x08001521   Thumb Code    80  stm32f1xx_hal_tim_ex.o(i.HAL_TIMEx_MasterConfigSynchronization)
    HAL_TIM_Base_Init                        0x08001571   Thumb Code    54  stm32f1xx_hal_tim.o(i.HAL_TIM_Base_Init)
    HAL_TIM_Base_MspInit                     0x080015a9   Thumb Code    50  stm32f1xx_hal_msp.o(i.HAL_TIM_Base_MspInit)
    HAL_TIM_ConfigClockSource                0x080015e5   Thumb Code   242  stm32f1xx_hal_tim.o(i.HAL_TIM_ConfigClockSource)
    HAL_TIM_IC_CaptureCallback               0x080016d7   Thumb Code     2  stm32f1xx_hal_tim.o(i.HAL_TIM_IC_CaptureCallback)
    HAL_TIM_IRQHandler                       0x080016d9   Thumb Code   358  stm32f1xx_hal_tim.o(i.HAL_TIM_IRQHandler)
    HAL_TIM_MspPostInit                      0x08001841   Thumb Code    84  stm32f1xx_hal_msp.o(i.HAL_TIM_MspPostInit)
    HAL_TIM_OC_DelayElapsedCallback          0x080018a1   Thumb Code     2  stm32f1xx_hal_tim.o(i.HAL_TIM_OC_DelayElapsedCallback)
    HAL_TIM_PWM_ConfigChannel                0x080018a3   Thumb Code   208  stm32f1xx_hal_tim.o(i.HAL_TIM_PWM_ConfigChannel)
    HAL_TIM_PWM_Init                         0x08001973   Thumb Code    54  stm32f1xx_hal_tim.o(i.HAL_TIM_PWM_Init)
    HAL_TIM_PWM_MspInit                      0x080019a9   Thumb Code     2  stm32f1xx_hal_tim.o(i.HAL_TIM_PWM_MspInit)
    HAL_TIM_PWM_PulseFinishedCallback        0x080019ab   Thumb Code     2  stm32f1xx_hal_tim.o(i.HAL_TIM_PWM_PulseFinishedCallback)
    HAL_TIM_PWM_Start                        0x080019ad   Thumb Code    42  stm32f1xx_hal_tim.o(i.HAL_TIM_PWM_Start)
    HAL_TIM_PeriodElapsedCallback            0x080019dd   Thumb Code     2  stm32f1xx_hal_tim.o(i.HAL_TIM_PeriodElapsedCallback)
    HAL_TIM_TriggerCallback                  0x080019df   Thumb Code     2  stm32f1xx_hal_tim.o(i.HAL_TIM_TriggerCallback)
    HAL_UART_ErrorCallback                   0x080019e1   Thumb Code     2  stm32f1xx_hal_uart.o(i.HAL_UART_ErrorCallback)
    HAL_UART_IRQHandler                      0x080019e5   Thumb Code   266  stm32f1xx_hal_uart.o(i.HAL_UART_IRQHandler)
    HAL_UART_Init                            0x08001af5   Thumb Code    98  stm32f1xx_hal_uart.o(i.HAL_UART_Init)
    HAL_UART_MspInit                         0x08001b59   Thumb Code   116  stm32f1xx_hal_msp.o(i.HAL_UART_MspInit)
    HAL_UART_RxCpltCallback                  0x08001bd9   Thumb Code     2  stm32f1xx_hal_uart.o(i.HAL_UART_RxCpltCallback)
    HAL_UART_Transmit                        0x08001bdb   Thumb Code   186  stm32f1xx_hal_uart.o(i.HAL_UART_Transmit)
    HAL_UART_TxCpltCallback                  0x08001c95   Thumb Code     2  stm32f1xx_hal_uart.o(i.HAL_UART_TxCpltCallback)
    HardFault_Handler                        0x08001c97   Thumb Code     2  stm32f1xx_it.o(i.HardFault_Handler)
    MemManage_Handler                        0x08002251   Thumb Code     2  stm32f1xx_it.o(i.MemManage_Handler)
    NMI_Handler                              0x08002253   Thumb Code     2  stm32f1xx_it.o(i.NMI_Handler)
    PendSV_Handler                           0x08002275   Thumb Code     2  stm32f1xx_it.o(i.PendSV_Handler)
    SPI2_IRQHandler                          0x08002279   Thumb Code     6  stm32f1xx_it.o(i.SPI2_IRQHandler)
    SVC_Handler                              0x0800234b   Thumb Code     2  stm32f1xx_it.o(i.SVC_Handler)
    SysTick_Handler                          0x0800234d   Thumb Code    34  stm32f1xx_it.o(i.SysTick_Handler)
    SystemClock_Config                       0x08002375   Thumb Code    72  main.o(i.SystemClock_Config)
    SystemInit                               0x080023bd   Thumb Code    56  system_stm32f1xx.o(i.SystemInit)
    TIM4_IRQHandler                          0x08002405   Thumb Code     6  stm32f1xx_it.o(i.TIM4_IRQHandler)
    TIM_Base_SetConfig                       0x08002411   Thumb Code    94  stm32f1xx_hal_tim.o(i.TIM_Base_SetConfig)
    TIM_CCxChannelCmd                        0x0800247d   Thumb Code    22  stm32f1xx_hal_tim.o(i.TIM_CCxChannelCmd)
    TIM_OC2_SetConfig                        0x08002509   Thumb Code    84  stm32f1xx_hal_tim.o(i.TIM_OC2_SetConfig)
    USART1_IRQHandler                        0x0800293d   Thumb Code     6  stm32f1xx_it.o(i.USART1_IRQHandler)
    UsageFault_Handler                       0x08002949   Thumb Code     2  stm32f1xx_it.o(i.UsageFault_Handler)
    VL53L0X_CheckAndLoadInterruptSettings    0x0800294d   Thumb Code   118  vl53l0x_api.o(i.VL53L0X_CheckAndLoadInterruptSettings)
    VL53L0X_ClearInterruptMask               0x080029c9   Thumb Code    76  vl53l0x_api.o(i.VL53L0X_ClearInterruptMask)
    VL53L0X_DataInit                         0x08002a15   Thumb Code   386  vl53l0x_api.o(i.VL53L0X_DataInit)
    VL53L0X_GetDeviceParameters              0x08002ba1   Thumb Code   128  vl53l0x_api.o(i.VL53L0X_GetDeviceParameters)
    VL53L0X_GetFractionEnable                0x08002c21   Thumb Code    26  vl53l0x_api.o(i.VL53L0X_GetFractionEnable)
    VL53L0X_GetInterMeasurementPeriodMilliSeconds 0x08002c3b   Thumb Code    54  vl53l0x_api.o(i.VL53L0X_GetInterMeasurementPeriodMilliSeconds)
    VL53L0X_GetInterruptMaskStatus           0x08002c71   Thumb Code    34  vl53l0x_api.o(i.VL53L0X_GetInterruptMaskStatus)
    VL53L0X_GetInterruptThresholds           0x08002c93   Thumb Code    52  vl53l0x_api.o(i.VL53L0X_GetInterruptThresholds)
    VL53L0X_GetLimitCheckEnable              0x08002cc7   Thumb Code    24  vl53l0x_api.o(i.VL53L0X_GetLimitCheckEnable)
    VL53L0X_GetLimitCheckValue               0x08002ce1   Thumb Code   122  vl53l0x_api.o(i.VL53L0X_GetLimitCheckValue)
    VL53L0X_GetMeasurementDataReady          0x08002d5b   Thumb Code    58  vl53l0x_api.o(i.VL53L0X_GetMeasurementDataReady)
    VL53L0X_GetMeasurementTimingBudgetMicroSeconds 0x08002d95   Thumb Code     4  vl53l0x_api.o(i.VL53L0X_GetMeasurementTimingBudgetMicroSeconds)
    VL53L0X_GetOffsetCalibrationDataMicroMeter 0x08002d99   Thumb Code     4  vl53l0x_api.o(i.VL53L0X_GetOffsetCalibrationDataMicroMeter)
    VL53L0X_GetRangingMeasurementData        0x08002d9d   Thumb Code   300  vl53l0x_api.o(i.VL53L0X_GetRangingMeasurementData)
    VL53L0X_GetSequenceStepEnables           0x08002ec9   Thumb Code   114  vl53l0x_api.o(i.VL53L0X_GetSequenceStepEnables)
    VL53L0X_GetVcselPulsePeriod              0x08002f3b   Thumb Code     4  vl53l0x_api.o(i.VL53L0X_GetVcselPulsePeriod)
    VL53L0X_GetWrapAroundCheckEnable         0x08002f3f   Thumb Code    44  vl53l0x_api.o(i.VL53L0X_GetWrapAroundCheckEnable)
    VL53L0X_GetXTalkCompensationEnable       0x08002f6b   Thumb Code    10  vl53l0x_api.o(i.VL53L0X_GetXTalkCompensationEnable)
    VL53L0X_GetXTalkCompensationRateMegaCps  0x08002f75   Thumb Code    44  vl53l0x_api.o(i.VL53L0X_GetXTalkCompensationRateMegaCps)
    VL53L0X_PerformRefCalibration            0x08002fa1   Thumb Code     6  vl53l0x_api.o(i.VL53L0X_PerformRefCalibration)
    VL53L0X_PerformRefSpadManagement         0x08002fa7   Thumb Code     4  vl53l0x_api.o(i.VL53L0X_PerformRefSpadManagement)
    VL53L0X_PerformSingleMeasurement         0x08002fab   Thumb Code    34  vl53l0x_api.o(i.VL53L0X_PerformSingleMeasurement)
    VL53L0X_PerformSingleRangingMeasurement  0x08002fcd   Thumb Code    52  vl53l0x_api.o(i.VL53L0X_PerformSingleRangingMeasurement)
    VL53L0X_PollingDelay                     0x08003001   Thumb Code    14  vl53l0x_platform.o(i.VL53L0X_PollingDelay)
    VL53L0X_RdByte                           0x0800300f   Thumb Code    40  vl53l0x_platform.o(i.VL53L0X_RdByte)
    VL53L0X_RdDWord                          0x08003039   Thumb Code    66  vl53l0x_platform.o(i.VL53L0X_RdDWord)
    VL53L0X_RdWord                           0x08003081   Thumb Code    54  vl53l0x_platform.o(i.VL53L0X_RdWord)
    VL53L0X_ReadMulti                        0x080030bd   Thumb Code    48  vl53l0x_platform.o(i.VL53L0X_ReadMulti)
    VL53L0X_SetDeviceAddress                 0x080030ed   Thumb Code     8  vl53l0x_api.o(i.VL53L0X_SetDeviceAddress)
    VL53L0X_SetDeviceMode                    0x080030f5   Thumb Code    36  vl53l0x_api.o(i.VL53L0X_SetDeviceMode)
    VL53L0X_SetGpioConfig                    0x08003119   Thumb Code   312  vl53l0x_api.o(i.VL53L0X_SetGpioConfig)
    VL53L0X_SetLimitCheckEnable              0x08003251   Thumb Code   130  vl53l0x_api.o(i.VL53L0X_SetLimitCheckEnable)
    VL53L0X_SetLimitCheckValue               0x080032d3   Thumb Code    80  vl53l0x_api.o(i.VL53L0X_SetLimitCheckValue)
    VL53L0X_SetMeasurementTimingBudgetMicroSeconds 0x08003323   Thumb Code     4  vl53l0x_api.o(i.VL53L0X_SetMeasurementTimingBudgetMicroSeconds)
    VL53L0X_SetRefCalibration                0x08003327   Thumb Code     4  vl53l0x_api.o(i.VL53L0X_SetRefCalibration)
    VL53L0X_SetReferenceSpads                0x0800332b   Thumb Code     4  vl53l0x_api.o(i.VL53L0X_SetReferenceSpads)
    VL53L0X_SetSequenceStepEnable            0x0800332f   Thumb Code   174  vl53l0x_api.o(i.VL53L0X_SetSequenceStepEnable)
    VL53L0X_StartMeasurement                 0x080033dd   Thumb Code   212  vl53l0x_api.o(i.VL53L0X_StartMeasurement)
    VL53L0X_StaticInit                       0x080034b1   Thumb Code   366  vl53l0x_api.o(i.VL53L0X_StaticInit)
    VL53L0X_UpdateByte                       0x08003625   Thumb Code    42  vl53l0x_platform.o(i.VL53L0X_UpdateByte)
    VL53L0X_WrByte                           0x08003651   Thumb Code    32  vl53l0x_platform.o(i.VL53L0X_WrByte)
    VL53L0X_WrWord                           0x08003675   Thumb Code    36  vl53l0x_platform.o(i.VL53L0X_WrWord)
    VL53L0X_WriteMulti                       0x0800369d   Thumb Code    52  vl53l0x_platform.o(i.VL53L0X_WriteMulti)
    VL53L0X_calc_dmax                        0x080036d5   Thumb Code   212  vl53l0x_api_core.o(i.VL53L0X_calc_dmax)
    VL53L0X_calc_macro_period_ps             0x080037ad   Thumb Code    16  vl53l0x_api_core.o(i.VL53L0X_calc_macro_period_ps)
    VL53L0X_calc_sigma_estimate              0x080037bd   Thumb Code   538  vl53l0x_api_core.o(i.VL53L0X_calc_sigma_estimate)
    VL53L0X_calc_timeout_mclks               0x080039e5   Thumb Code    34  vl53l0x_api_core.o(i.VL53L0X_calc_timeout_mclks)
    VL53L0X_calc_timeout_us                  0x08003a07   Thumb Code    34  vl53l0x_api_core.o(i.VL53L0X_calc_timeout_us)
    VL53L0X_decode_timeout                   0x08003a29   Thumb Code    12  vl53l0x_api_core.o(i.VL53L0X_decode_timeout)
    VL53L0X_decode_vcsel_period              0x08003a35   Thumb Code     8  vl53l0x_api_core.o(i.VL53L0X_decode_vcsel_period)
    VL53L0X_device_read_strobe               0x08003a3d   Thumb Code    74  vl53l0x_api_core.o(i.VL53L0X_device_read_strobe)
    VL53L0X_encode_timeout                   0x08003a87   Thumb Code    30  vl53l0x_api_core.o(i.VL53L0X_encode_timeout)
    VL53L0X_get_info_from_device             0x08003aa5   Thumb Code  1320  vl53l0x_api_core.o(i.VL53L0X_get_info_from_device)
    VL53L0X_get_measurement_timing_budget_micro_seconds 0x08003fcd   Thumb Code   196  vl53l0x_api_core.o(i.VL53L0X_get_measurement_timing_budget_micro_seconds)
    VL53L0X_get_offset_calibration_data_micro_meter 0x08004091   Thumb Code    50  vl53l0x_api_calibration.o(i.VL53L0X_get_offset_calibration_data_micro_meter)
    VL53L0X_get_pal_range_status             0x080040c5   Thumb Code   486  vl53l0x_api_core.o(i.VL53L0X_get_pal_range_status)
    VL53L0X_get_total_signal_rate            0x080042ab   Thumb Code    28  vl53l0x_api_core.o(i.VL53L0X_get_total_signal_rate)
    VL53L0X_get_total_xtalk_rate             0x080042c7   Thumb Code    46  vl53l0x_api_core.o(i.VL53L0X_get_total_xtalk_rate)
    VL53L0X_get_vcsel_pulse_period           0x080042f5   Thumb Code    48  vl53l0x_api_core.o(i.VL53L0X_get_vcsel_pulse_period)
    VL53L0X_isqrt                            0x08004325   Thumb Code    42  vl53l0x_api_core.o(i.VL53L0X_isqrt)
    VL53L0X_load_tuning_settings             0x08004351   Thumb Code   164  vl53l0x_api_core.o(i.VL53L0X_load_tuning_settings)
    VL53L0X_measurement_poll_for_completion  0x080043f5   Thumb Code    54  vl53l0x_api_core.o(i.VL53L0X_measurement_poll_for_completion)
    VL53L0X_perform_phase_calibration        0x0800442b   Thumb Code   116  vl53l0x_api_calibration.o(i.VL53L0X_perform_phase_calibration)
    VL53L0X_perform_ref_calibration          0x0800449f   Thumb Code    64  vl53l0x_api_calibration.o(i.VL53L0X_perform_ref_calibration)
    VL53L0X_perform_ref_spad_management      0x080044df   Thumb Code   542  vl53l0x_api_calibration.o(i.VL53L0X_perform_ref_spad_management)
    VL53L0X_perform_single_ref_calibration   0x080046fd   Thumb Code    56  vl53l0x_api_calibration.o(i.VL53L0X_perform_single_ref_calibration)
    VL53L0X_perform_vhv_calibration          0x08004735   Thumb Code   116  vl53l0x_api_calibration.o(i.VL53L0X_perform_vhv_calibration)
    VL53L0X_ref_calibration_io               0x080047a9   Thumb Code   178  vl53l0x_api_calibration.o(i.VL53L0X_ref_calibration_io)
    VL53L0X_set_measurement_timing_budget_micro_seconds 0x0800485b   Thumb Code   194  vl53l0x_api_core.o(i.VL53L0X_set_measurement_timing_budget_micro_seconds)
    VL53L0X_set_ref_calibration              0x0800491d   Thumb Code    32  vl53l0x_api_calibration.o(i.VL53L0X_set_ref_calibration)
    VL53L0X_set_reference_spads              0x0800493d   Thumb Code   166  vl53l0x_api_calibration.o(i.VL53L0X_set_reference_spads)
    _I2CRead                                 0x080049e3   Thumb Code    32  vl53l0x_platform.o(i._I2CRead)
    _I2CWrite                                0x08004a03   Thumb Code    28  vl53l0x_platform.o(i._I2CWrite)
    __0printf$1                              0x08004a21   Thumb Code    22  printf1.o(i.__0printf$1)
    __1printf$1                              0x08004a21   Thumb Code     0  printf1.o(i.__0printf$1)
    __2printf                                0x08004a21   Thumb Code     0  printf1.o(i.__0printf$1)
    __scatterload_copy                       0x08004a41   Thumb Code    14  handlers.o(i.__scatterload_copy)
    __scatterload_null                       0x08004a4f   Thumb Code     2  handlers.o(i.__scatterload_null)
    __scatterload_zeroinit                   0x08004a51   Thumb Code    14  handlers.o(i.__scatterload_zeroinit)
    enable_ref_spads                         0x08004bb5   Thumb Code   148  vl53l0x_api_calibration.o(i.enable_ref_spads)
    enable_spad_bit                          0x08004c49   Thumb Code    42  vl53l0x_api_calibration.o(i.enable_spad_bit)
    fputc                                    0x08004c75   Thumb Code    20  main.o(i.fputc)
    get_next_good_spad                       0x08004c8d   Thumb Code    92  vl53l0x_api_calibration.o(i.get_next_good_spad)
    get_ref_spad_map                         0x08004ce9   Thumb Code    10  vl53l0x_api_calibration.o(i.get_ref_spad_map)
    get_sequence_step_timeout                0x08004cf3   Thumb Code   242  vl53l0x_api_core.o(i.get_sequence_step_timeout)
    is_aperture                              0x08004e95   Thumb Code    20  vl53l0x_api_calibration.o(i.is_aperture)
    main                                     0x08004ead   Thumb Code   500  main.o(i.main)
    nRF24_Check                              0x0800511d   Thumb Code    54  nrf24.o(i.nRF24_Check)
    nRF24_ClearIRQFlags                      0x0800515d   Thumb Code    22  nrf24.o(i.nRF24_ClearIRQFlags)
    nRF24_DisableAA                          0x08005173   Thumb Code    36  nrf24.o(i.nRF24_DisableAA)
    nRF24_FlushRX                            0x08005197   Thumb Code     8  nrf24.o(i.nRF24_FlushRX)
    nRF24_FlushTX                            0x0800519f   Thumb Code     8  nrf24.o(i.nRF24_FlushTX)
    nRF24_Init                               0x080051a9   Thumb Code   156  nrf24.o(i.nRF24_Init)
    nRF24_LL_RW                              0x08005249   Thumb Code    26  nrf24_hal.o(i.nRF24_LL_RW)
    nRF24_SetAddr                            0x080052dd   Thumb Code   108  nrf24.o(i.nRF24_SetAddr)
    nRF24_SetAddrWidth                       0x08005351   Thumb Code    10  nrf24.o(i.nRF24_SetAddrWidth)
    nRF24_SetCRCScheme                       0x0800535b   Thumb Code    30  nrf24.o(i.nRF24_SetCRCScheme)
    nRF24_SetDataRate                        0x08005379   Thumb Code    26  nrf24.o(i.nRF24_SetDataRate)
    nRF24_SetOperationalMode                 0x08005393   Thumb Code    30  nrf24.o(i.nRF24_SetOperationalMode)
    nRF24_SetPowerMode                       0x080053b1   Thumb Code    34  nrf24.o(i.nRF24_SetPowerMode)
    nRF24_SetRFChannel                       0x080053d3   Thumb Code     8  nrf24.o(i.nRF24_SetRFChannel)
    nRF24_SetRXPipe                          0x080053dd   Thumb Code    74  nrf24.o(i.nRF24_SetRXPipe)
    perform_ref_signal_measurement           0x080054bd   Thumb Code   100  vl53l0x_api_calibration.o(i.perform_ref_signal_measurement)
    sequence_step_enabled                    0x08005521   Thumb Code    56  vl53l0x_api.o(i.sequence_step_enabled)
    set_ref_spad_map                         0x08005559   Thumb Code    10  vl53l0x_api_calibration.o(i.set_ref_spad_map)
    set_sequence_step_timeout                0x08005563   Thumb Code   258  vl53l0x_api_core.o(i.set_sequence_step_timeout)
    ssd1306_DrawPixel                        0x08005665   Thumb Code    54  ssd1306.o(i.ssd1306_DrawPixel)
    ssd1306_Fill                             0x080056a5   Thumb Code    28  ssd1306.o(i.ssd1306_Fill)
    ssd1306_Init                             0x080056c5   Thumb Code   202  ssd1306.o(i.ssd1306_Init)
    ssd1306_SetCursor                        0x08005795   Thumb Code     8  ssd1306.o(i.ssd1306_SetCursor)
    ssd1306_UpdateScreen                     0x080057a1   Thumb Code    66  ssd1306.o(i.ssd1306_UpdateScreen)
    ssd1306_WriteChar                        0x080057ed   Thumb Code   150  ssd1306.o(i.ssd1306_WriteChar)
    ssd1306_WriteString                      0x080058ad   Thumb Code    44  ssd1306.o(i.ssd1306_WriteString)
    AHBPrescTable                            0x08006660   Data          16  system_stm32f1xx.o(.constdata)
    APBPrescTable                            0x08006670   Data           8  system_stm32f1xx.o(.constdata)
    Region$$Table$$Base                      0x08006678   Number         0  anon$$obj.o(Region$$Table)
    Region$$Table$$Limit                     0x08006698   Number         0  anon$$obj.o(Region$$Table)
    payload_length                           0x20000000   Data           1  main.o(.data)
    tx_res                                   0x20000006   Data           1  main.o(.data)
    SerialModule                             0x2000000c   Data           4  main.o(.data)
    monitoreFlag                             0x20000010   Data           1  main.o(.data)
    Font_11x18                               0x20000018   Data           8  fonts.o(.data)
    uwTickFreq                               0x20000020   Data           1  stm32f1xx_hal.o(.data)
    uwTickPrio                               0x20000024   Data           4  stm32f1xx_hal.o(.data)
    uwTick                                   0x20000028   Data           4  stm32f1xx_hal.o(.data)
    SystemCoreClock                          0x2000002c   Data           4  system_stm32f1xx.o(.data)
    refArrayQuadrants                        0x20000030   Data          16  vl53l0x_api_calibration.o(.data)
    DefaultTuningSettings                    0x20000040   Data         243  vl53l0x_api.o(.data)
    InterruptThresholdSettings               0x20000133   Data         438  vl53l0x_api.o(.data)
    __stdout                                 0x200002ec   Data           4  stdout.o(.data)
    nRF24_payload                            0x200002f0   Data          32  main.o(.bss)
    hi2c1                                    0x200004bc   Data          84  main.o(.bss)
    hspi2                                    0x20000510   Data          88  main.o(.bss)
    htim4                                    0x20000568   Data          64  main.o(.bss)
    huart1                                   0x200005a8   Data          64  main.o(.bss)
    _I2CBuffer                               0x200009e8   Data          64  vl53l0x_platform.o(.bss)
    __initial_sp                             0x20000e28   Data           0  startup_stm32f103xb.o(STACK)



==============================================================================

Memory Map of the image

  Image Entry point : 0x080000ed

  Load Region LR_IROM1 (Base: 0x08000000, Size: 0x00006988, Max: 0x00010000, ABSOLUTE, COMPRESSED[0x00006930])

    Execution Region ER_IROM1 (Exec base: 0x08000000, Load base: 0x08000000, Size: 0x00006698, Max: 0x00010000, ABSOLUTE)

    Exec Addr    Load Addr    Size         Type   Attr      Idx    E Section Name        Object

    0x08000000   0x08000000   0x000000ec   Data   RO            3    RESET               startup_stm32f103xb.o
    0x080000ec   0x080000ec   0x00000000   Code   RO         4907  * .ARM.Collect$$$$00000000  mc_w.l(entry.o)
    0x080000ec   0x080000ec   0x00000004   Code   RO         5181    .ARM.Collect$$$$00000001  mc_w.l(entry2.o)
    0x080000f0   0x080000f0   0x00000004   Code   RO         5184    .ARM.Collect$$$$00000004  mc_w.l(entry5.o)
    0x080000f4   0x080000f4   0x00000000   Code   RO         5186    .ARM.Collect$$$$00000008  mc_w.l(entry7b.o)
    0x080000f4   0x080000f4   0x00000000   Code   RO         5188    .ARM.Collect$$$$0000000A  mc_w.l(entry8b.o)
    0x080000f4   0x080000f4   0x00000008   Code   RO         5189    .ARM.Collect$$$$0000000B  mc_w.l(entry9a.o)
    0x080000fc   0x080000fc   0x00000000   Code   RO         5191    .ARM.Collect$$$$0000000D  mc_w.l(entry10a.o)
    0x080000fc   0x080000fc   0x00000000   Code   RO         5193    .ARM.Collect$$$$0000000F  mc_w.l(entry11a.o)
    0x080000fc   0x080000fc   0x00000004   Code   RO         5182    .ARM.Collect$$$$00002712  mc_w.l(entry2.o)
    0x08000100   0x08000100   0x00000024   Code   RO            4    .text               startup_stm32f103xb.o
    0x08000124   0x08000124   0x00000024   Code   RO         4912    .text               mc_w.l(memcpya.o)
    0x08000148   0x08000148   0x00000024   Code   RO         4914    .text               mc_w.l(memseta.o)
    0x0800016c   0x0800016c   0x00000012   Code   RO         4916    .text               mc_w.l(strcpy.o)
    0x0800017e   0x0800017e   0x0000002c   Code   RO         5196    .text               mc_w.l(uidiv.o)
    0x080001aa   0x080001aa   0x00000002   PAD
    0x080001ac   0x080001ac   0x00000024   Code   RO         5211    .text               mc_w.l(init.o)
    0x080001d0   0x080001d0   0x0000005e   Code   RO         5227    .text               mc_w.l(__dclz77c.o)
    0x0800022e   0x0800022e   0x00000002   Code   RO          543    i.BusFault_Handler  stm32f1xx_it.o
    0x08000230   0x08000230   0x00000002   Code   RO          544    i.DebugMon_Handler  stm32f1xx_it.o
    0x08000232   0x08000232   0x00000006   Code   RO          545    i.EXTI0_IRQHandler  stm32f1xx_it.o
    0x08000238   0x08000238   0x00000098   Code   RO         3165    i.HAL_DMA_Abort_IT  stm32f1xx_hal_dma.o
    0x080002d0   0x080002d0   0x00000024   Code   RO         2804    i.HAL_Delay         stm32f1xx_hal.o
    0x080002f4   0x080002f4   0x00000002   Code   RO         3098    i.HAL_GPIO_EXTI_Callback  stm32f1xx_hal_gpio.o
    0x080002f6   0x080002f6   0x00000002   PAD
    0x080002f8   0x080002f8   0x00000018   Code   RO         3099    i.HAL_GPIO_EXTI_IRQHandler  stm32f1xx_hal_gpio.o
    0x08000310   0x08000310   0x000001bc   Code   RO         3100    i.HAL_GPIO_Init     stm32f1xx_hal_gpio.o
    0x080004cc   0x080004cc   0x0000000a   Code   RO         3104    i.HAL_GPIO_WritePin  stm32f1xx_hal_gpio.o
    0x080004d6   0x080004d6   0x00000002   PAD
    0x080004d8   0x080004d8   0x0000000c   Code   RO         2808    i.HAL_GetTick       stm32f1xx_hal.o
    0x080004e4   0x080004e4   0x00000140   Code   RO          873    i.HAL_I2C_Init      stm32f1xx_hal_i2c.o
    0x08000624   0x08000624   0x00000210   Code   RO          879    i.HAL_I2C_Master_Receive  stm32f1xx_hal_i2c.o
    0x08000834   0x08000834   0x00000138   Code   RO          884    i.HAL_I2C_Master_Transmit  stm32f1xx_hal_i2c.o
    0x0800096c   0x0800096c   0x0000013c   Code   RO          892    i.HAL_I2C_Mem_Write  stm32f1xx_hal_i2c.o
    0x08000aa8   0x08000aa8   0x0000005c   Code   RO          644    i.HAL_I2C_MspInit   stm32f1xx_hal_msp.o
    0x08000b04   0x08000b04   0x00000010   Code   RO         2812    i.HAL_IncTick       stm32f1xx_hal.o
    0x08000b14   0x08000b14   0x00000024   Code   RO         2813    i.HAL_Init          stm32f1xx_hal.o
    0x08000b38   0x08000b38   0x00000040   Code   RO         2814    i.HAL_InitTick      stm32f1xx_hal.o
    0x08000b78   0x08000b78   0x0000003c   Code   RO          645    i.HAL_MspInit       stm32f1xx_hal_msp.o
    0x08000bb4   0x08000bb4   0x00000016   Code   RO         3260    i.HAL_NVIC_EnableIRQ  stm32f1xx_hal_cortex.o
    0x08000bca   0x08000bca   0x00000002   PAD
    0x08000bcc   0x08000bcc   0x00000040   Code   RO         3266    i.HAL_NVIC_SetPriority  stm32f1xx_hal_cortex.o
    0x08000c0c   0x08000c0c   0x00000024   Code   RO         3267    i.HAL_NVIC_SetPriorityGrouping  stm32f1xx_hal_cortex.o
    0x08000c30   0x08000c30   0x0000016c   Code   RO         2960    i.HAL_RCC_ClockConfig  stm32f1xx_hal_rcc.o
    0x08000d9c   0x08000d9c   0x00000020   Code   RO         2967    i.HAL_RCC_GetPCLK1Freq  stm32f1xx_hal_rcc.o
    0x08000dbc   0x08000dbc   0x00000020   Code   RO         2968    i.HAL_RCC_GetPCLK2Freq  stm32f1xx_hal_rcc.o
    0x08000ddc   0x08000ddc   0x0000006c   Code   RO         2969    i.HAL_RCC_GetSysClockFreq  stm32f1xx_hal_rcc.o
    0x08000e48   0x08000e48   0x00000304   Code   RO         2972    i.HAL_RCC_OscConfig  stm32f1xx_hal_rcc.o
    0x0800114c   0x0800114c   0x00000002   Code   RO         1267    i.HAL_SPI_ErrorCallback  stm32f1xx_hal_spi.o
    0x0800114e   0x0800114e   0x00000002   PAD
    0x08001150   0x08001150   0x000000c4   Code   RO         1270    i.HAL_SPI_IRQHandler  stm32f1xx_hal_spi.o
    0x08001214   0x08001214   0x00000082   Code   RO         1583    i.HAL_SPI_Init      stm32f1xx_hal_spi_ex.o
    0x08001296   0x08001296   0x00000002   PAD
    0x08001298   0x08001298   0x00000084   Code   RO          647    i.HAL_SPI_MspInit   stm32f1xx_hal_msp.o
    0x0800131c   0x0800131c   0x000001d8   Code   RO         1280    i.HAL_SPI_TransmitReceive  stm32f1xx_hal_spi.o
    0x080014f4   0x080014f4   0x00000028   Code   RO         3271    i.HAL_SYSTICK_Config  stm32f1xx_hal_cortex.o
    0x0800151c   0x0800151c   0x00000002   Code   RO         2238    i.HAL_TIMEx_BreakCallback  stm32f1xx_hal_tim_ex.o
    0x0800151e   0x0800151e   0x00000002   Code   RO         2239    i.HAL_TIMEx_CommutationCallback  stm32f1xx_hal_tim_ex.o
    0x08001520   0x08001520   0x00000050   Code   RO         2255    i.HAL_TIMEx_MasterConfigSynchronization  stm32f1xx_hal_tim_ex.o
    0x08001570   0x08001570   0x00000036   Code   RO         1609    i.HAL_TIM_Base_Init  stm32f1xx_hal_tim.o
    0x080015a6   0x080015a6   0x00000002   PAD
    0x080015a8   0x080015a8   0x0000003c   Code   RO          649    i.HAL_TIM_Base_MspInit  stm32f1xx_hal_msp.o
    0x080015e4   0x080015e4   0x000000f2   Code   RO         1618    i.HAL_TIM_ConfigClockSource  stm32f1xx_hal_tim.o
    0x080016d6   0x080016d6   0x00000002   Code   RO         1638    i.HAL_TIM_IC_CaptureCallback  stm32f1xx_hal_tim.o
    0x080016d8   0x080016d8   0x00000166   Code   RO         1651    i.HAL_TIM_IRQHandler  stm32f1xx_hal_tim.o
    0x0800183e   0x0800183e   0x00000002   PAD
    0x08001840   0x08001840   0x00000060   Code   RO          650    i.HAL_TIM_MspPostInit  stm32f1xx_hal_msp.o
    0x080018a0   0x080018a0   0x00000002   Code   RO         1654    i.HAL_TIM_OC_DelayElapsedCallback  stm32f1xx_hal_tim.o
    0x080018a2   0x080018a2   0x000000d0   Code   RO         1675    i.HAL_TIM_PWM_ConfigChannel  stm32f1xx_hal_tim.o
    0x08001972   0x08001972   0x00000036   Code   RO         1678    i.HAL_TIM_PWM_Init  stm32f1xx_hal_tim.o
    0x080019a8   0x080019a8   0x00000002   Code   RO         1680    i.HAL_TIM_PWM_MspInit  stm32f1xx_hal_tim.o
    0x080019aa   0x080019aa   0x00000002   Code   RO         1681    i.HAL_TIM_PWM_PulseFinishedCallback  stm32f1xx_hal_tim.o
    0x080019ac   0x080019ac   0x00000030   Code   RO         1682    i.HAL_TIM_PWM_Start  stm32f1xx_hal_tim.o
    0x080019dc   0x080019dc   0x00000002   Code   RO         1688    i.HAL_TIM_PeriodElapsedCallback  stm32f1xx_hal_tim.o
    0x080019de   0x080019de   0x00000002   Code   RO         1692    i.HAL_TIM_TriggerCallback  stm32f1xx_hal_tim.o
    0x080019e0   0x080019e0   0x00000002   Code   RO         2492    i.HAL_UART_ErrorCallback  stm32f1xx_hal_uart.o
    0x080019e2   0x080019e2   0x00000002   PAD
    0x080019e4   0x080019e4   0x00000110   Code   RO         2495    i.HAL_UART_IRQHandler  stm32f1xx_hal_uart.o
    0x08001af4   0x08001af4   0x00000062   Code   RO         2496    i.HAL_UART_Init     stm32f1xx_hal_uart.o
    0x08001b56   0x08001b56   0x00000002   PAD
    0x08001b58   0x08001b58   0x00000080   Code   RO          652    i.HAL_UART_MspInit  stm32f1xx_hal_msp.o
    0x08001bd8   0x08001bd8   0x00000002   Code   RO         2502    i.HAL_UART_RxCpltCallback  stm32f1xx_hal_uart.o
    0x08001bda   0x08001bda   0x000000ba   Code   RO         2504    i.HAL_UART_Transmit  stm32f1xx_hal_uart.o
    0x08001c94   0x08001c94   0x00000002   Code   RO         2507    i.HAL_UART_TxCpltCallback  stm32f1xx_hal_uart.o
    0x08001c96   0x08001c96   0x00000002   Code   RO          546    i.HardFault_Handler  stm32f1xx_it.o
    0x08001c98   0x08001c98   0x00000028   Code   RO          911    i.I2C_IsAcknowledgeFailed  stm32f1xx_hal_i2c.o
    0x08001cc0   0x08001cc0   0x000000de   Code   RO          914    i.I2C_MasterRequestRead  stm32f1xx_hal_i2c.o
    0x08001d9e   0x08001d9e   0x00000002   PAD
    0x08001da0   0x08001da0   0x00000094   Code   RO          915    i.I2C_MasterRequestWrite  stm32f1xx_hal_i2c.o
    0x08001e34   0x08001e34   0x000000a0   Code   RO          921    i.I2C_RequestMemoryWrite  stm32f1xx_hal_i2c.o
    0x08001ed4   0x08001ed4   0x0000004e   Code   RO          924    i.I2C_WaitOnBTFFlagUntilTimeout  stm32f1xx_hal_i2c.o
    0x08001f22   0x08001f22   0x00000060   Code   RO          925    i.I2C_WaitOnFlagUntilTimeout  stm32f1xx_hal_i2c.o
    0x08001f82   0x08001f82   0x00000002   PAD
    0x08001f84   0x08001f84   0x00000088   Code   RO          926    i.I2C_WaitOnMasterAddressFlagUntilTimeout  stm32f1xx_hal_i2c.o
    0x0800200c   0x0800200c   0x00000062   Code   RO          927    i.I2C_WaitOnRXNEFlagUntilTimeout  stm32f1xx_hal_i2c.o
    0x0800206e   0x0800206e   0x0000004e   Code   RO          928    i.I2C_WaitOnTXEFlagUntilTimeout  stm32f1xx_hal_i2c.o
    0x080020bc   0x080020bc   0x000000e0   Code   RO          401    i.MX_GPIO_Init      main.o
    0x0800219c   0x0800219c   0x00000034   Code   RO          402    i.MX_SPI2_Init      main.o
    0x080021d0   0x080021d0   0x00000080   Code   RO          403    i.MX_TIM4_Init      main.o
    0x08002250   0x08002250   0x00000002   Code   RO          547    i.MemManage_Handler  stm32f1xx_it.o
    0x08002252   0x08002252   0x00000002   Code   RO          548    i.NMI_Handler       stm32f1xx_it.o
    0x08002254   0x08002254   0x00000020   Code   RO         3273    i.NVIC_SetPriority  stm32f1xx_hal_cortex.o
    0x08002274   0x08002274   0x00000002   Code   RO          549    i.PendSV_Handler    stm32f1xx_it.o
    0x08002276   0x08002276   0x00000002   PAD
    0x08002278   0x08002278   0x0000000c   Code   RO          550    i.SPI2_IRQHandler   stm32f1xx_it.o
    0x08002284   0x08002284   0x00000020   Code   RO         1295    i.SPI_CheckFlag_BSY  stm32f1xx_hal_spi.o
    0x080022a4   0x080022a4   0x00000010   Code   RO         1299    i.SPI_DMAAbortOnError  stm32f1xx_hal_spi.o
    0x080022b4   0x080022b4   0x00000096   Code   RO         1314    i.SPI_WaitFlagStateUntilTimeout  stm32f1xx_hal_spi.o
    0x0800234a   0x0800234a   0x00000002   Code   RO          551    i.SVC_Handler       stm32f1xx_it.o
    0x0800234c   0x0800234c   0x00000028   Code   RO          552    i.SysTick_Handler   stm32f1xx_it.o
    0x08002374   0x08002374   0x00000048   Code   RO          404    i.SystemClock_Config  main.o
    0x080023bc   0x080023bc   0x00000048   Code   RO         3689    i.SystemInit        system_stm32f1xx.o
    0x08002404   0x08002404   0x0000000c   Code   RO          553    i.TIM4_IRQHandler   stm32f1xx_it.o
    0x08002410   0x08002410   0x0000006c   Code   RO         1693    i.TIM_Base_SetConfig  stm32f1xx_hal_tim.o
    0x0800247c   0x0800247c   0x00000016   Code   RO         1694    i.TIM_CCxChannelCmd  stm32f1xx_hal_tim.o
    0x08002492   0x08002492   0x00000014   Code   RO         1700    i.TIM_ETR_SetConfig  stm32f1xx_hal_tim.o
    0x080024a6   0x080024a6   0x00000010   Code   RO         1701    i.TIM_ITRx_SetConfig  stm32f1xx_hal_tim.o
    0x080024b6   0x080024b6   0x00000002   PAD
    0x080024b8   0x080024b8   0x00000050   Code   RO         1702    i.TIM_OC1_SetConfig  stm32f1xx_hal_tim.o
    0x08002508   0x08002508   0x00000058   Code   RO         1703    i.TIM_OC2_SetConfig  stm32f1xx_hal_tim.o
    0x08002560   0x08002560   0x00000058   Code   RO         1704    i.TIM_OC3_SetConfig  stm32f1xx_hal_tim.o
    0x080025b8   0x080025b8   0x00000044   Code   RO         1705    i.TIM_OC4_SetConfig  stm32f1xx_hal_tim.o
    0x080025fc   0x080025fc   0x00000022   Code   RO         1707    i.TIM_TI1_ConfigInputStage  stm32f1xx_hal_tim.o
    0x0800261e   0x0800261e   0x00000024   Code   RO         1709    i.TIM_TI2_ConfigInputStage  stm32f1xx_hal_tim.o
    0x08002642   0x08002642   0x00000010   Code   RO         2509    i.UART_DMAAbortOnError  stm32f1xx_hal_uart.o
    0x08002652   0x08002652   0x0000001c   Code   RO         2519    i.UART_EndRxTransfer  stm32f1xx_hal_uart.o
    0x0800266e   0x0800266e   0x00000096   Code   RO         2521    i.UART_Receive_IT   stm32f1xx_hal_uart.o
    0x08002704   0x08002704   0x00000170   Code   RO         2522    i.UART_SetConfig    stm32f1xx_hal_uart.o
    0x08002874   0x08002874   0x00000062   Code   RO         2523    i.UART_Transmit_IT  stm32f1xx_hal_uart.o
    0x080028d6   0x080028d6   0x00000064   Code   RO         2524    i.UART_WaitOnFlagUntilTimeout  stm32f1xx_hal_uart.o
    0x0800293a   0x0800293a   0x00000002   PAD
    0x0800293c   0x0800293c   0x0000000c   Code   RO          554    i.USART1_IRQHandler  stm32f1xx_it.o
    0x08002948   0x08002948   0x00000002   Code   RO          555    i.UsageFault_Handler  stm32f1xx_it.o
    0x0800294a   0x0800294a   0x00000002   PAD
    0x0800294c   0x0800294c   0x0000007c   Code   RO         4234    i.VL53L0X_CheckAndLoadInterruptSettings  vl53l0x_api.o
    0x080029c8   0x080029c8   0x0000004c   Code   RO         4235    i.VL53L0X_ClearInterruptMask  vl53l0x_api.o
    0x08002a14   0x08002a14   0x0000018c   Code   RO         4236    i.VL53L0X_DataInit  vl53l0x_api.o
    0x08002ba0   0x08002ba0   0x00000080   Code   RO         4242    i.VL53L0X_GetDeviceParameters  vl53l0x_api.o
    0x08002c20   0x08002c20   0x0000001a   Code   RO         4244    i.VL53L0X_GetFractionEnable  vl53l0x_api.o
    0x08002c3a   0x08002c3a   0x00000036   Code   RO         4248    i.VL53L0X_GetInterMeasurementPeriodMilliSeconds  vl53l0x_api.o
    0x08002c70   0x08002c70   0x00000022   Code   RO         4249    i.VL53L0X_GetInterruptMaskStatus  vl53l0x_api.o
    0x08002c92   0x08002c92   0x00000034   Code   RO         4250    i.VL53L0X_GetInterruptThresholds  vl53l0x_api.o
    0x08002cc6   0x08002cc6   0x00000018   Code   RO         4252    i.VL53L0X_GetLimitCheckEnable  vl53l0x_api.o
    0x08002cde   0x08002cde   0x00000002   PAD
    0x08002ce0   0x08002ce0   0x0000007a   Code   RO         4255    i.VL53L0X_GetLimitCheckValue  vl53l0x_api.o
    0x08002d5a   0x08002d5a   0x0000003a   Code   RO         4258    i.VL53L0X_GetMeasurementDataReady  vl53l0x_api.o
    0x08002d94   0x08002d94   0x00000004   Code   RO         4260    i.VL53L0X_GetMeasurementTimingBudgetMicroSeconds  vl53l0x_api.o
    0x08002d98   0x08002d98   0x00000004   Code   RO         4264    i.VL53L0X_GetOffsetCalibrationDataMicroMeter  vl53l0x_api.o
    0x08002d9c   0x08002d9c   0x0000012c   Code   RO         4272    i.VL53L0X_GetRangingMeasurementData  vl53l0x_api.o
    0x08002ec8   0x08002ec8   0x00000072   Code   RO         4276    i.VL53L0X_GetSequenceStepEnables  vl53l0x_api.o
    0x08002f3a   0x08002f3a   0x00000004   Code   RO         4285    i.VL53L0X_GetVcselPulsePeriod  vl53l0x_api.o
    0x08002f3e   0x08002f3e   0x0000002c   Code   RO         4287    i.VL53L0X_GetWrapAroundCheckEnable  vl53l0x_api.o
    0x08002f6a   0x08002f6a   0x0000000a   Code   RO         4288    i.VL53L0X_GetXTalkCompensationEnable  vl53l0x_api.o
    0x08002f74   0x08002f74   0x0000002c   Code   RO         4289    i.VL53L0X_GetXTalkCompensationRateMegaCps  vl53l0x_api.o
    0x08002fa0   0x08002fa0   0x00000006   Code   RO         4291    i.VL53L0X_PerformRefCalibration  vl53l0x_api.o
    0x08002fa6   0x08002fa6   0x00000004   Code   RO         4292    i.VL53L0X_PerformRefSpadManagement  vl53l0x_api.o
    0x08002faa   0x08002faa   0x00000022   Code   RO         4294    i.VL53L0X_PerformSingleMeasurement  vl53l0x_api.o
    0x08002fcc   0x08002fcc   0x00000034   Code   RO         4295    i.VL53L0X_PerformSingleRangingMeasurement  vl53l0x_api.o
    0x08003000   0x08003000   0x0000000e   Code   RO         3726    i.VL53L0X_PollingDelay  vl53l0x_platform.o
    0x0800300e   0x0800300e   0x00000028   Code   RO         3727    i.VL53L0X_RdByte    vl53l0x_platform.o
    0x08003036   0x08003036   0x00000002   PAD
    0x08003038   0x08003038   0x00000048   Code   RO         3728    i.VL53L0X_RdDWord   vl53l0x_platform.o
    0x08003080   0x08003080   0x0000003c   Code   RO         3729    i.VL53L0X_RdWord    vl53l0x_platform.o
    0x080030bc   0x080030bc   0x00000030   Code   RO         3730    i.VL53L0X_ReadMulti  vl53l0x_platform.o
    0x080030ec   0x080030ec   0x00000008   Code   RO         4299    i.VL53L0X_SetDeviceAddress  vl53l0x_api.o
    0x080030f4   0x080030f4   0x00000024   Code   RO         4300    i.VL53L0X_SetDeviceMode  vl53l0x_api.o
    0x08003118   0x08003118   0x00000138   Code   RO         4303    i.VL53L0X_SetGpioConfig  vl53l0x_api.o
    0x08003250   0x08003250   0x00000082   Code   RO         4308    i.VL53L0X_SetLimitCheckEnable  vl53l0x_api.o
    0x080032d2   0x080032d2   0x00000050   Code   RO         4309    i.VL53L0X_SetLimitCheckValue  vl53l0x_api.o
    0x08003322   0x08003322   0x00000004   Code   RO         4311    i.VL53L0X_SetMeasurementTimingBudgetMicroSeconds  vl53l0x_api.o
    0x08003326   0x08003326   0x00000004   Code   RO         4316    i.VL53L0X_SetRefCalibration  vl53l0x_api.o
    0x0800332a   0x0800332a   0x00000004   Code   RO         4317    i.VL53L0X_SetReferenceSpads  vl53l0x_api.o
    0x0800332e   0x0800332e   0x000000ae   Code   RO         4318    i.VL53L0X_SetSequenceStepEnable  vl53l0x_api.o
    0x080033dc   0x080033dc   0x000000d4   Code   RO         4327    i.VL53L0X_StartMeasurement  vl53l0x_api.o
    0x080034b0   0x080034b0   0x00000174   Code   RO         4328    i.VL53L0X_StaticInit  vl53l0x_api.o
    0x08003624   0x08003624   0x0000002a   Code   RO         3731    i.VL53L0X_UpdateByte  vl53l0x_platform.o
    0x0800364e   0x0800364e   0x00000002   PAD
    0x08003650   0x08003650   0x00000024   Code   RO         3732    i.VL53L0X_WrByte    vl53l0x_platform.o
    0x08003674   0x08003674   0x00000028   Code   RO         3734    i.VL53L0X_WrWord    vl53l0x_platform.o
    0x0800369c   0x0800369c   0x00000038   Code   RO         3735    i.VL53L0X_WriteMulti  vl53l0x_platform.o
    0x080036d4   0x080036d4   0x000000d8   Code   RO         3916    i.VL53L0X_calc_dmax  vl53l0x_api_core.o
    0x080037ac   0x080037ac   0x00000010   Code   RO         3917    i.VL53L0X_calc_macro_period_ps  vl53l0x_api_core.o
    0x080037bc   0x080037bc   0x00000228   Code   RO         3918    i.VL53L0X_calc_sigma_estimate  vl53l0x_api_core.o
    0x080039e4   0x080039e4   0x00000022   Code   RO         3919    i.VL53L0X_calc_timeout_mclks  vl53l0x_api_core.o
    0x08003a06   0x08003a06   0x00000022   Code   RO         3920    i.VL53L0X_calc_timeout_us  vl53l0x_api_core.o
    0x08003a28   0x08003a28   0x0000000c   Code   RO         3921    i.VL53L0X_decode_timeout  vl53l0x_api_core.o
    0x08003a34   0x08003a34   0x00000008   Code   RO         3922    i.VL53L0X_decode_vcsel_period  vl53l0x_api_core.o
    0x08003a3c   0x08003a3c   0x0000004a   Code   RO         3923    i.VL53L0X_device_read_strobe  vl53l0x_api_core.o
    0x08003a86   0x08003a86   0x0000001e   Code   RO         3924    i.VL53L0X_encode_timeout  vl53l0x_api_core.o
    0x08003aa4   0x08003aa4   0x00000528   Code   RO         3926    i.VL53L0X_get_info_from_device  vl53l0x_api_core.o
    0x08003fcc   0x08003fcc   0x000000c4   Code   RO         3927    i.VL53L0X_get_measurement_timing_budget_micro_seconds  vl53l0x_api_core.o
    0x08004090   0x08004090   0x00000032   Code   RO         4079    i.VL53L0X_get_offset_calibration_data_micro_meter  vl53l0x_api_calibration.o
    0x080040c2   0x080040c2   0x00000002   PAD
    0x080040c4   0x080040c4   0x000001e6   Code   RO         3928    i.VL53L0X_get_pal_range_status  vl53l0x_api_core.o
    0x080042aa   0x080042aa   0x0000001c   Code   RO         3929    i.VL53L0X_get_total_signal_rate  vl53l0x_api_core.o
    0x080042c6   0x080042c6   0x0000002e   Code   RO         3930    i.VL53L0X_get_total_xtalk_rate  vl53l0x_api_core.o
    0x080042f4   0x080042f4   0x00000030   Code   RO         3931    i.VL53L0X_get_vcsel_pulse_period  vl53l0x_api_core.o
    0x08004324   0x08004324   0x0000002a   Code   RO         3932    i.VL53L0X_isqrt     vl53l0x_api_core.o
    0x0800434e   0x0800434e   0x00000002   PAD
    0x08004350   0x08004350   0x000000a4   Code   RO         3933    i.VL53L0X_load_tuning_settings  vl53l0x_api_core.o
    0x080043f4   0x080043f4   0x00000036   Code   RO         3934    i.VL53L0X_measurement_poll_for_completion  vl53l0x_api_core.o
    0x0800442a   0x0800442a   0x00000074   Code   RO         4083    i.VL53L0X_perform_phase_calibration  vl53l0x_api_calibration.o
    0x0800449e   0x0800449e   0x00000040   Code   RO         4084    i.VL53L0X_perform_ref_calibration  vl53l0x_api_calibration.o
    0x080044de   0x080044de   0x0000021e   Code   RO         4085    i.VL53L0X_perform_ref_spad_management  vl53l0x_api_calibration.o
    0x080046fc   0x080046fc   0x00000038   Code   RO         4086    i.VL53L0X_perform_single_ref_calibration  vl53l0x_api_calibration.o
    0x08004734   0x08004734   0x00000074   Code   RO         4087    i.VL53L0X_perform_vhv_calibration  vl53l0x_api_calibration.o
    0x080047a8   0x080047a8   0x000000b2   Code   RO         4089    i.VL53L0X_ref_calibration_io  vl53l0x_api_calibration.o
    0x0800485a   0x0800485a   0x000000c2   Code   RO         3937    i.VL53L0X_set_measurement_timing_budget_micro_seconds  vl53l0x_api_core.o
    0x0800491c   0x0800491c   0x00000020   Code   RO         4091    i.VL53L0X_set_ref_calibration  vl53l0x_api_calibration.o
    0x0800493c   0x0800493c   0x000000a6   Code   RO         4092    i.VL53L0X_set_reference_spads  vl53l0x_api_calibration.o
    0x080049e2   0x080049e2   0x00000020   Code   RO         3736    i._I2CRead          vl53l0x_platform.o
    0x08004a02   0x08004a02   0x0000001c   Code   RO         3737    i._I2CWrite         vl53l0x_platform.o
    0x08004a1e   0x08004a1e   0x00000002   PAD
    0x08004a20   0x08004a20   0x00000020   Code   RO         4965    i.__0printf$1       mc_w.l(printf1.o)
    0x08004a40   0x08004a40   0x0000000e   Code   RO         5221    i.__scatterload_copy  mc_w.l(handlers.o)
    0x08004a4e   0x08004a4e   0x00000002   Code   RO         5222    i.__scatterload_null  mc_w.l(handlers.o)
    0x08004a50   0x08004a50   0x0000000e   Code   RO         5223    i.__scatterload_zeroinit  mc_w.l(handlers.o)
    0x08004a5e   0x08004a5e   0x00000002   PAD
    0x08004a60   0x08004a60   0x00000154   Code   RO         4972    i._printf_core      mc_w.l(printf1.o)
    0x08004bb4   0x08004bb4   0x00000094   Code   RO         4094    i.enable_ref_spads  vl53l0x_api_calibration.o
    0x08004c48   0x08004c48   0x0000002a   Code   RO         4095    i.enable_spad_bit   vl53l0x_api_calibration.o
    0x08004c72   0x08004c72   0x00000002   PAD
    0x08004c74   0x08004c74   0x00000018   Code   RO          407    i.fputc             main.o
    0x08004c8c   0x08004c8c   0x0000005c   Code   RO         4096    i.get_next_good_spad  vl53l0x_api_calibration.o
    0x08004ce8   0x08004ce8   0x0000000a   Code   RO         4097    i.get_ref_spad_map  vl53l0x_api_calibration.o
    0x08004cf2   0x08004cf2   0x000000f2   Code   RO         3939    i.get_sequence_step_timeout  vl53l0x_api_core.o
    0x08004de4   0x08004de4   0x000000b0   Code   RO          408    i.initSensor        main.o
    0x08004e94   0x08004e94   0x00000018   Code   RO         4098    i.is_aperture       vl53l0x_api_calibration.o
    0x08004eac   0x08004eac   0x00000270   Code   RO          409    i.main              main.o
    0x0800511c   0x0800511c   0x00000040   Code   RO          160    i.nRF24_Check       nrf24.o
    0x0800515c   0x0800515c   0x00000016   Code   RO          161    i.nRF24_ClearIRQFlags  nrf24.o
    0x08005172   0x08005172   0x00000024   Code   RO          163    i.nRF24_DisableAA   nrf24.o
    0x08005196   0x08005196   0x00000008   Code   RO          165    i.nRF24_FlushRX     nrf24.o
    0x0800519e   0x0800519e   0x00000008   Code   RO          166    i.nRF24_FlushTX     nrf24.o
    0x080051a6   0x080051a6   0x00000002   PAD
    0x080051a8   0x080051a8   0x000000a0   Code   RO          173    i.nRF24_Init        nrf24.o
    0x08005248   0x08005248   0x00000020   Code   RO          371    i.nRF24_LL_RW       nrf24_hal.o
    0x08005268   0x08005268   0x00000040   Code   RO          174    i.nRF24_ReadMBReg   nrf24.o
    0x080052a8   0x080052a8   0x00000034   Code   RO          176    i.nRF24_ReadReg     nrf24.o
    0x080052dc   0x080052dc   0x00000074   Code   RO          178    i.nRF24_SetAddr     nrf24.o
    0x08005350   0x08005350   0x0000000a   Code   RO          179    i.nRF24_SetAddrWidth  nrf24.o
    0x0800535a   0x0800535a   0x0000001e   Code   RO          181    i.nRF24_SetCRCScheme  nrf24.o
    0x08005378   0x08005378   0x0000001a   Code   RO          182    i.nRF24_SetDataRate  nrf24.o
    0x08005392   0x08005392   0x0000001e   Code   RO          183    i.nRF24_SetOperationalMode  nrf24.o
    0x080053b0   0x080053b0   0x00000022   Code   RO          184    i.nRF24_SetPowerMode  nrf24.o
    0x080053d2   0x080053d2   0x00000008   Code   RO          185    i.nRF24_SetRFChannel  nrf24.o
    0x080053da   0x080053da   0x00000002   PAD
    0x080053dc   0x080053dc   0x00000050   Code   RO          186    i.nRF24_SetRXPipe   nrf24.o
    0x0800542c   0x0800542c   0x0000003c   Code   RO          188    i.nRF24_WriteMBReg  nrf24.o
    0x08005468   0x08005468   0x00000054   Code   RO          190    i.nRF24_WriteReg    nrf24.o
    0x080054bc   0x080054bc   0x00000064   Code   RO         4099    i.perform_ref_signal_measurement  vl53l0x_api_calibration.o
    0x08005520   0x08005520   0x00000038   Code   RO         4332    i.sequence_step_enabled  vl53l0x_api.o
    0x08005558   0x08005558   0x0000000a   Code   RO         4100    i.set_ref_spad_map  vl53l0x_api_calibration.o
    0x08005562   0x08005562   0x00000102   Code   RO         3940    i.set_sequence_step_timeout  vl53l0x_api_core.o
    0x08005664   0x08005664   0x00000040   Code   RO          721    i.ssd1306_DrawPixel  ssd1306.o
    0x080056a4   0x080056a4   0x00000020   Code   RO          722    i.ssd1306_Fill      ssd1306.o
    0x080056c4   0x080056c4   0x000000d0   Code   RO          723    i.ssd1306_Init      ssd1306.o
    0x08005794   0x08005794   0x0000000c   Code   RO          724    i.ssd1306_SetCursor  ssd1306.o
    0x080057a0   0x080057a0   0x0000004c   Code   RO          725    i.ssd1306_UpdateScreen  ssd1306.o
    0x080057ec   0x080057ec   0x0000009c   Code   RO          726    i.ssd1306_WriteChar  ssd1306.o
    0x08005888   0x08005888   0x00000024   Code   RO          727    i.ssd1306_WriteCommand  ssd1306.o
    0x080058ac   0x080058ac   0x0000002c   Code   RO          728    i.ssd1306_WriteString  ssd1306.o
    0x080058d8   0x080058d8   0x0000000d   Data   RO          191    .constdata          nrf24.o
    0x080058e5   0x080058e5   0x0000001e   Data   RO          412    .constdata          main.o
    0x08005903   0x08005903   0x00000001   PAD
    0x08005904   0x08005904   0x00000d5c   Data   RO          798    .constdata          fonts.o
    0x08006660   0x08006660   0x00000010   Data   RO         3690    .constdata          system_stm32f1xx.o
    0x08006670   0x08006670   0x00000008   Data   RO         3691    .constdata          system_stm32f1xx.o
    0x08006678   0x08006678   0x00000020   Data   RO         5219    Region$$Table       anon$$obj.o


    Execution Region RW_IRAM1 (Exec base: 0x20000000, Load base: 0x08006698, Size: 0x00000e28, Max: 0x00005000, ABSOLUTE, COMPRESSED[0x00000298])

    Exec Addr    Load Addr    Size         Type   Attr      Idx    E Section Name        Object

    0x20000000   COMPRESSED   0x00000010   Data   RW          417    .data               main.o
    0x20000010   COMPRESSED   0x00000001   Data   RW          418    .data               main.o
    0x20000011   COMPRESSED   0x00000001   PAD
    0x20000012   COMPRESSED   0x00000006   Data   RW          730    .data               ssd1306.o
    0x20000018   COMPRESSED   0x00000008   Data   RW          801    .data               fonts.o
    0x20000020   COMPRESSED   0x0000000c   Data   RW         2820    .data               stm32f1xx_hal.o
    0x2000002c   COMPRESSED   0x00000004   Data   RW         3692    .data               system_stm32f1xx.o
    0x20000030   COMPRESSED   0x00000010   Data   RW         4101    .data               vl53l0x_api_calibration.o
    0x20000040   COMPRESSED   0x000002a9   Data   RW         4333    .data               vl53l0x_api.o
    0x200002e9   COMPRESSED   0x00000003   PAD
    0x200002ec   COMPRESSED   0x00000004   Data   RW         5195    .data               mc_w.l(stdout.o)
    0x200002f0        -       0x000002f8   Zero   RW          411    .bss                main.o
    0x200005e8        -       0x00000400   Zero   RW          729    .bss                ssd1306.o
    0x200009e8        -       0x00000040   Zero   RW         3738    .bss                vl53l0x_platform.o
    0x20000a28        -       0x00000400   Zero   RW            1    STACK               startup_stm32f103xb.o


==============================================================================

Image component sizes


      Code (inc. data)   RO Data    RW Data    ZI Data      Debug   Object Name

         0          0       3420          8          0        966   fonts.o
      1300        164         30         17        760      25092   main.o
         0          0          0          0          0     444208   motorlib.o
       892         56         13          0          0      13364   nrf24.o
        32          6          0          0          0        502   nrf24_hal.o
       628         46          0          6       1024       6237   ssd1306.o
        36          8        236          0       1024        788   startup_stm32f103xb.o
       164         28          0         12          0       5793   stm32f1xx_hal.o
       194         14          0          0          0      25667   stm32f1xx_hal_cortex.o
       152          4          0          0          0       1071   stm32f1xx_hal_dma.o
       480         42          0          0          0       3920   stm32f1xx_hal_gpio.o
      2532         58          0          0          0      14258   stm32f1xx_hal_i2c.o
       568         68          0          0          0       4042   stm32f1xx_hal_msp.o
      1308         98          0          0          0       5136   stm32f1xx_hal_rcc.o
       868          6          0          0          0       5615   stm32f1xx_hal_spi.o
       130          0          0          0          0       1039   stm32f1xx_hal_spi_ex.o
      1536         40          0          0          0      15084   stm32f1xx_hal_tim.o
        84          0          0          0          0       2270   stm32f1xx_hal_tim_ex.o
      1322         10          0          0          0       8871   stm32f1xx_hal_uart.o
        98         24          0          0          0       5349   stm32f1xx_it.o
        72         16         24          4          0       1115   system_stm32f1xx.o
      3106         64          0        681          0      29101   vl53l0x_api.o
      1746          4          0         16          0      16179   vl53l0x_api_calibration.o
      4054         18          0          0          0      24016   vl53l0x_api_core.o
       468         24          0          0         64       8085   vl53l0x_platform.o

    ----------------------------------------------------------------------
     21818        798       3756        748       2872     667768   Object Totals
         0          0         32          0          0          0   (incl. Generated)
        48          0          1          4          0          0   (incl. Padding)

    ----------------------------------------------------------------------

      Code (inc. data)   RO Data    RW Data    ZI Data      Debug   Library Member Name

        94          0          0          0          0          0   __dclz77c.o
         0          0          0          0          0          0   entry.o
         0          0          0          0          0          0   entry10a.o
         0          0          0          0          0          0   entry11a.o
         8          4          0          0          0          0   entry2.o
         4          0          0          0          0          0   entry5.o
         0          0          0          0          0          0   entry7b.o
         0          0          0          0          0          0   entry8b.o
         8          4          0          0          0          0   entry9a.o
        30          0          0          0          0          0   handlers.o
        36          8          0          0          0         68   init.o
        36          0          0          0          0         68   memcpya.o
        36          0          0          0          0        108   memseta.o
       372         14          0          0          0        184   printf1.o
         0          0          0          4          0          0   stdout.o
        18          0          0          0          0         68   strcpy.o
        44          0          0          0          0         80   uidiv.o

    ----------------------------------------------------------------------
       690         30          0          4          0        576   Library Totals
         4          0          0          0          0          0   (incl. Padding)

    ----------------------------------------------------------------------

      Code (inc. data)   RO Data    RW Data    ZI Data      Debug   Library Name

       686         30          0          4          0        576   mc_w.l

    ----------------------------------------------------------------------
       690         30          0          4          0        576   Library Totals

    ----------------------------------------------------------------------

==============================================================================


      Code (inc. data)   RO Data    RW Data    ZI Data      Debug   

     22508        828       3756        752       2872     657500   Grand Totals
     22508        828       3756        664       2872     657500   ELF Image Totals (compressed)
     22508        828       3756        664          0          0   ROM Totals

==============================================================================

    Total RO  Size (Code + RO Data)                26264 (  25.65kB)
    Total RW  Size (RW Data + ZI Data)              3624 (   3.54kB)
    Total ROM Size (Code + RO Data + RW Data)      26928 (  26.30kB)

==============================================================================

